##########################################
# (1) LINK INFORMATION                   #
##########################################
C:\Renesas\NC30WA\V543R00\bin\ln30.exe @C:\ONE_NET_1_6\processors\renesas\hew\app_board\quad_input\Rel_1_6_0_023\quad_input.m16cl

# ID CODE DATA
.ID  "#FFFFFFFFFFFFFF"

# OPTION FUNCTION SELECT REGISTER
.OFSREG  FFH

# LINK FILE INFORMATION
ncrt0 (C:\ONE_NET_1_6\processors\renesas\hew\app_board\quad_input\Rel_1_6_0_023\ncrt0.r30)
	Nov 10 21:00:15 2010

adi (C:\ONE_NET_1_6\processors\renesas\hew\app_board\quad_input\Rel_1_6_0_023\adi.r30)
	Nov 10 21:00:16 2010

client_port_specific (C:\ONE_NET_1_6\processors\renesas\hew\app_board\quad_input\Rel_1_6_0_023\client_port_specific.r30)
	Nov 10 21:00:16 2010

flash (C:\ONE_NET_1_6\processors\renesas\hew\app_board\quad_input\Rel_1_6_0_023\flash.r30)
	Nov 10 21:00:14 2010

hal_adi (C:\ONE_NET_1_6\processors\renesas\hew\app_board\quad_input\Rel_1_6_0_023\hal_adi.r30)
	Nov 10 21:00:13 2010

ona_switch (C:\ONE_NET_1_6\processors\renesas\hew\app_board\quad_input\Rel_1_6_0_023\ona_switch.r30)
	Nov 10 21:00:09 2010

ona_voltage_simple (C:\ONE_NET_1_6\processors\renesas\hew\app_board\quad_input\Rel_1_6_0_023\ona_voltage_simple.r30)
	Nov 10 21:00:09 2010

one_net (C:\ONE_NET_1_6\processors\renesas\hew\app_board\quad_input\Rel_1_6_0_023\one_net.r30)
	Nov 10 21:00:16 2010

one_net_application (C:\ONE_NET_1_6\processors\renesas\hew\app_board\quad_input\Rel_1_6_0_023\one_net_application.r30)
	Nov 10 21:00:09 2010

one_net_client (C:\ONE_NET_1_6\processors\renesas\hew\app_board\quad_input\Rel_1_6_0_023\one_net_client.r30)
	Nov 10 21:00:16 2010

one_net_client_net (C:\ONE_NET_1_6\processors\renesas\hew\app_board\quad_input\Rel_1_6_0_023\one_net_client_net.r30)
	Nov 10 21:00:16 2010

one_net_crc (C:\ONE_NET_1_6\processors\renesas\hew\app_board\quad_input\Rel_1_6_0_023\one_net_crc.r30)
	Nov 10 21:00:12 2010

one_net_encode (C:\ONE_NET_1_6\processors\renesas\hew\app_board\quad_input\Rel_1_6_0_023\one_net_encode.r30)
	Nov 10 21:00:12 2010

one_net_port_specific (C:\ONE_NET_1_6\processors\renesas\hew\app_board\quad_input\Rel_1_6_0_023\one_net_port_specific.r30)
	Nov 10 21:00:16 2010

one_net_prand (C:\ONE_NET_1_6\processors\renesas\hew\app_board\quad_input\Rel_1_6_0_023\one_net_prand.r30)
	Nov 10 21:00:12 2010

one_net_timer (C:\ONE_NET_1_6\processors\renesas\hew\app_board\quad_input\Rel_1_6_0_023\one_net_timer.r30)
	Nov 10 21:00:16 2010

one_net_xtea (C:\ONE_NET_1_6\processors\renesas\hew\app_board\quad_input\Rel_1_6_0_023\one_net_xtea.r30)
	Nov 10 21:00:16 2010

pal (C:\ONE_NET_1_6\processors\renesas\hew\app_board\quad_input\Rel_1_6_0_023\pal.r30)
	Nov 10 21:00:17 2010

simple_input (C:\ONE_NET_1_6\processors\renesas\hew\app_board\quad_input\Rel_1_6_0_023\simple_input.r30)
	Nov 10 21:00:17 2010

tick (C:\ONE_NET_1_6\processors\renesas\hew\app_board\quad_input\Rel_1_6_0_023\tick.r30)
	Nov 10 21:00:14 2010

_i4modu (C:\Renesas\NC30WA\V543R00\lib30\r8clib.lib)
	Feb 15 20:26:28 2007

_i4mulu (C:\Renesas\NC30WA\V543R00\lib30\r8clib.lib)
	Feb 15 20:26:28 2007


##########################################
# (2) SECTION INFORMATION                #
##########################################
# SECTION                        ATR TYPE    START  LENGTH ALIGN MODULENAME
data_SE                          ABS DATA    000400 000000       ncrt0
bss_SE                           REL DATA    000400 000000 2     ncrt0
data_SO                          REL DATA    000400 000000       ncrt0
bss_SO                           REL DATA    000400 000000       ncrt0
data_NE                          REL DATA    000400 000000 2     ncrt0
                                 REL DATA    000400 000042 2     adi
                                 REL DATA    000442 000002 2     client_port_specific
                                 REL DATA    000444 000010 2     one_net
                                 REL DATA    000454 000004 2     one_net_application
                                 REL DATA    000458 00000A 2     one_net_client
                                 REL DATA    000462 000004 2     one_net_prand
                                 REL DATA    000466 000004 2     one_net_timer
                                 REL DATA    00046A 000008 2     simple_input
                                 REL DATA    000472 000004 2     tick
bss_NE                           REL DATA    000476 000000 2     ncrt0
                                 REL DATA    000476 000002 2     adi
                                 REL DATA    000478 00002C 2     one_net_client
                                 REL DATA    0004A4 000002 2     one_net_client_net
                                 REL DATA    0004A6 000004 2     simple_input
data_NO                          REL DATA    0004AA 000000       ncrt0
                                 REL DATA    0004AA 000002       adi
                                 REL DATA    0004AC 00000D       one_net_client
                                 REL DATA    0004B9 00000F       one_net_timer
                                 REL DATA    0004C8 000001       simple_input
bss_NO                           REL DATA    0004C9 000000       ncrt0
                                 REL DATA    0004C9 000001       one_net
                                 REL DATA    0004CA 0000AA       one_net_client
                                 REL DATA    000574 000003       one_net_client_net
stack                            REL DATA    000578 000170 2     ncrt0
rom_NE                           ABS ROMDATA 00C000 000000       ncrt0
                                 REL ROMDATA 00C000 00009C 2     adi
                                 REL ROMDATA 00C09C 000002 2     one_net
                                 REL ROMDATA 00C09E 000002 2     one_net_client
                                 REL ROMDATA 00C0A0 000060 2     one_net_encode
                                 REL ROMDATA 00C100 000004 2     one_net_xtea
                                 REL ROMDATA 00C104 000010 2     simple_input
rom_NO                           REL ROMDATA 00C114 000000       ncrt0
                                 REL ROMDATA 00C114 000004       one_net
                                 REL ROMDATA 00C118 000003       simple_input
data_SEI                         REL ROMDATA 00C11C 000000 2     ncrt0
data_SOI                         REL ROMDATA 00C11C 000000       ncrt0
data_NEI                         REL ROMDATA 00C11C 000000 2     ncrt0
                                 REL ROMDATA 00C11C 000042       adi
                                 REL ROMDATA 00C15E 000002       client_port_specific
                                 REL ROMDATA 00C160 000010       one_net
                                 REL ROMDATA 00C170 000004       one_net_application
                                 REL ROMDATA 00C174 00000A       one_net_client
                                 REL ROMDATA 00C17E 000004       one_net_prand
                                 REL ROMDATA 00C182 000004       one_net_timer
                                 REL ROMDATA 00C186 000008       simple_input
                                 REL ROMDATA 00C18E 000004       tick
data_NOI                         REL ROMDATA 00C192 000000       ncrt0
                                 REL ROMDATA 00C192 000002       adi
                                 REL ROMDATA 00C194 00000D       one_net_client
                                 REL ROMDATA 00C1A1 00000F       one_net_timer
                                 REL ROMDATA 00C1B0 000001       simple_input
program                          REL CODE    00C1B2 000000 2     ncrt0
                                 REL CODE    00C1B2 0003D8       adi
                                 REL CODE    00C58A 00015B       client_port_specific
                                 REL CODE    00C6E5 0000E9       flash
                                 REL CODE    00C7CE 0000A9       hal_adi
                                 REL CODE    00C877 0000EB       ona_switch
                                 REL CODE    00C962 00002A       ona_voltage_simple
                                 REL CODE    00C98C 000D2C       one_net
                                 REL CODE    00D6B8 00010E       one_net_application
                                 REL CODE    00D7C6 0012FD       one_net_client
                                 REL CODE    00EAC3 000702       one_net_client_net
                                 REL CODE    00F1C5 00007F       one_net_crc
                                 REL CODE    00F244 000185       one_net_encode
                                 REL CODE    00F3C9 000163       one_net_port_specific
                                 REL CODE    00F52C 00004A       one_net_prand
                                 REL CODE    00F576 00019D       one_net_timer
                                 REL CODE    00F713 0001CF       one_net_xtea
                                 REL CODE    00F8E2 00004C       pal
                                 REL CODE    00F92E 000301       simple_input
                                 REL CODE    00FC2F 00008D       tick
                                 REL CODE    00FCBC 00004B 2     _i4modu
                                 REL CODE    00FD08 00001C 2     _i4mulu
interrupt                        REL CODE    00FD24 000000 2     ncrt0
                                 REL CODE    00FD24 000091       ncrt0
vector                           ABS ROMDATA 00FEDC 000100       ncrt0
fvector                          ABS ROMDATA 00FFDC 000024       ncrt0
# Total -------------------------------------------------------------------
                                     DATA           0002E7(0000743) Byte(s)
                                     ROMDATA        0002D4(0000724) Byte(s)
                                     CODE           003C03(0015363) Byte(s)

##########################################
# (3) GLOBAL LABEL INFORMATION           #
##########################################
$adi_7025_read     00c440  $clr_status_reg    00c7bc  $delay_100s_us     00fc89
$delay_ms          00fc68  $erase_data_flas   00c756  $exit              00fdb2
$get_client_txn    00dd45  $on_build_admin_   00cb66  $on_build_data_p   00cbda
$on_build_data_r   00ccd1  $on_build_pkt      00cd32  $on_build_respon   00cc85
$on_client_data_   00e546  $on_client_encod   00dca3  $on_client_net_a   00eba6
$on_client_net_d   00ee2f  $on_client_net_i   00ef92  $on_client_net_s   00ee4b
$on_client_net_s   00ee07  $on_client_net_s   00ee6e  $on_client_net_t   00edeb
$on_client_net_u   00ec98  $on_client_send_   00dcc4  $on_client_singl   00e0eb
$on_client_singl   00e261  $on_decode         00f2f8  $on_decrypt        00caa6
$on_encode         00f244  $on_encoded_did_   00c9d6  $on_encrypt        00ca29
$on_is_my_NID      00c9b0  $on_parse_pld      00cded  $on_rx_data_pkt    00cb05
$on_validate_dst   00c9fc  $ona_parse_msg_c   00d6b8  $ona_parse_switc   00c909
$ona_parse_unit_   00d789  $ona_parse_unit_   00d7bd  $ona_parse_unit_   00d79c
$ona_send_switch   00c8cb  $ona_send_switch   00c8e0  $ona_send_switch   00c877
$ona_send_unit_t   00d711  $ona_send_unit_t   00d6e1  $ona_send_unit_t   00d771
$ona_send_unit_t   00d726  $ona_send_voltag   00c962  $one_net           00ce7d
$one_net_byte_st   00f479  $one_net_byte_st   00f4a8  $one_net_client_   00f92e
$one_net_client_   00d8a1  $one_net_client_   00e5a5  $one_net_client_   00fa2a
$one_net_client_   00d7d8  $one_net_client_   00d930  $one_net_client_   00c65d
$one_net_client_   00eac3  $one_net_client_   00fa2a  $one_net_compute   00f1c5
$one_net_copy_to   00d7c6  $one_net_init      00c98c  $one_net_int16_t   00f494
$one_net_int32_t   00f4f5  $one_net_memcmp    00f43c  $one_net_memmove   00f3c9
$one_net_read      00c3b7  $one_net_set_cha   00c2bd  $one_net_set_dat   00c2d6
$one_net_write     00c406  $one_net_xtea_de   00f860  $one_net_xtea_en   00f713
$ont_active        00f5ea  $ont_expired       00f5fb  $ont_get_timer     00f59f
$ont_inactive_or   00f643  $ont_set_timer     00f576  $ont_stop_timer    00f5cf
$read_param        00c58a  $write_data_flas   00c6e5  _BATTERY_THRESHO   00c000
_CHANNEL_SETTING   00c028  _DATA_RATE_SETTI   00c098  _DEV_KEY           00c104
_INIT_REG_VAL      00c004  _ONE_NET_DEVICE_   00c118  _ON_ENCODED_BROA   00c09c
_TX_RF_DATA        000476  _VOLTAGE_THRESHO   00c002  __i4modU           00fcbc
__i4mulU           00fd08  _bit_mask          0004aa  _clr_flash         00c5cf
_dataclk_isr       00c835  _disable_df_writ   00c7b5  _enable_df_write   00c79a
_exit              00fdb2  _flash_erase_che   00c5dd  _get_tick_count    00fc4c
_high_speed_mode   00f8f7  _init_ports        00f8e2  _init_ports_leds   00f8ee
_init_rf_interru   00c7e3  _init_tick         00fc2f  _low_speed_mode    00f91d
_main              00fb94  _master            00c09e  _on_base_param     000452
_on_client_respo   000563  _on_client_send_   00dcba  _on_single_pkt     00048a
_on_single_txn     0004ac  _on_state          000450  _one_net_channel   00c2c7
_one_net_client    00d943  _one_net_client_   00fa1b  _one_net_get_cha   00c2b9
_one_net_look_fo   00c2ed  _one_net_ms_to_t   00f516  _one_net_prand     00f52c
_one_net_send_si   000454  _one_net_tick      00f513  _one_net_tick_to   00f521
_one_net_write_d   00c42c  _polled_tick_upd   00fc55  _processor_sleep   00f8ed
_read_adc          00c296  _read_battery      00c273  _read_revision     00c577
_read_rssi         00c25b  _rx_rf_count       000402  _rx_rf_data        000404
_rx_rf_idx         000400  _tal_init_ports    00c7ce  _tal_init_transc   00c1b2
_tal_turn_on_rec   00c1f7  _tal_turn_on_tra   00c231  _tick_count        000472
_tick_timer_isr    00fcaf  _turn_on_rx_led    00fa41  _turn_on_tx_led    00fa2b
_tx_bit_isr        00c807  _tx_rf_idx         000440  _tx_rf_len         00043e
_update_tick_cou   00fca0  dummy_int          00fdb4  start              00fd24

##########################################
# (4) GLOBAL EQU SYMBOL INFORMATION      #
##########################################
__SB__           00000400  

##########################################
# (5) GLOBAL EQU BIT-SYMBOL INFORMATION  #
##########################################

##########################################
# (6) LOCAL LABEL INFORMATION            #
##########################################
@ ncrt0 ( C:\ONE_NET_1_6\processors\renesas\hew\app_board\quad_input\Rel_1_6_0_023\ncrt0.r30 )
@ adi ( C:\ONE_NET_1_6\processors\renesas\hew\app_board\quad_input\Rel_1_6_0_023\adi.r30 )
@ client_port_specific ( C:\ONE_NET_1_6\processors\renesas\hew\app_board\quad_input\Rel_1_6_0_023\client_port_specific.r30 )
@ flash ( C:\ONE_NET_1_6\processors\renesas\hew\app_board\quad_input\Rel_1_6_0_023\flash.r30 )
@ hal_adi ( C:\ONE_NET_1_6\processors\renesas\hew\app_board\quad_input\Rel_1_6_0_023\hal_adi.r30 )
@ ona_switch ( C:\ONE_NET_1_6\processors\renesas\hew\app_board\quad_input\Rel_1_6_0_023\ona_switch.r30 )
@ ona_voltage_simple ( C:\ONE_NET_1_6\processors\renesas\hew\app_board\quad_input\Rel_1_6_0_023\ona_voltage_simple.r30 )
@ one_net ( C:\ONE_NET_1_6\processors\renesas\hew\app_board\quad_input\Rel_1_6_0_023\one_net.r30 )
@ one_net_application ( C:\ONE_NET_1_6\processors\renesas\hew\app_board\quad_input\Rel_1_6_0_023\one_net_application.r30 )
@ one_net_client ( C:\ONE_NET_1_6\processors\renesas\hew\app_board\quad_input\Rel_1_6_0_023\one_net_client.r30 )
@ one_net_client_net ( C:\ONE_NET_1_6\processors\renesas\hew\app_board\quad_input\Rel_1_6_0_023\one_net_client_net.r30 )
@ one_net_crc ( C:\ONE_NET_1_6\processors\renesas\hew\app_board\quad_input\Rel_1_6_0_023\one_net_crc.r30 )
@ one_net_encode ( C:\ONE_NET_1_6\processors\renesas\hew\app_board\quad_input\Rel_1_6_0_023\one_net_encode.r30 )
@ one_net_port_specific ( C:\ONE_NET_1_6\processors\renesas\hew\app_board\quad_input\Rel_1_6_0_023\one_net_port_specific.r30 )
@ one_net_prand ( C:\ONE_NET_1_6\processors\renesas\hew\app_board\quad_input\Rel_1_6_0_023\one_net_prand.r30 )
@ one_net_timer ( C:\ONE_NET_1_6\processors\renesas\hew\app_board\quad_input\Rel_1_6_0_023\one_net_timer.r30 )
@ one_net_xtea ( C:\ONE_NET_1_6\processors\renesas\hew\app_board\quad_input\Rel_1_6_0_023\one_net_xtea.r30 )
@ pal ( C:\ONE_NET_1_6\processors\renesas\hew\app_board\quad_input\Rel_1_6_0_023\pal.r30 )
@ simple_input ( C:\ONE_NET_1_6\processors\renesas\hew\app_board\quad_input\Rel_1_6_0_023\simple_input.r30 )
@ tick ( C:\ONE_NET_1_6\processors\renesas\hew\app_board\quad_input\Rel_1_6_0_023\tick.r30 )
@ _i4modu ( C:\Renesas\NC30WA\V543R00\lib30\r8clib.lib )
@ _i4mulu ( C:\Renesas\NC30WA\V543R00\lib30\r8clib.lib )

##########################################
# (7) LOCAL EQU SYMBOL INFORMATION       #
##########################################
@ ncrt0 ( C:\ONE_NET_1_6\processors\renesas\hew\app_board\quad_input\Rel_1_6_0_023\ncrt0.r30 )
@ adi ( C:\ONE_NET_1_6\processors\renesas\hew\app_board\quad_input\Rel_1_6_0_023\adi.r30 )
@ client_port_specific ( C:\ONE_NET_1_6\processors\renesas\hew\app_board\quad_input\Rel_1_6_0_023\client_port_specific.r30 )
@ flash ( C:\ONE_NET_1_6\processors\renesas\hew\app_board\quad_input\Rel_1_6_0_023\flash.r30 )
@ hal_adi ( C:\ONE_NET_1_6\processors\renesas\hew\app_board\quad_input\Rel_1_6_0_023\hal_adi.r30 )
@ ona_switch ( C:\ONE_NET_1_6\processors\renesas\hew\app_board\quad_input\Rel_1_6_0_023\ona_switch.r30 )
@ ona_voltage_simple ( C:\ONE_NET_1_6\processors\renesas\hew\app_board\quad_input\Rel_1_6_0_023\ona_voltage_simple.r30 )
@ one_net ( C:\ONE_NET_1_6\processors\renesas\hew\app_board\quad_input\Rel_1_6_0_023\one_net.r30 )
@ one_net_application ( C:\ONE_NET_1_6\processors\renesas\hew\app_board\quad_input\Rel_1_6_0_023\one_net_application.r30 )
@ one_net_client ( C:\ONE_NET_1_6\processors\renesas\hew\app_board\quad_input\Rel_1_6_0_023\one_net_client.r30 )
@ one_net_client_net ( C:\ONE_NET_1_6\processors\renesas\hew\app_board\quad_input\Rel_1_6_0_023\one_net_client_net.r30 )
@ one_net_crc ( C:\ONE_NET_1_6\processors\renesas\hew\app_board\quad_input\Rel_1_6_0_023\one_net_crc.r30 )
@ one_net_encode ( C:\ONE_NET_1_6\processors\renesas\hew\app_board\quad_input\Rel_1_6_0_023\one_net_encode.r30 )
@ one_net_port_specific ( C:\ONE_NET_1_6\processors\renesas\hew\app_board\quad_input\Rel_1_6_0_023\one_net_port_specific.r30 )
@ one_net_prand ( C:\ONE_NET_1_6\processors\renesas\hew\app_board\quad_input\Rel_1_6_0_023\one_net_prand.r30 )
@ one_net_timer ( C:\ONE_NET_1_6\processors\renesas\hew\app_board\quad_input\Rel_1_6_0_023\one_net_timer.r30 )
@ one_net_xtea ( C:\ONE_NET_1_6\processors\renesas\hew\app_board\quad_input\Rel_1_6_0_023\one_net_xtea.r30 )
@ pal ( C:\ONE_NET_1_6\processors\renesas\hew\app_board\quad_input\Rel_1_6_0_023\pal.r30 )
@ simple_input ( C:\ONE_NET_1_6\processors\renesas\hew\app_board\quad_input\Rel_1_6_0_023\simple_input.r30 )
@ tick ( C:\ONE_NET_1_6\processors\renesas\hew\app_board\quad_input\Rel_1_6_0_023\tick.r30 )
@ _i4modu ( C:\Renesas\NC30WA\V543R00\lib30\r8clib.lib )
@ _i4mulu ( C:\Renesas\NC30WA\V543R00\lib30\r8clib.lib )

##########################################
# (8) LOCAL EQU BIT-SYMBOL INFORMATION   #
##########################################
@ ncrt0 ( C:\ONE_NET_1_6\processors\renesas\hew\app_board\quad_input\Rel_1_6_0_023\ncrt0.r30 )
@ adi ( C:\ONE_NET_1_6\processors\renesas\hew\app_board\quad_input\Rel_1_6_0_023\adi.r30 )
@ client_port_specific ( C:\ONE_NET_1_6\processors\renesas\hew\app_board\quad_input\Rel_1_6_0_023\client_port_specific.r30 )
@ flash ( C:\ONE_NET_1_6\processors\renesas\hew\app_board\quad_input\Rel_1_6_0_023\flash.r30 )
@ hal_adi ( C:\ONE_NET_1_6\processors\renesas\hew\app_board\quad_input\Rel_1_6_0_023\hal_adi.r30 )
@ ona_switch ( C:\ONE_NET_1_6\processors\renesas\hew\app_board\quad_input\Rel_1_6_0_023\ona_switch.r30 )
@ ona_voltage_simple ( C:\ONE_NET_1_6\processors\renesas\hew\app_board\quad_input\Rel_1_6_0_023\ona_voltage_simple.r30 )
@ one_net ( C:\ONE_NET_1_6\processors\renesas\hew\app_board\quad_input\Rel_1_6_0_023\one_net.r30 )
@ one_net_application ( C:\ONE_NET_1_6\processors\renesas\hew\app_board\quad_input\Rel_1_6_0_023\one_net_application.r30 )
@ one_net_client ( C:\ONE_NET_1_6\processors\renesas\hew\app_board\quad_input\Rel_1_6_0_023\one_net_client.r30 )
@ one_net_client_net ( C:\ONE_NET_1_6\processors\renesas\hew\app_board\quad_input\Rel_1_6_0_023\one_net_client_net.r30 )
@ one_net_crc ( C:\ONE_NET_1_6\processors\renesas\hew\app_board\quad_input\Rel_1_6_0_023\one_net_crc.r30 )
@ one_net_encode ( C:\ONE_NET_1_6\processors\renesas\hew\app_board\quad_input\Rel_1_6_0_023\one_net_encode.r30 )
@ one_net_port_specific ( C:\ONE_NET_1_6\processors\renesas\hew\app_board\quad_input\Rel_1_6_0_023\one_net_port_specific.r30 )
@ one_net_prand ( C:\ONE_NET_1_6\processors\renesas\hew\app_board\quad_input\Rel_1_6_0_023\one_net_prand.r30 )
@ one_net_timer ( C:\ONE_NET_1_6\processors\renesas\hew\app_board\quad_input\Rel_1_6_0_023\one_net_timer.r30 )
@ one_net_xtea ( C:\ONE_NET_1_6\processors\renesas\hew\app_board\quad_input\Rel_1_6_0_023\one_net_xtea.r30 )
@ pal ( C:\ONE_NET_1_6\processors\renesas\hew\app_board\quad_input\Rel_1_6_0_023\pal.r30 )
@ simple_input ( C:\ONE_NET_1_6\processors\renesas\hew\app_board\quad_input\Rel_1_6_0_023\simple_input.r30 )
@ tick ( C:\ONE_NET_1_6\processors\renesas\hew\app_board\quad_input\Rel_1_6_0_023\tick.r30 )
@ _i4modu ( C:\Renesas\NC30WA\V543R00\lib30\r8clib.lib )
@ _i4mulu ( C:\Renesas\NC30WA\V543R00\lib30\r8clib.lib )

*** Mapping List ***

SECTION                            START      END         SIZE   ALIGN

data_SE
                                  00000400  00000400         0   1
bss_SE
                                  00000400  00000400         0   2
data_SO
                                  00000400  00000400         0   1
bss_SO
                                  00000400  00000400         0   1
data_NE
                                  00000400  00000475        76   2
bss_NE
                                  00000476  000004a9        34   2
data_NO
                                  000004aa  000004c8        1f   1
bss_NO
                                  000004c9  00000576        ae   1
stack
                                  00000578  000006e7       170   2
rom_NE
                                  0000c000  0000c113       114   1
rom_NO
                                  0000c114  0000c11a         7   1
data_SEI
                                  0000c11c  0000c11c         0   2
data_SOI
                                  0000c11c  0000c11c         0   1
data_NEI
                                  0000c11c  0000c191        76   2
data_NOI
                                  0000c192  0000c1b0        1f   1
program
                                  0000c1b2  0000fd23      3b72   2
interrupt
                                  0000fd24  0000fdb4        91   2
vector
                                  0000fedc  0000ffdb       100   1
fvector
                                  0000ffdc  0000ffff        24   1

*** Symbol List ***

SECTION=
FILE=                               START        END    SIZE
  SYMBOL                            ADDR        SIZE    INFO      COUNTS  OPT

SECTION=data_SE
FILE=ncrt0
                                  00000400  00000400         0
  __SB__
                                  00000400         0   none ,g         0

SECTION=data_NE
FILE=C:/ONE_NET_1_6/transceivers/adi/adi
                                  00000400  00000441        42
  _rx_rf_idx
                                  00000400         2   data ,g         0
  _rx_rf_count
                                  00000402         2   data ,g         0
  _rx_rf_data
                                  00000404        3a   data ,g         0
  _tx_rf_len
                                  0000043e         2   data ,g         0
  _tx_rf_idx
                                  00000440         2   data ,g         0

FILE=C:/ONE_NET_1_6/one_net/mac/one_net
                                  00000444  00000453        10
  _on_state
                                  00000450         2   data ,g         0
  _on_base_param
                                  00000452         2   data ,g         0

FILE=C:/ONE_NET_1_6/one_net/app/one_net_application
                                  00000454  00000457         4
  _one_net_send_single
                                  00000454         4   data ,g         0

FILE=C:/ONE_NET_1_6/processors/renesas/src/adi_io_boards/tick
                                  00000472  00000475         4
  _tick_count
                                  00000472         4   data ,g         0

SECTION=bss_NE
FILE=C:/ONE_NET_1_6/transceivers/adi/adi
                                  00000476  00000477         2
  _TX_RF_DATA
                                  00000476         2   data ,g         0

FILE=C:/ONE_NET_1_6/one_net/mac/one_net_client
                                  00000478  000004a3        2c
  _on_single_pkt
                                  0000048a        1a   data ,g         0

SECTION=data_NO
FILE=ncrt0
                                  000004aa  000004aa         0
  _bit_mask
                                  000004aa         1   data ,g         0

FILE=C:/ONE_NET_1_6/one_net/mac/one_net_client
                                  000004ac  000004b8         d
  _on_single_txn
                                  000004ac         9   data ,g         0

SECTION=bss_NO
FILE=C:/ONE_NET_1_6/one_net/mac/one_net_client
                                  000004ca  00000573        aa
  _on_client_response_pkt
                                  00000563        11   data ,g         0

SECTION=rom_NE
FILE=C:/ONE_NET_1_6/transceivers/adi/adi
                                  0000c000  0000c09b        9c
  _INIT_REG_VAL
                                  0000c004        24   data ,g         0
  _CHANNEL_SETTING
                                  0000c028        70   data ,g         0
  _DATA_RATE_SETTING
                                  0000c098         4   data ,g         0
  _BATTERY_THRESHOLD
                                  0000c000         2   data ,g         0
  _VOLTAGE_THRESHOLD
                                  0000c002         2   data ,g         0

FILE=C:/ONE_NET_1_6/one_net/mac/one_net
                                  0000c09c  0000c09d         2
  _ON_ENCODED_BROADCAST_DID
                                  0000c09c         2   data ,g         0

FILE=C:/ONE_NET_1_6/one_net/mac/one_net_client
                                  0000c09e  0000c09f         2
  _master
                                  0000c09e         2   data ,g         0

FILE=C:/ONE_NET_1_6/applications/simple_io_board/simple_input
                                  0000c104  0000c113        10
  _DEV_KEY
                                  0000c104        10   data ,g         0

SECTION=rom_NO
FILE=C:/ONE_NET_1_6/applications/simple_io_board/simple_input
                                  0000c118  0000c11a         3
  _ONE_NET_DEVICE_UNIT_TYPE
                                  0000c118         3   data ,g         0

SECTION=program
FILE=C:/ONE_NET_1_6/transceivers/adi/adi
                                  0000c1b2  0000c589       3d8
  _tal_init_transceiver
                                  0000c1b2        45   func ,g         0
  _tal_turn_on_receiver
                                  0000c1f7        3a   func ,g         0
  _tal_turn_on_transmitter
                                  0000c231        2a   func ,g         0
  _read_rssi
                                  0000c25b        18   func ,g         0
  _read_battery
                                  0000c273        23   func ,g         0
  _read_adc
                                  0000c296        23   func ,g         0
  _one_net_get_channel
                                  0000c2b9         4   func ,g         0
  $one_net_set_channel
                                  0000c2bd         a   func ,g         0
  _one_net_channel_is_clear
                                  0000c2c7         f   func ,g         0
  $one_net_set_data_rate
                                  0000c2d6        17   func ,g         0
  _one_net_look_for_pkt
                                  0000c2ed        ca   func ,g         0
  $one_net_read
                                  0000c3b7        4f   func ,g         0
  $one_net_write
                                  0000c406        26   func ,g         0
  _one_net_write_done
                                  0000c42c        14   func ,g         0
  $adi_7025_read
                                  0000c440        73   func ,g         0
  _read_revision
                                  0000c577        13   func ,g         0

FILE=C:/ONE_NET_1_6/processors/renesas/src/common/client_port_specific
                                  0000c58a  0000c6e4       15b
  $read_param
                                  0000c58a        45   func ,g         0
  _clr_flash
                                  0000c5cf         e   func ,g         0
  _flash_erase_check
                                  0000c5dd        80   func ,g         0
  $one_net_client_save_settings
                                  0000c65d        88   func ,g         0

FILE=C:/ONE_NET_1_6/processors/renesas/src/common/flash
                                  0000c6e5  0000c7cd        e9
  $write_data_flash
                                  0000c6e5        71   func ,g         0
  $erase_data_flash
                                  0000c756        44   func ,g         0
  _enable_df_write
                                  0000c79a        1b   func ,g         0
  _disable_df_write
                                  0000c7b5         7   func ,g         0
  $clr_status_reg
                                  0000c7bc        12   func ,g         0

FILE=C:/ONE_NET_1_6/processors/renesas/src/adi_io_boards/hal_adi
                                  0000c7ce  0000c876        a9
  _tal_init_ports
                                  0000c7ce        15   func ,g         0
  _init_rf_interrupts
                                  0000c7e3        24   func ,g         0
  _tx_bit_isr
                                  0000c807        2e   func ,g         0
  _dataclk_isr
                                  0000c835        42   func ,g         0

FILE=C:/ONE_NET_1_6/one_net/app/ona_switch
                                  0000c877  0000c961        eb
  $ona_send_switch_status
                                  0000c877        54   func ,g         0
  $ona_send_switch_command
                                  0000c8cb        15   func ,g         0
  $ona_send_switch_query
                                  0000c8e0        29   func ,g         0
  $ona_parse_switch
                                  0000c909        59   func ,g         0

FILE=C:/ONE_NET_1_6/one_net/app/ona_voltage_simple
                                  0000c962  0000c98b        2a
  $ona_send_voltage_simple_status
                                  0000c962        2a   func ,g         0

FILE=C:/ONE_NET_1_6/one_net/mac/one_net
                                  0000c98c  0000d6b7       d2c
  $one_net_init
                                  0000c98c        24   func ,g         0
  $on_is_my_NID
                                  0000c9b0        26   func ,g         0
  $on_encoded_did_equal
                                  0000c9d6        26   func ,g         0
  $on_validate_dst_DID
                                  0000c9fc        2d   func ,g         0
  $on_encrypt
                                  0000ca29        7d   func ,g         0
  $on_decrypt
                                  0000caa6        5f   func ,g         0
  $on_rx_data_pkt
                                  0000cb05        61   func ,g         0
  $on_build_admin_pkt
                                  0000cb66        74   func ,g         0
  $on_build_data_pkt
                                  0000cbda        ab   func ,g         0
  $on_build_response_pkt
                                  0000cc85        4c   func ,g         0
  $on_build_data_rate_pkt
                                  0000ccd1        61   func ,g         0
  $on_build_pkt
                                  0000cd32        bb   func ,g         0
  $on_parse_pld
                                  0000cded        90   func ,g         0
  $one_net
                                  0000ce7d       3cf   func ,g         0

FILE=C:/ONE_NET_1_6/one_net/app/one_net_application
                                  0000d6b8  0000d7c5       10e
  $ona_parse_msg_class_and_type
                                  0000d6b8        29   func ,g         0
  $ona_send_unit_type_count_status
                                  0000d6e1        30   func ,g         0
  $ona_send_unit_type_count_query
                                  0000d711        15   func ,g         0
  $ona_send_unit_type_status
                                  0000d726        4b   func ,g         0
  $ona_send_unit_type_query
                                  0000d771        18   func ,g         0
  $ona_parse_unit_type_count
                                  0000d789        13   func ,g         0
  $ona_parse_unit_type_status
                                  0000d79c        21   func ,g         0
  $ona_parse_unit_type_query
                                  0000d7bd         9   func ,g         0

FILE=C:/ONE_NET_1_6/one_net/mac/one_net_client
                                  0000d7c6  0000eac2      12fd
  $one_net_copy_to_nv_param
                                  0000d7c6        12   func ,g         0
  $one_net_client_look_for_invite
                                  0000d7d8        c9   func ,g         0
  $one_net_client_init
                                  0000d8a1        8f   func ,g         0
  $one_net_client_raw_master_did
                                  0000d930        13   func ,g         0
  _one_net_client
                                  0000d943       2cf   func ,g         0
  $on_client_encoded_master_did
                                  0000dca3        17   func ,g         0
  _on_client_send_to_master
                                  0000dcba         a   func ,g         0
  $on_client_send_single
                                  0000dcc4        81   func ,g         0
  $get_client_txn
                                  0000dd45        12   func ,g         0
  $on_client_single_data_hdlr
                                  0000e0eb       176   func ,g         0
  $on_client_single_txn_hdlr
                                  0000e261       18e   func ,g         0
  $on_client_data_rate_hdlr
                                  0000e546        5f   func ,g         0
  $one_net_client_join_network
                                  0000e5a5        d1   func ,g         0

FILE=C:/ONE_NET_1_6/one_net/mac/one_net_client_net
                                  0000eac3  0000f1c4       702
  $one_net_client_send_single
                                  0000eac3        e3   func ,g         0
  $on_client_net_assign_peer
                                  0000eba6        f2   func ,g         0
  $on_client_net_unassign_peer
                                  0000ec98       153   func ,g         0
  $on_client_net_txn_nonce_for_peer
                                  0000edeb        1c   func ,g         0
  $on_client_net_set_peer_txn_nonce
                                  0000ee07        28   func ,g         0
  $on_client_net_data_rate_for_peer
                                  0000ee2f        1c   func ,g         0
  $on_client_net_set_peer_data_rate
                                  0000ee4b        23   func ,g         0
  $on_client_net_single_txn_hdlr
                                  0000ee6e       124   func ,g         0
  $on_client_net_init
                                  0000ef92        79   func ,g         0

FILE=C:/ONE_NET_1_6/one_net/utility/one_net_crc
                                  0000f1c5  0000f243        7f
  $one_net_compute_crc
                                  0000f1c5        7f   func ,g         0

FILE=C:/ONE_NET_1_6/one_net/utility/one_net_encode
                                  0000f244  0000f3c8       185
  $on_encode
                                  0000f244        b4   func ,g         0
  $on_decode
                                  0000f2f8        d1   func ,g         0

FILE=C:/ONE_NET_1_6/processors/renesas/src/common/one_net_port_specific
                                  0000f3c9  0000f52b       163
  $one_net_memmove
                                  0000f3c9        73   func ,g         0
  $one_net_memcmp
                                  0000f43c        3d   func ,g         0
  $one_net_byte_stream_to_int16
                                  0000f479        1b   func ,g         0
  $one_net_int16_to_byte_stream
                                  0000f494        14   func ,g         0
  $one_net_byte_stream_to_int32
                                  0000f4a8        4d   func ,g         0
  $one_net_int32_to_byte_stream
                                  0000f4f5        1e   func ,g         0
  _one_net_tick
                                  0000f513         3   func ,g         0
  _one_net_ms_to_tick
                                  0000f516         b   func ,g         0
  _one_net_tick_to_ms
                                  0000f521         b   func ,g         0

FILE=C:/ONE_NET_1_6/one_net/utility/one_net_prand
                                  0000f52c  0000f575        4a
  _one_net_prand
                                  0000f52c        4a   func ,g         0

FILE=C:/ONE_NET_1_6/one_net/utility/one_net_timer
                                  0000f576  0000f712       19d
  $ont_set_timer
                                  0000f576        29   func ,g         0
  $ont_get_timer
                                  0000f59f        30   func ,g         0
  $ont_stop_timer
                                  0000f5cf        1b   func ,g         0
  $ont_active
                                  0000f5ea        11   func ,g         0
  $ont_expired
                                  0000f5fb        48   func ,g         0
  $ont_inactive_or_expired
                                  0000f643        36   func ,g         0

FILE=C:/ONE_NET_1_6/one_net/utility/one_net_xtea
                                  0000f713  0000f8e1       1cf
  $one_net_xtea_encipher
                                  0000f713       14d   func ,g         0
  $one_net_xtea_decipher
                                  0000f860        82   func ,g         0

FILE=C:/ONE_NET_1_6/processors/renesas/src/adi_io_boards/pal
                                  0000f8e2  0000f92d        4c
  _init_ports
                                  0000f8e2         c   func ,g         0
  _init_ports_leds
                                  0000f8ee         9   func ,g         0
  _high_speed_mode
                                  0000f8f7        26   func ,g         0
  _low_speed_mode
                                  0000f91d        11   func ,g         0
  _processor_sleep
                                  0000f8ed         0   func ,g         0

FILE=C:/ONE_NET_1_6/applications/simple_io_board/simple_input
                                  0000f92e  0000fc2e       301
  $one_net_client_joined_network
                                  0000fa2a         0   func ,g         0
  $one_net_client_handle_single_pkt
                                  0000f92e        ed   func ,g         0
  $one_net_client_single_txn_status
                                  0000fa2a         0   func ,g         0
  _one_net_client_client_remove_device
                                  0000fa1b        10   func ,g         0
  _turn_on_tx_led
                                  0000fa2b        16   func ,g         0
  _turn_on_rx_led
                                  0000fa41        16   func ,g         0
  _main
                                  0000fb94        9b   func ,g         0

FILE=C:/ONE_NET_1_6/processors/renesas/src/adi_io_boards/tick
                                  0000fc2f  0000fcbb        8d
  _init_tick
                                  0000fc2f        1d   func ,g         0
  _get_tick_count
                                  0000fc4c         9   func ,g         0
  _polled_tick_update
                                  0000fc55        13   func ,g         0
  $delay_ms
                                  0000fc68        21   func ,g         0
  $delay_100s_us
                                  0000fc89        17   func ,g         0
  _update_tick_count
                                  0000fca0         f   func ,g         0
  _tick_timer_isr
                                  0000fcaf         d   func ,g         0

FILE=_i4modu
                                  0000fcbc  0000fd06        4b
  __i4modU
                                  0000fcbc        4b   func ,g         0

FILE=_i4mulu
                                  0000fd08  0000fd23        1c
  __i4mulU
                                  0000fd08        1c   func ,g         0

SECTION=interrupt
FILE=ncrt0
                                  0000fd24  0000fdb4        91
  $exit
                                  0000fdb2         0   none ,g         0
  _exit
                                  0000fdb2         0   none ,g         0
  dummy_int
                                  0000fdb4         0   none ,g         0

