##########################################
# (1) LINK INFORMATION                   #
##########################################
C:\Renesas\NC30WA\V543R00\bin\ln30.exe @C:\ONE_NET\processors\renesas\hew\app_board\dual_relay_output\Rel_1_6_1_024\dual_relay_output.m16cl

# ID CODE DATA
.ID  "#FFFFFFFFFFFFFF"

# OPTION FUNCTION SELECT REGISTER
.OFSREG  FFH

# LINK FILE INFORMATION
ncrt0 (C:\ONE_NET\processors\renesas\hew\app_board\dual_relay_output\Rel_1_6_1_024\ncrt0.r30)
	Dec 28 13:43:15 2010

adi (C:\ONE_NET\processors\renesas\hew\app_board\dual_relay_output\Rel_1_6_1_024\adi.r30)
	Dec 28 13:43:15 2010

client_port_specific (C:\ONE_NET\processors\renesas\hew\app_board\dual_relay_output\Rel_1_6_1_024\client_port_specific.r30)
	Dec 28 13:43:15 2010

flash (C:\ONE_NET\processors\renesas\hew\app_board\dual_relay_output\Rel_1_6_1_024\flash.r30)
	Dec 28 13:43:14 2010

hal_adi (C:\ONE_NET\processors\renesas\hew\app_board\dual_relay_output\Rel_1_6_1_024\hal_adi.r30)
	Dec 28 13:43:12 2010

ona_switch (C:\ONE_NET\processors\renesas\hew\app_board\dual_relay_output\Rel_1_6_1_024\ona_switch.r30)
	Dec 28 13:43:08 2010

ona_voltage_simple (C:\ONE_NET\processors\renesas\hew\app_board\dual_relay_output\Rel_1_6_1_024\ona_voltage_simple.r30)
	Dec 28 13:43:08 2010

one_net (C:\ONE_NET\processors\renesas\hew\app_board\dual_relay_output\Rel_1_6_1_024\one_net.r30)
	Dec 28 13:43:15 2010

one_net_application (C:\ONE_NET\processors\renesas\hew\app_board\dual_relay_output\Rel_1_6_1_024\one_net_application.r30)
	Dec 28 13:43:08 2010

one_net_client (C:\ONE_NET\processors\renesas\hew\app_board\dual_relay_output\Rel_1_6_1_024\one_net_client.r30)
	Dec 28 13:43:16 2010

one_net_client_net (C:\ONE_NET\processors\renesas\hew\app_board\dual_relay_output\Rel_1_6_1_024\one_net_client_net.r30)
	Dec 28 13:43:16 2010

one_net_crc (C:\ONE_NET\processors\renesas\hew\app_board\dual_relay_output\Rel_1_6_1_024\one_net_crc.r30)
	Dec 28 13:43:11 2010

one_net_encode (C:\ONE_NET\processors\renesas\hew\app_board\dual_relay_output\Rel_1_6_1_024\one_net_encode.r30)
	Dec 28 13:43:11 2010

one_net_port_specific (C:\ONE_NET\processors\renesas\hew\app_board\dual_relay_output\Rel_1_6_1_024\one_net_port_specific.r30)
	Dec 28 13:43:16 2010

one_net_prand (C:\ONE_NET\processors\renesas\hew\app_board\dual_relay_output\Rel_1_6_1_024\one_net_prand.r30)
	Dec 28 13:43:12 2010

one_net_timer (C:\ONE_NET\processors\renesas\hew\app_board\dual_relay_output\Rel_1_6_1_024\one_net_timer.r30)
	Dec 28 13:43:16 2010

one_net_xtea (C:\ONE_NET\processors\renesas\hew\app_board\dual_relay_output\Rel_1_6_1_024\one_net_xtea.r30)
	Dec 28 13:43:16 2010

pal (C:\ONE_NET\processors\renesas\hew\app_board\dual_relay_output\Rel_1_6_1_024\pal.r30)
	Dec 28 13:43:16 2010

simple_output (C:\ONE_NET\processors\renesas\hew\app_board\dual_relay_output\Rel_1_6_1_024\simple_output.r30)
	Dec 28 13:43:16 2010

tick (C:\ONE_NET\processors\renesas\hew\app_board\dual_relay_output\Rel_1_6_1_024\tick.r30)
	Dec 28 13:43:13 2010

_i4modu (C:\Renesas\NC30WA\V543R00\lib30\r8clib.lib)
	Feb 15 20:26:28 2007

_i4mulu (C:\Renesas\NC30WA\V543R00\lib30\r8clib.lib)
	Feb 15 20:26:28 2007


##########################################
# (2) SECTION INFORMATION                #
##########################################
# SECTION                        ATR TYPE    START  LENGTH ALIGN MODULENAME
data_SE                          ABS DATA    000400 000000       ncrt0
bss_SE                           REL DATA    000400 000000 2     ncrt0
data_SO                          REL DATA    000400 000000       ncrt0
bss_SO                           REL DATA    000400 000000       ncrt0
data_NE                          REL DATA    000400 000000 2     ncrt0
                                 REL DATA    000400 000042 2     adi
                                 REL DATA    000442 000002 2     client_port_specific
                                 REL DATA    000444 000010 2     one_net
                                 REL DATA    000454 000004 2     one_net_application
                                 REL DATA    000458 00000A 2     one_net_client
                                 REL DATA    000462 000004 2     one_net_prand
                                 REL DATA    000466 000004 2     one_net_timer
                                 REL DATA    00046A 000008 2     simple_output
                                 REL DATA    000472 000004 2     tick
bss_NE                           REL DATA    000476 000000 2     ncrt0
                                 REL DATA    000476 000002 2     adi
                                 REL DATA    000478 00002C 2     one_net_client
                                 REL DATA    0004A4 000002 2     one_net_client_net
data_NO                          REL DATA    0004A6 000000       ncrt0
                                 REL DATA    0004A6 000002       adi
                                 REL DATA    0004A8 00000D       one_net_client
                                 REL DATA    0004B5 00000F       one_net_timer
                                 REL DATA    0004C4 000001       simple_output
bss_NO                           REL DATA    0004C5 000000       ncrt0
                                 REL DATA    0004C5 000001       one_net
                                 REL DATA    0004C6 000072       one_net_client
                                 REL DATA    000538 000003       one_net_client_net
stack                            REL DATA    00053C 000170 2     ncrt0
rom_NE                           ABS ROMDATA 00C000 000000       ncrt0
                                 REL ROMDATA 00C000 00009C 2     adi
                                 REL ROMDATA 00C09C 000002 2     one_net
                                 REL ROMDATA 00C09E 000002 2     one_net_client
                                 REL ROMDATA 00C0A0 000060 2     one_net_encode
                                 REL ROMDATA 00C100 000004 2     one_net_xtea
                                 REL ROMDATA 00C104 000010 2     simple_output
rom_NO                           REL ROMDATA 00C114 000000       ncrt0
                                 REL ROMDATA 00C114 000004       one_net
                                 REL ROMDATA 00C118 000003       simple_output
data_SEI                         REL ROMDATA 00C11C 000000 2     ncrt0
data_SOI                         REL ROMDATA 00C11C 000000       ncrt0
data_NEI                         REL ROMDATA 00C11C 000000 2     ncrt0
                                 REL ROMDATA 00C11C 000042       adi
                                 REL ROMDATA 00C15E 000002       client_port_specific
                                 REL ROMDATA 00C160 000010       one_net
                                 REL ROMDATA 00C170 000004       one_net_application
                                 REL ROMDATA 00C174 00000A       one_net_client
                                 REL ROMDATA 00C17E 000004       one_net_prand
                                 REL ROMDATA 00C182 000004       one_net_timer
                                 REL ROMDATA 00C186 000008       simple_output
                                 REL ROMDATA 00C18E 000004       tick
data_NOI                         REL ROMDATA 00C192 000000       ncrt0
                                 REL ROMDATA 00C192 000002       adi
                                 REL ROMDATA 00C194 00000D       one_net_client
                                 REL ROMDATA 00C1A1 00000F       one_net_timer
                                 REL ROMDATA 00C1B0 000001       simple_output
program                          REL CODE    00C1B2 000000 2     ncrt0
                                 REL CODE    00C1B2 0003D8       adi
                                 REL CODE    00C58A 00012C       client_port_specific
                                 REL CODE    00C6B6 0000E9       flash
                                 REL CODE    00C79F 0000A9       hal_adi
                                 REL CODE    00C848 0000EB       ona_switch
                                 REL CODE    00C933 00002A       ona_voltage_simple
                                 REL CODE    00C95D 000D2C       one_net
                                 REL CODE    00D689 00010E       one_net_application
                                 REL CODE    00D797 0012FD       one_net_client
                                 REL CODE    00EA94 000700       one_net_client_net
                                 REL CODE    00F194 00007F       one_net_crc
                                 REL CODE    00F213 000185       one_net_encode
                                 REL CODE    00F398 000163       one_net_port_specific
                                 REL CODE    00F4FB 00004A       one_net_prand
                                 REL CODE    00F545 00019D       one_net_timer
                                 REL CODE    00F6E2 0001CF       one_net_xtea
                                 REL CODE    00F8B1 000050       pal
                                 REL CODE    00F901 00023C       simple_output
                                 REL CODE    00FB3D 00008D       tick
                                 REL CODE    00FBCA 00004B 2     _i4modu
                                 REL CODE    00FC16 00001C 2     _i4mulu
interrupt                        REL CODE    00FC32 000000 2     ncrt0
                                 REL CODE    00FC32 000091       ncrt0
vector                           ABS ROMDATA 00FEDC 000100       ncrt0
fvector                          ABS ROMDATA 00FFDC 000024       ncrt0
# Total -------------------------------------------------------------------
                                     DATA           0002AB(0000683) Byte(s)
                                     ROMDATA        0002D4(0000724) Byte(s)
                                     CODE           003B11(0015121) Byte(s)

##########################################
# (3) GLOBAL LABEL INFORMATION           #
##########################################
$adi_7025_read     00c440  $clr_status_reg    00c78d  $delay_100s_us     00fb97
$delay_ms          00fb76  $erase_data_flas   00c727  $exit              00fcc0
$get_client_txn    00dd16  $on_build_admin_   00cb37  $on_build_data_p   00cbab
$on_build_data_r   00cca2  $on_build_pkt      00cd03  $on_build_respon   00cc56
$on_client_data_   00e517  $on_client_encod   00dc74  $on_client_net_a   00eb77
$on_client_net_d   00ee00  $on_client_net_i   00ef63  $on_client_net_s   00ee1c
$on_client_net_s   00edd8  $on_client_net_s   00ee3f  $on_client_net_t   00edbc
$on_client_net_u   00ec69  $on_client_send_   00dc95  $on_client_singl   00e0bc
$on_client_singl   00e232  $on_decode         00f2c7  $on_decrypt        00ca77
$on_encode         00f213  $on_encoded_did_   00c9a7  $on_encrypt        00c9fa
$on_is_my_NID      00c981  $on_parse_pld      00cdbe  $on_rx_data_pkt    00cad6
$on_validate_dst   00c9cd  $ona_parse_msg_c   00d689  $ona_parse_switc   00c8da
$ona_parse_unit_   00d75a  $ona_parse_unit_   00d78e  $ona_parse_unit_   00d76d
$ona_send_switch   00c89c  $ona_send_switch   00c8b1  $ona_send_switch   00c848
$ona_send_unit_t   00d6e2  $ona_send_unit_t   00d6b2  $ona_send_unit_t   00d742
$ona_send_unit_t   00d6f7  $ona_send_voltag   00c933  $one_net           00ce4e
$one_net_byte_st   00f448  $one_net_byte_st   00f477  $one_net_client_   00f901
$one_net_client_   00d872  $one_net_client_   00e576  $one_net_client_   00fa20
$one_net_client_   00d7a9  $one_net_client_   00d901  $one_net_client_   00c62e
$one_net_client_   00ea94  $one_net_client_   00fa20  $one_net_compute   00f194
$one_net_copy_to   00d797  $one_net_init      00c95d  $one_net_int16_t   00f463
$one_net_int32_t   00f4c4  $one_net_memcmp    00f40b  $one_net_memmove   00f398
$one_net_read      00c3b7  $one_net_set_cha   00c2bd  $one_net_set_dat   00c2d6
$one_net_write     00c406  $one_net_xtea_de   00f82f  $one_net_xtea_en   00f6e2
$ont_active        00f5b9  $ont_expired       00f5ca  $ont_get_timer     00f56e
$ont_inactive_or   00f612  $ont_set_timer     00f545  $ont_stop_timer    00f59e
$read_param        00c58a  $write_data_flas   00c6b6  _BATTERY_THRESHO   00c000
_CHANNEL_SETTING   00c028  _DATA_RATE_SETTI   00c098  _DEV_KEY           00c104
_INIT_REG_VAL      00c004  _ONE_NET_DEVICE_   00c118  _ON_ENCODED_BROA   00c09c
_TX_RF_DATA        000476  _VOLTAGE_THRESHO   00c002  __i4modU           00fbca
__i4mulU           00fc16  _bit_mask          0004a6  _clr_flash         00c5cf
_dataclk_isr       00c806  _disable_df_writ   00c786  _enable_df_write   00c76b
_exit              00fcc0  _flash_erase_che   00c5dd  _get_tick_count    00fb5a
_high_speed_mode   00f8ca  _init_ports        00f8b1  _init_ports_leds   00f8c1
_init_rf_interru   00c7b4  _init_tick         00fb3d  _low_speed_mode    00f8f0
_main              00fab2  _master            00c09e  _on_base_param     000452
_on_client_respo   000527  _on_client_send_   00dc8b  _on_single_pkt     00048a
_on_single_txn     0004a8  _on_state          000450  _one_net_channel   00c2c7
_one_net_client    00d914  _one_net_client_   00fa11  _one_net_get_cha   00c2b9
_one_net_look_fo   00c2ed  _one_net_ms_to_t   00f4e5  _one_net_prand     00f4fb
_one_net_send_si   000454  _one_net_tick      00f4e2  _one_net_tick_to   00f4f0
_one_net_write_d   00c42c  _polled_tick_upd   00fb63  _processor_sleep   00f8c0
_read_adc          00c296  _read_battery      00c273  _read_revision     00c577
_read_rssi         00c25b  _rx_rf_count       000402  _rx_rf_data        000404
_rx_rf_idx         000400  _tal_init_ports    00c79f  _tal_init_transc   00c1b2
_tal_turn_on_rec   00c1f7  _tal_turn_on_tra   00c231  _tick_count        000472
_tick_timer_isr    00fbbd  _turn_on_rx_led    00fa37  _turn_on_tx_led    00fa21
_tx_bit_isr        00c7d8  _tx_rf_idx         000440  _tx_rf_len         00043e
_update_tick_cou   00fbae  dummy_int          00fcc2  start              00fc32

##########################################
# (4) GLOBAL EQU SYMBOL INFORMATION      #
##########################################
__SB__           00000400  

##########################################
# (5) GLOBAL EQU BIT-SYMBOL INFORMATION  #
##########################################

##########################################
# (6) LOCAL LABEL INFORMATION            #
##########################################
@ ncrt0 ( C:\ONE_NET\processors\renesas\hew\app_board\dual_relay_output\Rel_1_6_1_024\ncrt0.r30 )
@ adi ( C:\ONE_NET\processors\renesas\hew\app_board\dual_relay_output\Rel_1_6_1_024\adi.r30 )
@ client_port_specific ( C:\ONE_NET\processors\renesas\hew\app_board\dual_relay_output\Rel_1_6_1_024\client_port_specific.r30 )
@ flash ( C:\ONE_NET\processors\renesas\hew\app_board\dual_relay_output\Rel_1_6_1_024\flash.r30 )
@ hal_adi ( C:\ONE_NET\processors\renesas\hew\app_board\dual_relay_output\Rel_1_6_1_024\hal_adi.r30 )
@ ona_switch ( C:\ONE_NET\processors\renesas\hew\app_board\dual_relay_output\Rel_1_6_1_024\ona_switch.r30 )
@ ona_voltage_simple ( C:\ONE_NET\processors\renesas\hew\app_board\dual_relay_output\Rel_1_6_1_024\ona_voltage_simple.r30 )
@ one_net ( C:\ONE_NET\processors\renesas\hew\app_board\dual_relay_output\Rel_1_6_1_024\one_net.r30 )
@ one_net_application ( C:\ONE_NET\processors\renesas\hew\app_board\dual_relay_output\Rel_1_6_1_024\one_net_application.r30 )
@ one_net_client ( C:\ONE_NET\processors\renesas\hew\app_board\dual_relay_output\Rel_1_6_1_024\one_net_client.r30 )
@ one_net_client_net ( C:\ONE_NET\processors\renesas\hew\app_board\dual_relay_output\Rel_1_6_1_024\one_net_client_net.r30 )
@ one_net_crc ( C:\ONE_NET\processors\renesas\hew\app_board\dual_relay_output\Rel_1_6_1_024\one_net_crc.r30 )
@ one_net_encode ( C:\ONE_NET\processors\renesas\hew\app_board\dual_relay_output\Rel_1_6_1_024\one_net_encode.r30 )
@ one_net_port_specific ( C:\ONE_NET\processors\renesas\hew\app_board\dual_relay_output\Rel_1_6_1_024\one_net_port_specific.r30 )
@ one_net_prand ( C:\ONE_NET\processors\renesas\hew\app_board\dual_relay_output\Rel_1_6_1_024\one_net_prand.r30 )
@ one_net_timer ( C:\ONE_NET\processors\renesas\hew\app_board\dual_relay_output\Rel_1_6_1_024\one_net_timer.r30 )
@ one_net_xtea ( C:\ONE_NET\processors\renesas\hew\app_board\dual_relay_output\Rel_1_6_1_024\one_net_xtea.r30 )
@ pal ( C:\ONE_NET\processors\renesas\hew\app_board\dual_relay_output\Rel_1_6_1_024\pal.r30 )
@ simple_output ( C:\ONE_NET\processors\renesas\hew\app_board\dual_relay_output\Rel_1_6_1_024\simple_output.r30 )
@ tick ( C:\ONE_NET\processors\renesas\hew\app_board\dual_relay_output\Rel_1_6_1_024\tick.r30 )
@ _i4modu ( C:\Renesas\NC30WA\V543R00\lib30\r8clib.lib )
@ _i4mulu ( C:\Renesas\NC30WA\V543R00\lib30\r8clib.lib )

##########################################
# (7) LOCAL EQU SYMBOL INFORMATION       #
##########################################
@ ncrt0 ( C:\ONE_NET\processors\renesas\hew\app_board\dual_relay_output\Rel_1_6_1_024\ncrt0.r30 )
@ adi ( C:\ONE_NET\processors\renesas\hew\app_board\dual_relay_output\Rel_1_6_1_024\adi.r30 )
@ client_port_specific ( C:\ONE_NET\processors\renesas\hew\app_board\dual_relay_output\Rel_1_6_1_024\client_port_specific.r30 )
@ flash ( C:\ONE_NET\processors\renesas\hew\app_board\dual_relay_output\Rel_1_6_1_024\flash.r30 )
@ hal_adi ( C:\ONE_NET\processors\renesas\hew\app_board\dual_relay_output\Rel_1_6_1_024\hal_adi.r30 )
@ ona_switch ( C:\ONE_NET\processors\renesas\hew\app_board\dual_relay_output\Rel_1_6_1_024\ona_switch.r30 )
@ ona_voltage_simple ( C:\ONE_NET\processors\renesas\hew\app_board\dual_relay_output\Rel_1_6_1_024\ona_voltage_simple.r30 )
@ one_net ( C:\ONE_NET\processors\renesas\hew\app_board\dual_relay_output\Rel_1_6_1_024\one_net.r30 )
@ one_net_application ( C:\ONE_NET\processors\renesas\hew\app_board\dual_relay_output\Rel_1_6_1_024\one_net_application.r30 )
@ one_net_client ( C:\ONE_NET\processors\renesas\hew\app_board\dual_relay_output\Rel_1_6_1_024\one_net_client.r30 )
@ one_net_client_net ( C:\ONE_NET\processors\renesas\hew\app_board\dual_relay_output\Rel_1_6_1_024\one_net_client_net.r30 )
@ one_net_crc ( C:\ONE_NET\processors\renesas\hew\app_board\dual_relay_output\Rel_1_6_1_024\one_net_crc.r30 )
@ one_net_encode ( C:\ONE_NET\processors\renesas\hew\app_board\dual_relay_output\Rel_1_6_1_024\one_net_encode.r30 )
@ one_net_port_specific ( C:\ONE_NET\processors\renesas\hew\app_board\dual_relay_output\Rel_1_6_1_024\one_net_port_specific.r30 )
@ one_net_prand ( C:\ONE_NET\processors\renesas\hew\app_board\dual_relay_output\Rel_1_6_1_024\one_net_prand.r30 )
@ one_net_timer ( C:\ONE_NET\processors\renesas\hew\app_board\dual_relay_output\Rel_1_6_1_024\one_net_timer.r30 )
@ one_net_xtea ( C:\ONE_NET\processors\renesas\hew\app_board\dual_relay_output\Rel_1_6_1_024\one_net_xtea.r30 )
@ pal ( C:\ONE_NET\processors\renesas\hew\app_board\dual_relay_output\Rel_1_6_1_024\pal.r30 )
@ simple_output ( C:\ONE_NET\processors\renesas\hew\app_board\dual_relay_output\Rel_1_6_1_024\simple_output.r30 )
@ tick ( C:\ONE_NET\processors\renesas\hew\app_board\dual_relay_output\Rel_1_6_1_024\tick.r30 )
@ _i4modu ( C:\Renesas\NC30WA\V543R00\lib30\r8clib.lib )
@ _i4mulu ( C:\Renesas\NC30WA\V543R00\lib30\r8clib.lib )

##########################################
# (8) LOCAL EQU BIT-SYMBOL INFORMATION   #
##########################################
@ ncrt0 ( C:\ONE_NET\processors\renesas\hew\app_board\dual_relay_output\Rel_1_6_1_024\ncrt0.r30 )
@ adi ( C:\ONE_NET\processors\renesas\hew\app_board\dual_relay_output\Rel_1_6_1_024\adi.r30 )
@ client_port_specific ( C:\ONE_NET\processors\renesas\hew\app_board\dual_relay_output\Rel_1_6_1_024\client_port_specific.r30 )
@ flash ( C:\ONE_NET\processors\renesas\hew\app_board\dual_relay_output\Rel_1_6_1_024\flash.r30 )
@ hal_adi ( C:\ONE_NET\processors\renesas\hew\app_board\dual_relay_output\Rel_1_6_1_024\hal_adi.r30 )
@ ona_switch ( C:\ONE_NET\processors\renesas\hew\app_board\dual_relay_output\Rel_1_6_1_024\ona_switch.r30 )
@ ona_voltage_simple ( C:\ONE_NET\processors\renesas\hew\app_board\dual_relay_output\Rel_1_6_1_024\ona_voltage_simple.r30 )
@ one_net ( C:\ONE_NET\processors\renesas\hew\app_board\dual_relay_output\Rel_1_6_1_024\one_net.r30 )
@ one_net_application ( C:\ONE_NET\processors\renesas\hew\app_board\dual_relay_output\Rel_1_6_1_024\one_net_application.r30 )
@ one_net_client ( C:\ONE_NET\processors\renesas\hew\app_board\dual_relay_output\Rel_1_6_1_024\one_net_client.r30 )
@ one_net_client_net ( C:\ONE_NET\processors\renesas\hew\app_board\dual_relay_output\Rel_1_6_1_024\one_net_client_net.r30 )
@ one_net_crc ( C:\ONE_NET\processors\renesas\hew\app_board\dual_relay_output\Rel_1_6_1_024\one_net_crc.r30 )
@ one_net_encode ( C:\ONE_NET\processors\renesas\hew\app_board\dual_relay_output\Rel_1_6_1_024\one_net_encode.r30 )
@ one_net_port_specific ( C:\ONE_NET\processors\renesas\hew\app_board\dual_relay_output\Rel_1_6_1_024\one_net_port_specific.r30 )
@ one_net_prand ( C:\ONE_NET\processors\renesas\hew\app_board\dual_relay_output\Rel_1_6_1_024\one_net_prand.r30 )
@ one_net_timer ( C:\ONE_NET\processors\renesas\hew\app_board\dual_relay_output\Rel_1_6_1_024\one_net_timer.r30 )
@ one_net_xtea ( C:\ONE_NET\processors\renesas\hew\app_board\dual_relay_output\Rel_1_6_1_024\one_net_xtea.r30 )
@ pal ( C:\ONE_NET\processors\renesas\hew\app_board\dual_relay_output\Rel_1_6_1_024\pal.r30 )
@ simple_output ( C:\ONE_NET\processors\renesas\hew\app_board\dual_relay_output\Rel_1_6_1_024\simple_output.r30 )
@ tick ( C:\ONE_NET\processors\renesas\hew\app_board\dual_relay_output\Rel_1_6_1_024\tick.r30 )
@ _i4modu ( C:\Renesas\NC30WA\V543R00\lib30\r8clib.lib )
@ _i4mulu ( C:\Renesas\NC30WA\V543R00\lib30\r8clib.lib )

*** Mapping List ***

SECTION                            START      END         SIZE   ALIGN

data_SE
                                  00000400  00000400         0   1
bss_SE
                                  00000400  00000400         0   2
data_SO
                                  00000400  00000400         0   1
bss_SO
                                  00000400  00000400         0   1
data_NE
                                  00000400  00000475        76   2
bss_NE
                                  00000476  000004a5        30   2
data_NO
                                  000004a6  000004c4        1f   1
bss_NO
                                  000004c5  0000053a        76   1
stack
                                  0000053c  000006ab       170   2
rom_NE
                                  0000c000  0000c113       114   1
rom_NO
                                  0000c114  0000c11a         7   1
data_SEI
                                  0000c11c  0000c11c         0   2
data_SOI
                                  0000c11c  0000c11c         0   1
data_NEI
                                  0000c11c  0000c191        76   2
data_NOI
                                  0000c192  0000c1b0        1f   1
program
                                  0000c1b2  0000fc31      3a80   2
interrupt
                                  0000fc32  0000fcc2        91   2
vector
                                  0000fedc  0000ffdb       100   1
fvector
                                  0000ffdc  0000ffff        24   1

*** Symbol List ***

SECTION=
FILE=                               START        END    SIZE
  SYMBOL                            ADDR        SIZE    INFO      COUNTS  OPT

SECTION=data_SE
FILE=ncrt0
                                  00000400  00000400         0
  __SB__
                                  00000400         0   none ,g         0

SECTION=data_NE
FILE=C:/ONE_NET/transceivers/adi/adi
                                  00000400  00000441        42
  _rx_rf_idx
                                  00000400         2   data ,g         0
  _rx_rf_count
                                  00000402         2   data ,g         0
  _rx_rf_data
                                  00000404        3a   data ,g         0
  _tx_rf_len
                                  0000043e         2   data ,g         0
  _tx_rf_idx
                                  00000440         2   data ,g         0

FILE=C:/ONE_NET/one_net/mac/one_net
                                  00000444  00000453        10
  _on_state
                                  00000450         2   data ,g         0
  _on_base_param
                                  00000452         2   data ,g         0

FILE=C:/ONE_NET/one_net/app/one_net_application
                                  00000454  00000457         4
  _one_net_send_single
                                  00000454         4   data ,g         0

FILE=C:/ONE_NET/processors/renesas/src/adi_io_boards/tick
                                  00000472  00000475         4
  _tick_count
                                  00000472         4   data ,g         0

SECTION=bss_NE
FILE=C:/ONE_NET/transceivers/adi/adi
                                  00000476  00000477         2
  _TX_RF_DATA
                                  00000476         2   data ,g         0

FILE=C:/ONE_NET/one_net/mac/one_net_client
                                  00000478  000004a3        2c
  _on_single_pkt
                                  0000048a        1a   data ,g         0

SECTION=data_NO
FILE=ncrt0
                                  000004a6  000004a6         0
  _bit_mask
                                  000004a6         1   data ,g         0

FILE=C:/ONE_NET/one_net/mac/one_net_client
                                  000004a8  000004b4         d
  _on_single_txn
                                  000004a8         9   data ,g         0

SECTION=bss_NO
FILE=C:/ONE_NET/one_net/mac/one_net_client
                                  000004c6  00000537        72
  _on_client_response_pkt
                                  00000527        11   data ,g         0

SECTION=rom_NE
FILE=C:/ONE_NET/transceivers/adi/adi
                                  0000c000  0000c09b        9c
  _INIT_REG_VAL
                                  0000c004        24   data ,g         0
  _CHANNEL_SETTING
                                  0000c028        70   data ,g         0
  _DATA_RATE_SETTING
                                  0000c098         4   data ,g         0
  _BATTERY_THRESHOLD
                                  0000c000         2   data ,g         0
  _VOLTAGE_THRESHOLD
                                  0000c002         2   data ,g         0

FILE=C:/ONE_NET/one_net/mac/one_net
                                  0000c09c  0000c09d         2
  _ON_ENCODED_BROADCAST_DID
                                  0000c09c         2   data ,g         0

FILE=C:/ONE_NET/one_net/mac/one_net_client
                                  0000c09e  0000c09f         2
  _master
                                  0000c09e         2   data ,g         0

FILE=C:/ONE_NET/applications/simple_io_board/simple_output
                                  0000c104  0000c113        10
  _DEV_KEY
                                  0000c104        10   data ,g         0

SECTION=rom_NO
FILE=C:/ONE_NET/applications/simple_io_board/simple_output
                                  0000c118  0000c11a         3
  _ONE_NET_DEVICE_UNIT_TYPE
                                  0000c118         3   data ,g         0

SECTION=program
FILE=C:/ONE_NET/transceivers/adi/adi
                                  0000c1b2  0000c589       3d8
  _tal_init_transceiver
                                  0000c1b2        45   func ,g         0
  _tal_turn_on_receiver
                                  0000c1f7        3a   func ,g         0
  _tal_turn_on_transmitter
                                  0000c231        2a   func ,g         0
  _read_rssi
                                  0000c25b        18   func ,g         0
  _read_battery
                                  0000c273        23   func ,g         0
  _read_adc
                                  0000c296        23   func ,g         0
  _one_net_get_channel
                                  0000c2b9         4   func ,g         0
  $one_net_set_channel
                                  0000c2bd         a   func ,g         0
  _one_net_channel_is_clear
                                  0000c2c7         f   func ,g         0
  $one_net_set_data_rate
                                  0000c2d6        17   func ,g         0
  _one_net_look_for_pkt
                                  0000c2ed        ca   func ,g         0
  $one_net_read
                                  0000c3b7        4f   func ,g         0
  $one_net_write
                                  0000c406        26   func ,g         0
  _one_net_write_done
                                  0000c42c        14   func ,g         0
  $adi_7025_read
                                  0000c440        73   func ,g         0
  _read_revision
                                  0000c577        13   func ,g         0

FILE=C:/ONE_NET/processors/renesas/src/common/client_port_specific
                                  0000c58a  0000c6b5       12c
  $read_param
                                  0000c58a        45   func ,g         0
  _clr_flash
                                  0000c5cf         e   func ,g         0
  _flash_erase_check
                                  0000c5dd        51   func ,g         0
  $one_net_client_save_settings
                                  0000c62e        88   func ,g         0

FILE=C:/ONE_NET/processors/renesas/src/common/flash
                                  0000c6b6  0000c79e        e9
  $write_data_flash
                                  0000c6b6        71   func ,g         0
  $erase_data_flash
                                  0000c727        44   func ,g         0
  _enable_df_write
                                  0000c76b        1b   func ,g         0
  _disable_df_write
                                  0000c786         7   func ,g         0
  $clr_status_reg
                                  0000c78d        12   func ,g         0

FILE=C:/ONE_NET/processors/renesas/src/adi_io_boards/hal_adi
                                  0000c79f  0000c847        a9
  _tal_init_ports
                                  0000c79f        15   func ,g         0
  _init_rf_interrupts
                                  0000c7b4        24   func ,g         0
  _tx_bit_isr
                                  0000c7d8        2e   func ,g         0
  _dataclk_isr
                                  0000c806        42   func ,g         0

FILE=C:/ONE_NET/one_net/app/ona_switch
                                  0000c848  0000c932        eb
  $ona_send_switch_status
                                  0000c848        54   func ,g         0
  $ona_send_switch_command
                                  0000c89c        15   func ,g         0
  $ona_send_switch_query
                                  0000c8b1        29   func ,g         0
  $ona_parse_switch
                                  0000c8da        59   func ,g         0

FILE=C:/ONE_NET/one_net/app/ona_voltage_simple
                                  0000c933  0000c95c        2a
  $ona_send_voltage_simple_status
                                  0000c933        2a   func ,g         0

FILE=C:/ONE_NET/one_net/mac/one_net
                                  0000c95d  0000d688       d2c
  $one_net_init
                                  0000c95d        24   func ,g         0
  $on_is_my_NID
                                  0000c981        26   func ,g         0
  $on_encoded_did_equal
                                  0000c9a7        26   func ,g         0
  $on_validate_dst_DID
                                  0000c9cd        2d   func ,g         0
  $on_encrypt
                                  0000c9fa        7d   func ,g         0
  $on_decrypt
                                  0000ca77        5f   func ,g         0
  $on_rx_data_pkt
                                  0000cad6        61   func ,g         0
  $on_build_admin_pkt
                                  0000cb37        74   func ,g         0
  $on_build_data_pkt
                                  0000cbab        ab   func ,g         0
  $on_build_response_pkt
                                  0000cc56        4c   func ,g         0
  $on_build_data_rate_pkt
                                  0000cca2        61   func ,g         0
  $on_build_pkt
                                  0000cd03        bb   func ,g         0
  $on_parse_pld
                                  0000cdbe        90   func ,g         0
  $one_net
                                  0000ce4e       3cf   func ,g         0

FILE=C:/ONE_NET/one_net/app/one_net_application
                                  0000d689  0000d796       10e
  $ona_parse_msg_class_and_type
                                  0000d689        29   func ,g         0
  $ona_send_unit_type_count_status
                                  0000d6b2        30   func ,g         0
  $ona_send_unit_type_count_query
                                  0000d6e2        15   func ,g         0
  $ona_send_unit_type_status
                                  0000d6f7        4b   func ,g         0
  $ona_send_unit_type_query
                                  0000d742        18   func ,g         0
  $ona_parse_unit_type_count
                                  0000d75a        13   func ,g         0
  $ona_parse_unit_type_status
                                  0000d76d        21   func ,g         0
  $ona_parse_unit_type_query
                                  0000d78e         9   func ,g         0

FILE=C:/ONE_NET/one_net/mac/one_net_client
                                  0000d797  0000ea93      12fd
  $one_net_copy_to_nv_param
                                  0000d797        12   func ,g         0
  $one_net_client_look_for_invite
                                  0000d7a9        c9   func ,g         0
  $one_net_client_init
                                  0000d872        8f   func ,g         0
  $one_net_client_raw_master_did
                                  0000d901        13   func ,g         0
  _one_net_client
                                  0000d914       2cf   func ,g         0
  $on_client_encoded_master_did
                                  0000dc74        17   func ,g         0
  _on_client_send_to_master
                                  0000dc8b         a   func ,g         0
  $on_client_send_single
                                  0000dc95        81   func ,g         0
  $get_client_txn
                                  0000dd16        12   func ,g         0
  $on_client_single_data_hdlr
                                  0000e0bc       176   func ,g         0
  $on_client_single_txn_hdlr
                                  0000e232       18e   func ,g         0
  $on_client_data_rate_hdlr
                                  0000e517        5f   func ,g         0
  $one_net_client_join_network
                                  0000e576        d1   func ,g         0

FILE=C:/ONE_NET/one_net/mac/one_net_client_net
                                  0000ea94  0000f193       700
  $one_net_client_send_single
                                  0000ea94        e3   func ,g         0
  $on_client_net_assign_peer
                                  0000eb77        f2   func ,g         0
  $on_client_net_unassign_peer
                                  0000ec69       153   func ,g         0
  $on_client_net_txn_nonce_for_peer
                                  0000edbc        1c   func ,g         0
  $on_client_net_set_peer_txn_nonce
                                  0000edd8        28   func ,g         0
  $on_client_net_data_rate_for_peer
                                  0000ee00        1c   func ,g         0
  $on_client_net_set_peer_data_rate
                                  0000ee1c        23   func ,g         0
  $on_client_net_single_txn_hdlr
                                  0000ee3f       124   func ,g         0
  $on_client_net_init
                                  0000ef63        79   func ,g         0

FILE=C:/ONE_NET/one_net/utility/one_net_crc
                                  0000f194  0000f212        7f
  $one_net_compute_crc
                                  0000f194        7f   func ,g         0

FILE=C:/ONE_NET/one_net/utility/one_net_encode
                                  0000f213  0000f397       185
  $on_encode
                                  0000f213        b4   func ,g         0
  $on_decode
                                  0000f2c7        d1   func ,g         0

FILE=C:/ONE_NET/processors/renesas/src/common/one_net_port_specific
                                  0000f398  0000f4fa       163
  $one_net_memmove
                                  0000f398        73   func ,g         0
  $one_net_memcmp
                                  0000f40b        3d   func ,g         0
  $one_net_byte_stream_to_int16
                                  0000f448        1b   func ,g         0
  $one_net_int16_to_byte_stream
                                  0000f463        14   func ,g         0
  $one_net_byte_stream_to_int32
                                  0000f477        4d   func ,g         0
  $one_net_int32_to_byte_stream
                                  0000f4c4        1e   func ,g         0
  _one_net_tick
                                  0000f4e2         3   func ,g         0
  _one_net_ms_to_tick
                                  0000f4e5         b   func ,g         0
  _one_net_tick_to_ms
                                  0000f4f0         b   func ,g         0

FILE=C:/ONE_NET/one_net/utility/one_net_prand
                                  0000f4fb  0000f544        4a
  _one_net_prand
                                  0000f4fb        4a   func ,g         0

FILE=C:/ONE_NET/one_net/utility/one_net_timer
                                  0000f545  0000f6e1       19d
  $ont_set_timer
                                  0000f545        29   func ,g         0
  $ont_get_timer
                                  0000f56e        30   func ,g         0
  $ont_stop_timer
                                  0000f59e        1b   func ,g         0
  $ont_active
                                  0000f5b9        11   func ,g         0
  $ont_expired
                                  0000f5ca        48   func ,g         0
  $ont_inactive_or_expired
                                  0000f612        36   func ,g         0

FILE=C:/ONE_NET/one_net/utility/one_net_xtea
                                  0000f6e2  0000f8b0       1cf
  $one_net_xtea_encipher
                                  0000f6e2       14d   func ,g         0
  $one_net_xtea_decipher
                                  0000f82f        82   func ,g         0

FILE=C:/ONE_NET/processors/renesas/src/adi_io_boards/pal
                                  0000f8b1  0000f900        50
  _init_ports
                                  0000f8b1        10   func ,g         0
  _init_ports_leds
                                  0000f8c1         9   func ,g         0
  _high_speed_mode
                                  0000f8ca        26   func ,g         0
  _low_speed_mode
                                  0000f8f0        11   func ,g         0
  _processor_sleep
                                  0000f8c0         0   func ,g         0

FILE=C:/ONE_NET/applications/simple_io_board/simple_output
                                  0000f901  0000fb3c       23c
  $one_net_client_joined_network
                                  0000fa20         0   func ,g         0
  $one_net_client_handle_single_pkt
                                  0000f901       110   func ,g         0
  $one_net_client_single_txn_status
                                  0000fa20         0   func ,g         0
  _one_net_client_client_remove_device
                                  0000fa11        10   func ,g         0
  _turn_on_tx_led
                                  0000fa21        16   func ,g         0
  _turn_on_rx_led
                                  0000fa37        16   func ,g         0
  _main
                                  0000fab2        8b   func ,g         0

FILE=C:/ONE_NET/processors/renesas/src/adi_io_boards/tick
                                  0000fb3d  0000fbc9        8d
  _init_tick
                                  0000fb3d        1d   func ,g         0
  _get_tick_count
                                  0000fb5a         9   func ,g         0
  _polled_tick_update
                                  0000fb63        13   func ,g         0
  $delay_ms
                                  0000fb76        21   func ,g         0
  $delay_100s_us
                                  0000fb97        17   func ,g         0
  _update_tick_count
                                  0000fbae         f   func ,g         0
  _tick_timer_isr
                                  0000fbbd         d   func ,g         0

FILE=_i4modu
                                  0000fbca  0000fc14        4b
  __i4modU
                                  0000fbca        4b   func ,g         0

FILE=_i4mulu
                                  0000fc16  0000fc31        1c
  __i4mulU
                                  0000fc16        1c   func ,g         0

SECTION=interrupt
FILE=ncrt0
                                  0000fc32  0000fcc2        91
  $exit
                                  0000fcc0         0   none ,g         0
  _exit
                                  0000fcc0         0   none ,g         0
  dummy_int
                                  0000fcc2         0   none ,g         0

