##########################################
# (1) LINK INFORMATION                   #
##########################################
C:\Renesas\NC30WA\V543R00\bin\ln30.exe @C:\HEWProj\kkn\processors\renesas\hew\app_board\quad_relay_output\Debug_R8C_E8_SYSTEM\quad_relay_output.m16cl

# ID CODE DATA
.ID  "#FFFFFFFFFFFFFF"

# OPTION FUNCTION SELECT REGISTER
.OFSREG  FFH

# LINK FILE INFORMATION
ncrt0 (C:\HEWProj\kkn\processors\renesas\hew\app_board\quad_relay_output\Debug_R8C_E8_SYSTEM\ncrt0.r30)
	Jan  9 13:51:31 2012

adi (C:\HEWProj\kkn\processors\renesas\hew\app_board\quad_relay_output\Debug_R8C_E8_SYSTEM\adi.r30)
	Jan  9 13:51:31 2012

client_port_specific (C:\HEWProj\kkn\processors\renesas\hew\app_board\quad_relay_output\Debug_R8C_E8_SYSTEM\client_port_specific.r30)
	Jan  9 13:51:31 2012

flash (C:\HEWProj\kkn\processors\renesas\hew\app_board\quad_relay_output\Debug_R8C_E8_SYSTEM\flash.r30)
	Jan  9 13:51:31 2012

hal_adi (C:\HEWProj\kkn\processors\renesas\hew\app_board\quad_relay_output\Debug_R8C_E8_SYSTEM\hal_adi.r30)
	Jan  9 13:51:31 2012

led_hal (C:\HEWProj\kkn\processors\renesas\hew\app_board\quad_relay_output\Debug_R8C_E8_SYSTEM\led_hal.r30)
	Jan  9 13:51:28 2012

one_net (C:\HEWProj\kkn\processors\renesas\hew\app_board\quad_relay_output\Debug_R8C_E8_SYSTEM\one_net.r30)
	Jan  9 13:51:32 2012

one_net_acknowledge (C:\HEWProj\kkn\processors\renesas\hew\app_board\quad_relay_output\Debug_R8C_E8_SYSTEM\one_net_acknowledge.r30)
	Jan  9 13:51:23 2012

one_net_application (C:\HEWProj\kkn\processors\renesas\hew\app_board\quad_relay_output\Debug_R8C_E8_SYSTEM\one_net_application.r30)
	Jan  9 13:51:32 2012

one_net_client (C:\HEWProj\kkn\processors\renesas\hew\app_board\quad_relay_output\Debug_R8C_E8_SYSTEM\one_net_client.r30)
	Jan  9 13:51:32 2012

one_net_crc (C:\HEWProj\kkn\processors\renesas\hew\app_board\quad_relay_output\Debug_R8C_E8_SYSTEM\one_net_crc.r30)
	Jan  9 13:51:26 2012

one_net_encode (C:\HEWProj\kkn\processors\renesas\hew\app_board\quad_relay_output\Debug_R8C_E8_SYSTEM\one_net_encode.r30)
	Jan  9 13:51:27 2012

one_net_features (C:\HEWProj\kkn\processors\renesas\hew\app_board\quad_relay_output\Debug_R8C_E8_SYSTEM\one_net_features.r30)
	Jan  9 13:51:32 2012

one_net_led (C:\HEWProj\kkn\processors\renesas\hew\app_board\quad_relay_output\Debug_R8C_E8_SYSTEM\one_net_led.r30)
	Jan  9 13:51:32 2012

one_net_message (C:\HEWProj\kkn\processors\renesas\hew\app_board\quad_relay_output\Debug_R8C_E8_SYSTEM\one_net_message.r30)
	Jan  9 13:51:32 2012

one_net_packet (C:\HEWProj\kkn\processors\renesas\hew\app_board\quad_relay_output\Debug_R8C_E8_SYSTEM\one_net_packet.r30)
	Jan  9 13:51:24 2012

one_net_peer (C:\HEWProj\kkn\processors\renesas\hew\app_board\quad_relay_output\Debug_R8C_E8_SYSTEM\one_net_peer.r30)
	Jan  9 13:51:26 2012

one_net_port_specific (C:\HEWProj\kkn\processors\renesas\hew\app_board\quad_relay_output\Debug_R8C_E8_SYSTEM\one_net_port_specific.r30)
	Jan  9 13:51:32 2012

one_net_prand (C:\HEWProj\kkn\processors\renesas\hew\app_board\quad_relay_output\Debug_R8C_E8_SYSTEM\one_net_prand.r30)
	Jan  9 13:51:27 2012

one_net_timer (C:\HEWProj\kkn\processors\renesas\hew\app_board\quad_relay_output\Debug_R8C_E8_SYSTEM\one_net_timer.r30)
	Jan  9 13:51:32 2012

one_net_xtea (C:\HEWProj\kkn\processors\renesas\hew\app_board\quad_relay_output\Debug_R8C_E8_SYSTEM\one_net_xtea.r30)
	Jan  9 13:51:32 2012

pal (C:\HEWProj\kkn\processors\renesas\hew\app_board\quad_relay_output\Debug_R8C_E8_SYSTEM\pal.r30)
	Jan  9 13:51:33 2012

simple_output (C:\HEWProj\kkn\processors\renesas\hew\app_board\quad_relay_output\Debug_R8C_E8_SYSTEM\simple_output.r30)
	Jan  9 13:51:33 2012

tick (C:\HEWProj\kkn\processors\renesas\hew\app_board\quad_relay_output\Debug_R8C_E8_SYSTEM\tick.r30)
	Jan  9 13:51:29 2012

_i4modu (C:\Renesas\NC30WA\V543R00\lib30\r8clib.lib)
	Feb 15 20:26:28 2007

_i4mulu (C:\Renesas\NC30WA\V543R00\lib30\r8clib.lib)
	Feb 15 20:26:28 2007

nstrtol (C:\Renesas\NC30WA\V543R00\lib30\r8clib.lib)
	Feb 15 20:27:05 2007

cdata (C:\Renesas\NC30WA\V543R00\lib30\r8clib.lib)
	Feb 15 20:26:35 2007

errno (C:\Renesas\NC30WA\V543R00\lib30\r8clib.lib)
	Feb 15 20:26:37 2007


##########################################
# (2) SECTION INFORMATION                #
##########################################
# SECTION                        ATR TYPE    START  LENGTH ALIGN MODULENAME
data_SE                          ABS DATA    000400 000000       ncrt0
bss_SE                           REL DATA    000400 000000 2     ncrt0
data_SO                          REL DATA    000400 000000       ncrt0
bss_SO                           REL DATA    000400 000000       ncrt0
data_NE                          REL DATA    000400 000000 2     ncrt0
                                 REL DATA    000400 000008 2     adi
                                 REL DATA    000408 000002 2     client_port_specific
                                 REL DATA    00040A 00002C 2     one_net
                                 REL DATA    000436 000002 2     one_net_client
                                 REL DATA    000438 000002 2     one_net_message
                                 REL DATA    00043A 000004 2     one_net_prand
                                 REL DATA    00043E 000022 2     one_net_timer
                                 REL DATA    000460 000004 2     tick
                                 REL DATA    000464 000002 2     errno
bss_NE                           REL DATA    000466 000000 2     ncrt0
                                 REL DATA    000466 000002 2     adi
                                 REL DATA    000468 000082 2     one_net
                                 REL DATA    0004EA 000010 2     one_net_client
                                 REL DATA    0004FA 00000E 2     one_net_message
data_NO                          REL DATA    000508 000000       ncrt0
                                 REL DATA    000508 000002       adi
                                 REL DATA    00050A 000004       one_net
                                 REL DATA    00050E 000003       one_net_client
                                 REL DATA    000511 000001       one_net_message
bss_NO                           REL DATA    000512 000000       ncrt0
                                 REL DATA    000512 00005B       one_net
stack                            REL DATA    00056E 000170 2     ncrt0
rom_NE                           ABS ROMDATA 00C000 000000       ncrt0
                                 REL ROMDATA 00C000 0000B0 2     adi
                                 REL ROMDATA 00C0B0 00000E 2     one_net
                                 REL ROMDATA 00C0BE 000002 2     one_net_client
                                 REL ROMDATA 00C0C0 000060 2     one_net_encode
                                 REL ROMDATA 00C120 000008 2     one_net_features
                                 REL ROMDATA 00C128 000002 2     one_net_message
                                 REL ROMDATA 00C12A 000004 2     one_net_packet
                                 REL ROMDATA 00C12E 000004 2     one_net_xtea
                                 REL ROMDATA 00C132 000012 2     simple_output
rom_NO                           REL ROMDATA 00C144 000000       ncrt0
                                 REL ROMDATA 00C144 000101       cdata
data_SEI                         REL ROMDATA 00C246 000000 2     ncrt0
data_SOI                         REL ROMDATA 00C246 000000       ncrt0
data_NEI                         REL ROMDATA 00C246 000000 2     ncrt0
                                 REL ROMDATA 00C246 000008       adi
                                 REL ROMDATA 00C24E 000002       client_port_specific
                                 REL ROMDATA 00C250 00002C       one_net
                                 REL ROMDATA 00C27C 000002       one_net_client
                                 REL ROMDATA 00C27E 000002       one_net_message
                                 REL ROMDATA 00C280 000004       one_net_prand
                                 REL ROMDATA 00C284 000022       one_net_timer
                                 REL ROMDATA 00C2A6 000004       tick
                                 REL ROMDATA 00C2AA 000002       errno
data_NOI                         REL ROMDATA 00C2AC 000000       ncrt0
                                 REL ROMDATA 00C2AC 000002       adi
                                 REL ROMDATA 00C2AE 000004       one_net
                                 REL ROMDATA 00C2B2 000003       one_net_client
                                 REL ROMDATA 00C2B5 000001       one_net_message
program                          REL CODE    00C2B6 000000 2     ncrt0
                                 REL CODE    00C2B6 000337       adi
                                 REL CODE    00C5ED 000131       client_port_specific
                                 REL CODE    00C71E 0000EA       flash
                                 REL CODE    00C808 0000AC       hal_adi
                                 REL CODE    00C8B4 000009       led_hal
                                 REL CODE    00C8BD 001177       one_net
                                 REL CODE    00DA34 00000F       one_net_acknowledge
                                 REL CODE    00DA43 0000E5       one_net_application
                                 REL CODE    00DB28 000B5B       one_net_client
                                 REL CODE    00E683 00007F       one_net_crc
                                 REL CODE    00E702 0001BF       one_net_encode
                                 REL CODE    00E8C1 000090       one_net_features
                                 REL CODE    00E951 000110       one_net_led
                                 REL CODE    00EA61 00026A       one_net_message
                                 REL CODE    00ECCB 000159       one_net_packet
                                 REL CODE    00EE24 0001ED       one_net_port_specific
                                 REL CODE    00F011 00004A       one_net_prand
                                 REL CODE    00F05B 00019D       one_net_timer
                                 REL CODE    00F1F8 0001CF       one_net_xtea
                                 REL CODE    00F3C7 000064       pal
                                 REL CODE    00F42B 00010B       simple_output
                                 REL CODE    00F536 0000A5       tick
                                 REL CODE    00F5DC 00004B 2     _i4modu
                                 REL CODE    00F628 00001C 2     _i4mulu
                                 REL CODE    00F644 000231 2     nstrtol
interrupt                        REL CODE    00F876 000000 2     ncrt0
                                 REL CODE    00F876 000091       ncrt0
vector                           ABS ROMDATA 00FEDC 000100       ncrt0
fvector                          ABS ROMDATA 00FFDC 000024       ncrt0
# Total -------------------------------------------------------------------
                                     DATA           0002DD(0000733) Byte(s)
                                     ROMDATA        0003D9(0000985) Byte(s)
                                     CODE           003650(0013904) Byte(s)

##########################################
# (3) GLOBAL LABEL INFORMATION           #
##########################################
$_n_n_strtol       00f644  $add_recipient_t   00ebfe  $calculate_msg_c   00cd05
$clear_recipient   00eb60  $client_nv_crc     00dd45  $clr_status_reg    00c7f6
$decoded_to_enco   00e72a  $delay_100s_us     00f592  $delay_ms          00f571
$device_should_s   00ecc9  $did_and_unit_eq   00eb68  $did_to_u16        00eff7
$encoded_to_deco   00e702  $erase_data_flas   00c78f  $exit              00f904
$get_encoded_pac   00ed2b  $get_encoded_pay   00eccb  $get_num_payload   00ecf8
$get_raw_payload   00ece3  $get_single_resp   00ede6  $init_rf_interru   00c81d
$is_broadcast_di   00dabd  $is_master_did     00daad  $is_my_did         00dab3
$is_my_nid         00daa5  $load_next_recip   00ec5f  $must_send_to_ma   00eb1a
$nack_reason_is_   00da34  $on_build_data_p   00cb1e  $on_build_my_pkt   00cc47
$on_build_pkt_ad   00cbd5  $on_build_respon   00c938  $on_complete_pkt   00cc7f
$on_decode         00e7f5  $on_decrypt        00ce73  $on_encode         00e744
$on_encoded_did_   00da6b  $on_encoded_nid_   00da88  $on_encrypt        00ce17
$on_parse_app_pl   00dac3  $on_parse_respon   00c8bd  $on_rx_packet      00d7ee
$ona_parse_msg_c   00da43  $one_net           00cee4  $one_net_byte_st   00ef4c
$one_net_byte_st   00ef86  $one_net_client_   00f42d  $one_net_client_   00f42d
$one_net_client_   00f440  $one_net_client_   00f42b  $one_net_client_   00dc3d
$one_net_client_   00f42d  $one_net_client_   00db28  $one_net_client_   00f438
$one_net_client_   00c695  $one_net_client_   00f42d  $one_net_compute   00e683
$one_net_int16_t   00ef6c  $one_net_int32_t   00efd8  $one_net_memcmp    00ef0f
$one_net_memmove   00ee24  $one_net_memset    00ee97  $one_net_memset_   00eecc
$one_net_strtol    00f004  $one_net_xtea_de   00f345  $one_net_xtea_en   00f1f8
$ont_active        00f0cf  $ont_expired       00f0e0  $ont_get_timer     00f084
$ont_inactive_or   00f128  $ont_set_timer     00f05b  $ont_stop_timer    00f0b4
$packet_is_ack     00edda  $packet_is_data    00edd0  $packet_is_nack    00edd6
$packet_is_stay_   00ed43  $pal_init_proces   00f418  $push_queue_elem   00ea69
$read_param        00c5ed  $remove_recipien   00eb8c  $rx_led_blink      00e951
$rx_single_data    00d5da  $set_ack_or_nack   00ed9d  $set_rx_led        00ea4e
$set_stay_awake_   00ed60  $set_tx_led        00ea3b  $setup_pkt_ptr     00cd90
$startup_status_   00e9f3  $tal_read_bytes    00c34f  $tal_set_channel   00c431
$tal_set_data_ra   00c42b  $tal_write_packe   00c30f  $tx_and_rx_led_b   00e9bd
$tx_led_blink      00e987  $verify_msg_crc    00cd26  $verify_payload_   00cd54
$write_data_flas   00c71e  _BATTERY_THRESHO   00c0ac  _CHANNEL_SETTING   00c024
_DATA_RATE_SETTI   00c094  _DEV_KEY           00c134  _FEATURES_UNKNOW   00c124
_HEADER            00c0ba  _INIT_REG_VAL      00c000  _MASTER_ENCODED_   00c0b2
_MASTER_RAW_DID    00c0b0  _NO_DESTINATION    00c128  _ONE_NET_DEVICE_   00c132
_ON_ENCODED_BROA   00c0b4  _ON_RAW_BROADCAS   00c0b6  _THIS_DEVICE_FEA   00c120
_VOLTAGE_THRESHO   00c0ae  __ctype            00c144  __i4modU           00f5dc
__i4mulU           00f628  _bit_mask          000509  _client_joined_n   00050e
_client_looking_   00050f  _clr_flash         00c63d  _current_channel   000508
_data_pkt_ptrs     000474  _dataclk_isr       00c872  _device_is_maste   00050a
_disable_df_writ   00c7ef  _empty_queue       00ea61  _enable_df_write   00c7d3
_enable_tick_tim   00f550  _encoded_pkt_byt   0004ae  _errno             000464
_exit              00f904  _features_ack_na   00e948  _features_block_   00e927
_features_data_r   00e8f3  _features_device   00e93d  _features_known    00e8c1
_features_max_ho   00e8df  _features_max_pe   00e8e8  _features_mh_cap   00e911
_features_mh_rep   00e91c  _features_peer_c   00e906  _features_stream   00e932
_flash_erase_che   00c64b  _get_sender_info   0004a0  _get_tick_count    00f555
_hal_init_ports_   00c8b4  _high_speed_mode   00f3e1  _init_ports_leds   00f3d8
_init_tick         00f536  _initialize_leds   00ea34  _invite_txn        000428
_low_speed_mode    00f407  _main              00f4f8  _master            00c0be
_ms_to_tick        00f5a9  _nv_param          000512  _on_base_param     00c0b8
_on_state          00050c  _one_net_client    00dc7f  _one_net_client_   00f42e
_one_net_client_   00f43b  _one_net_init      00ced2  _one_net_prand     00f011
_pal_disable_glo   00f420  _pal_enable_glob   00f423  _pal_exit          00f426
_pal_init_ports    00f3c7  _pkt_hdlr          000468  _polled_tick_upd   00f55e
_pop_queue_eleme   00eb03  _processor_sleep   00f3d7  _raw_payload_byt   00054c
_read_adc          00c45a  _read_battery      00c457  _read_revision     00c47d
_read_rssi         00c43f  _recipient_send_   0004fa  _recipient_send_   000438
_response_pkt_pt   00048a  _response_txn      00040a  _rx_rf_count       000402
_rx_rf_idx         000400  _sending_dev_lis   0004ea  _single_data_que   00eb11
_single_data_que   000511  _single_data_raw   000547  _single_msg        0004a4
_single_msg_ptr    000426  _single_txn        000418  _startup_status    00050b
_tal_channel_is_   00c300  _tal_disable_tra   00c30e  _tal_enable_tran   00c30e
_tal_init_ports    00c808  _tal_init_transc   00c2b6  _tal_look_for_pa   00c39e
_tal_write_packe   00c336  _tick_count        000460  _tick_timer_isr    00f5ce
_tick_to_ms        00f5b4  _timer             00043e  _toggle_rx_led     00ea5c
_toggle_tx_led     00ea49  _tx_bit_isr        00c846  _tx_rf_data        000466
_tx_rf_idx         000406  _tx_rf_len         000404  _update_tick_cou   00f5bf
dummy_int          00f906  start              00f876  

##########################################
# (4) GLOBAL EQU SYMBOL INFORMATION      #
##########################################
__SB__           00000400  

##########################################
# (5) GLOBAL EQU BIT-SYMBOL INFORMATION  #
##########################################

##########################################
# (6) LOCAL LABEL INFORMATION            #
##########################################
@ ncrt0 ( C:\HEWProj\kkn\processors\renesas\hew\app_board\quad_relay_output\Debug_R8C_E8_SYSTEM\ncrt0.r30 )
@ adi ( C:\HEWProj\kkn\processors\renesas\hew\app_board\quad_relay_output\Debug_R8C_E8_SYSTEM\adi.r30 )
@ client_port_specific ( C:\HEWProj\kkn\processors\renesas\hew\app_board\quad_relay_output\Debug_R8C_E8_SYSTEM\client_port_specific.r30 )
@ flash ( C:\HEWProj\kkn\processors\renesas\hew\app_board\quad_relay_output\Debug_R8C_E8_SYSTEM\flash.r30 )
@ hal_adi ( C:\HEWProj\kkn\processors\renesas\hew\app_board\quad_relay_output\Debug_R8C_E8_SYSTEM\hal_adi.r30 )
@ led_hal ( C:\HEWProj\kkn\processors\renesas\hew\app_board\quad_relay_output\Debug_R8C_E8_SYSTEM\led_hal.r30 )
@ one_net ( C:\HEWProj\kkn\processors\renesas\hew\app_board\quad_relay_output\Debug_R8C_E8_SYSTEM\one_net.r30 )
@ one_net_acknowledge ( C:\HEWProj\kkn\processors\renesas\hew\app_board\quad_relay_output\Debug_R8C_E8_SYSTEM\one_net_acknowledge.r30 )
@ one_net_application ( C:\HEWProj\kkn\processors\renesas\hew\app_board\quad_relay_output\Debug_R8C_E8_SYSTEM\one_net_application.r30 )
@ one_net_client ( C:\HEWProj\kkn\processors\renesas\hew\app_board\quad_relay_output\Debug_R8C_E8_SYSTEM\one_net_client.r30 )
@ one_net_crc ( C:\HEWProj\kkn\processors\renesas\hew\app_board\quad_relay_output\Debug_R8C_E8_SYSTEM\one_net_crc.r30 )
@ one_net_encode ( C:\HEWProj\kkn\processors\renesas\hew\app_board\quad_relay_output\Debug_R8C_E8_SYSTEM\one_net_encode.r30 )
@ one_net_features ( C:\HEWProj\kkn\processors\renesas\hew\app_board\quad_relay_output\Debug_R8C_E8_SYSTEM\one_net_features.r30 )
@ one_net_led ( C:\HEWProj\kkn\processors\renesas\hew\app_board\quad_relay_output\Debug_R8C_E8_SYSTEM\one_net_led.r30 )
@ one_net_message ( C:\HEWProj\kkn\processors\renesas\hew\app_board\quad_relay_output\Debug_R8C_E8_SYSTEM\one_net_message.r30 )
@ one_net_packet ( C:\HEWProj\kkn\processors\renesas\hew\app_board\quad_relay_output\Debug_R8C_E8_SYSTEM\one_net_packet.r30 )
@ one_net_peer ( C:\HEWProj\kkn\processors\renesas\hew\app_board\quad_relay_output\Debug_R8C_E8_SYSTEM\one_net_peer.r30 )
@ one_net_port_specific ( C:\HEWProj\kkn\processors\renesas\hew\app_board\quad_relay_output\Debug_R8C_E8_SYSTEM\one_net_port_specific.r30 )
@ one_net_prand ( C:\HEWProj\kkn\processors\renesas\hew\app_board\quad_relay_output\Debug_R8C_E8_SYSTEM\one_net_prand.r30 )
@ one_net_timer ( C:\HEWProj\kkn\processors\renesas\hew\app_board\quad_relay_output\Debug_R8C_E8_SYSTEM\one_net_timer.r30 )
@ one_net_xtea ( C:\HEWProj\kkn\processors\renesas\hew\app_board\quad_relay_output\Debug_R8C_E8_SYSTEM\one_net_xtea.r30 )
@ pal ( C:\HEWProj\kkn\processors\renesas\hew\app_board\quad_relay_output\Debug_R8C_E8_SYSTEM\pal.r30 )
@ simple_output ( C:\HEWProj\kkn\processors\renesas\hew\app_board\quad_relay_output\Debug_R8C_E8_SYSTEM\simple_output.r30 )
@ tick ( C:\HEWProj\kkn\processors\renesas\hew\app_board\quad_relay_output\Debug_R8C_E8_SYSTEM\tick.r30 )
@ _i4modu ( C:\Renesas\NC30WA\V543R00\lib30\r8clib.lib )
@ _i4mulu ( C:\Renesas\NC30WA\V543R00\lib30\r8clib.lib )
@ nstrtol ( C:\Renesas\NC30WA\V543R00\lib30\r8clib.lib )
@ cdata ( C:\Renesas\NC30WA\V543R00\lib30\r8clib.lib )
@ errno ( C:\Renesas\NC30WA\V543R00\lib30\r8clib.lib )

##########################################
# (7) LOCAL EQU SYMBOL INFORMATION       #
##########################################
@ ncrt0 ( C:\HEWProj\kkn\processors\renesas\hew\app_board\quad_relay_output\Debug_R8C_E8_SYSTEM\ncrt0.r30 )
@ adi ( C:\HEWProj\kkn\processors\renesas\hew\app_board\quad_relay_output\Debug_R8C_E8_SYSTEM\adi.r30 )
@ client_port_specific ( C:\HEWProj\kkn\processors\renesas\hew\app_board\quad_relay_output\Debug_R8C_E8_SYSTEM\client_port_specific.r30 )
@ flash ( C:\HEWProj\kkn\processors\renesas\hew\app_board\quad_relay_output\Debug_R8C_E8_SYSTEM\flash.r30 )
@ hal_adi ( C:\HEWProj\kkn\processors\renesas\hew\app_board\quad_relay_output\Debug_R8C_E8_SYSTEM\hal_adi.r30 )
@ led_hal ( C:\HEWProj\kkn\processors\renesas\hew\app_board\quad_relay_output\Debug_R8C_E8_SYSTEM\led_hal.r30 )
@ one_net ( C:\HEWProj\kkn\processors\renesas\hew\app_board\quad_relay_output\Debug_R8C_E8_SYSTEM\one_net.r30 )
@ one_net_acknowledge ( C:\HEWProj\kkn\processors\renesas\hew\app_board\quad_relay_output\Debug_R8C_E8_SYSTEM\one_net_acknowledge.r30 )
@ one_net_application ( C:\HEWProj\kkn\processors\renesas\hew\app_board\quad_relay_output\Debug_R8C_E8_SYSTEM\one_net_application.r30 )
@ one_net_client ( C:\HEWProj\kkn\processors\renesas\hew\app_board\quad_relay_output\Debug_R8C_E8_SYSTEM\one_net_client.r30 )
@ one_net_crc ( C:\HEWProj\kkn\processors\renesas\hew\app_board\quad_relay_output\Debug_R8C_E8_SYSTEM\one_net_crc.r30 )
@ one_net_encode ( C:\HEWProj\kkn\processors\renesas\hew\app_board\quad_relay_output\Debug_R8C_E8_SYSTEM\one_net_encode.r30 )
@ one_net_features ( C:\HEWProj\kkn\processors\renesas\hew\app_board\quad_relay_output\Debug_R8C_E8_SYSTEM\one_net_features.r30 )
@ one_net_led ( C:\HEWProj\kkn\processors\renesas\hew\app_board\quad_relay_output\Debug_R8C_E8_SYSTEM\one_net_led.r30 )
@ one_net_message ( C:\HEWProj\kkn\processors\renesas\hew\app_board\quad_relay_output\Debug_R8C_E8_SYSTEM\one_net_message.r30 )
@ one_net_packet ( C:\HEWProj\kkn\processors\renesas\hew\app_board\quad_relay_output\Debug_R8C_E8_SYSTEM\one_net_packet.r30 )
@ one_net_peer ( C:\HEWProj\kkn\processors\renesas\hew\app_board\quad_relay_output\Debug_R8C_E8_SYSTEM\one_net_peer.r30 )
@ one_net_port_specific ( C:\HEWProj\kkn\processors\renesas\hew\app_board\quad_relay_output\Debug_R8C_E8_SYSTEM\one_net_port_specific.r30 )
@ one_net_prand ( C:\HEWProj\kkn\processors\renesas\hew\app_board\quad_relay_output\Debug_R8C_E8_SYSTEM\one_net_prand.r30 )
@ one_net_timer ( C:\HEWProj\kkn\processors\renesas\hew\app_board\quad_relay_output\Debug_R8C_E8_SYSTEM\one_net_timer.r30 )
@ one_net_xtea ( C:\HEWProj\kkn\processors\renesas\hew\app_board\quad_relay_output\Debug_R8C_E8_SYSTEM\one_net_xtea.r30 )
@ pal ( C:\HEWProj\kkn\processors\renesas\hew\app_board\quad_relay_output\Debug_R8C_E8_SYSTEM\pal.r30 )
@ simple_output ( C:\HEWProj\kkn\processors\renesas\hew\app_board\quad_relay_output\Debug_R8C_E8_SYSTEM\simple_output.r30 )
@ tick ( C:\HEWProj\kkn\processors\renesas\hew\app_board\quad_relay_output\Debug_R8C_E8_SYSTEM\tick.r30 )
@ _i4modu ( C:\Renesas\NC30WA\V543R00\lib30\r8clib.lib )
@ _i4mulu ( C:\Renesas\NC30WA\V543R00\lib30\r8clib.lib )
@ nstrtol ( C:\Renesas\NC30WA\V543R00\lib30\r8clib.lib )
@ cdata ( C:\Renesas\NC30WA\V543R00\lib30\r8clib.lib )
@ errno ( C:\Renesas\NC30WA\V543R00\lib30\r8clib.lib )

##########################################
# (8) LOCAL EQU BIT-SYMBOL INFORMATION   #
##########################################
@ ncrt0 ( C:\HEWProj\kkn\processors\renesas\hew\app_board\quad_relay_output\Debug_R8C_E8_SYSTEM\ncrt0.r30 )
@ adi ( C:\HEWProj\kkn\processors\renesas\hew\app_board\quad_relay_output\Debug_R8C_E8_SYSTEM\adi.r30 )
@ client_port_specific ( C:\HEWProj\kkn\processors\renesas\hew\app_board\quad_relay_output\Debug_R8C_E8_SYSTEM\client_port_specific.r30 )
@ flash ( C:\HEWProj\kkn\processors\renesas\hew\app_board\quad_relay_output\Debug_R8C_E8_SYSTEM\flash.r30 )
@ hal_adi ( C:\HEWProj\kkn\processors\renesas\hew\app_board\quad_relay_output\Debug_R8C_E8_SYSTEM\hal_adi.r30 )
@ led_hal ( C:\HEWProj\kkn\processors\renesas\hew\app_board\quad_relay_output\Debug_R8C_E8_SYSTEM\led_hal.r30 )
@ one_net ( C:\HEWProj\kkn\processors\renesas\hew\app_board\quad_relay_output\Debug_R8C_E8_SYSTEM\one_net.r30 )
@ one_net_acknowledge ( C:\HEWProj\kkn\processors\renesas\hew\app_board\quad_relay_output\Debug_R8C_E8_SYSTEM\one_net_acknowledge.r30 )
@ one_net_application ( C:\HEWProj\kkn\processors\renesas\hew\app_board\quad_relay_output\Debug_R8C_E8_SYSTEM\one_net_application.r30 )
@ one_net_client ( C:\HEWProj\kkn\processors\renesas\hew\app_board\quad_relay_output\Debug_R8C_E8_SYSTEM\one_net_client.r30 )
@ one_net_crc ( C:\HEWProj\kkn\processors\renesas\hew\app_board\quad_relay_output\Debug_R8C_E8_SYSTEM\one_net_crc.r30 )
@ one_net_encode ( C:\HEWProj\kkn\processors\renesas\hew\app_board\quad_relay_output\Debug_R8C_E8_SYSTEM\one_net_encode.r30 )
@ one_net_features ( C:\HEWProj\kkn\processors\renesas\hew\app_board\quad_relay_output\Debug_R8C_E8_SYSTEM\one_net_features.r30 )
@ one_net_led ( C:\HEWProj\kkn\processors\renesas\hew\app_board\quad_relay_output\Debug_R8C_E8_SYSTEM\one_net_led.r30 )
@ one_net_message ( C:\HEWProj\kkn\processors\renesas\hew\app_board\quad_relay_output\Debug_R8C_E8_SYSTEM\one_net_message.r30 )
@ one_net_packet ( C:\HEWProj\kkn\processors\renesas\hew\app_board\quad_relay_output\Debug_R8C_E8_SYSTEM\one_net_packet.r30 )
@ one_net_peer ( C:\HEWProj\kkn\processors\renesas\hew\app_board\quad_relay_output\Debug_R8C_E8_SYSTEM\one_net_peer.r30 )
@ one_net_port_specific ( C:\HEWProj\kkn\processors\renesas\hew\app_board\quad_relay_output\Debug_R8C_E8_SYSTEM\one_net_port_specific.r30 )
@ one_net_prand ( C:\HEWProj\kkn\processors\renesas\hew\app_board\quad_relay_output\Debug_R8C_E8_SYSTEM\one_net_prand.r30 )
@ one_net_timer ( C:\HEWProj\kkn\processors\renesas\hew\app_board\quad_relay_output\Debug_R8C_E8_SYSTEM\one_net_timer.r30 )
@ one_net_xtea ( C:\HEWProj\kkn\processors\renesas\hew\app_board\quad_relay_output\Debug_R8C_E8_SYSTEM\one_net_xtea.r30 )
@ pal ( C:\HEWProj\kkn\processors\renesas\hew\app_board\quad_relay_output\Debug_R8C_E8_SYSTEM\pal.r30 )
@ simple_output ( C:\HEWProj\kkn\processors\renesas\hew\app_board\quad_relay_output\Debug_R8C_E8_SYSTEM\simple_output.r30 )
@ tick ( C:\HEWProj\kkn\processors\renesas\hew\app_board\quad_relay_output\Debug_R8C_E8_SYSTEM\tick.r30 )
@ _i4modu ( C:\Renesas\NC30WA\V543R00\lib30\r8clib.lib )
@ _i4mulu ( C:\Renesas\NC30WA\V543R00\lib30\r8clib.lib )
@ nstrtol ( C:\Renesas\NC30WA\V543R00\lib30\r8clib.lib )
@ cdata ( C:\Renesas\NC30WA\V543R00\lib30\r8clib.lib )
@ errno ( C:\Renesas\NC30WA\V543R00\lib30\r8clib.lib )

*** Mapping List ***

SECTION                            START      END         SIZE   ALIGN

data_SE
                                  00000400  00000400         0   1
bss_SE
                                  00000400  00000400         0   2
data_SO
                                  00000400  00000400         0   1
bss_SO
                                  00000400  00000400         0   1
data_NE
                                  00000400  00000465        66   2
bss_NE
                                  00000466  00000507        a2   2
data_NO
                                  00000508  00000511         a   1
bss_NO
                                  00000512  0000056c        5b   1
stack
                                  0000056e  000006dd       170   2
rom_NE
                                  0000c000  0000c143       144   1
rom_NO
                                  0000c144  0000c244       101   1
data_SEI
                                  0000c246  0000c246         0   2
data_SOI
                                  0000c246  0000c246         0   1
data_NEI
                                  0000c246  0000c2ab        66   2
data_NOI
                                  0000c2ac  0000c2b5         a   1
program
                                  0000c2b6  0000f874      35bf   2
interrupt
                                  0000f876  0000f906        91   2
vector
                                  0000fedc  0000ffdb       100   1
fvector
                                  0000ffdc  0000ffff        24   1

*** Symbol List ***

SECTION=
FILE=                               START        END    SIZE
  SYMBOL                            ADDR        SIZE    INFO      COUNTS  OPT

SECTION=data_SE
FILE=ncrt0
                                  00000400  00000400         0
  __SB__
                                  00000400         0   none ,g         0

SECTION=data_NE
FILE=C:/HEWProj/kkn/transceivers/adi/adi
                                  00000400  00000407         8
  _rx_rf_idx
                                  00000400         2   data ,g         0
  _rx_rf_count
                                  00000402         2   data ,g         0
  _tx_rf_len
                                  00000404         2   data ,g         0
  _tx_rf_idx
                                  00000406         2   data ,g         0

FILE=C:/HEWProj/kkn/one_net/mac/one_net
                                  0000040a  00000435        2c
  _response_txn
                                  0000040a         e   data ,g         0
  _single_txn
                                  00000418         e   data ,g         0
  _single_msg_ptr
                                  00000426         2   data ,g         0
  _invite_txn
                                  00000428         e   data ,g         0

FILE=C:/HEWProj/kkn/one_net/app/one_net_message
                                  00000438  00000439         2
  _recipient_send_list_ptr
                                  00000438         2   data ,g         0

FILE=one_net_timer
                                  0000043e  0000045f        22
  _timer
                                  0000043e        1e   data ,g         0

FILE=tick
                                  00000460  00000463         4
  _tick_count
                                  00000460         4   data ,g         0

FILE=errno
                                  00000464  00000465         2
  _errno
                                  00000464         0   none ,g         0

SECTION=bss_NE
FILE=C:/HEWProj/kkn/transceivers/adi/adi
                                  00000466  00000467         2
  _tx_rf_data
                                  00000466         2   data ,g         0

FILE=C:/HEWProj/kkn/one_net/mac/one_net
                                  00000468  000004e9        82
  _pkt_hdlr
                                  00000468         c   data ,g         0
  _get_sender_info
                                  000004a0         4   data ,g         0
  _data_pkt_ptrs
                                  00000474        16   data ,g         0
  _response_pkt_ptrs
                                  0000048a        16   data ,g         0
  _single_msg
                                  000004a4         a   data ,g         0
  _encoded_pkt_bytes
                                  000004ae        3c   data ,g         0

FILE=C:/HEWProj/kkn/one_net/mac/one_net_client
                                  000004ea  000004f9        10
  _sending_dev_list
                                  000004ea        10   data ,g         0

FILE=C:/HEWProj/kkn/one_net/app/one_net_message
                                  000004fa  00000507         e
  _recipient_send_list
                                  000004fa         e   data ,g         0

SECTION=data_NO
FILE=ncrt0
                                  00000508  00000508         0
  _current_channel
                                  00000508         1   data ,g         0

FILE=C:/HEWProj/kkn/transceivers/adi/adi
                                  00000508  00000509         2
  _bit_mask
                                  00000509         1   data ,g         0

FILE=C:/HEWProj/kkn/one_net/mac/one_net
                                  0000050a  0000050d         4
  _device_is_master
                                  0000050a         1   data ,g         0
  _startup_status
                                  0000050b         1   data ,g         0
  _on_state
                                  0000050c         1   data ,g         0

FILE=C:/HEWProj/kkn/one_net/mac/one_net_client
                                  0000050e  00000510         3
  _client_joined_network
                                  0000050e         1   data ,g         0
  _client_looking_for_invite
                                  0000050f         1   data ,g         0

FILE=C:/HEWProj/kkn/one_net/app/one_net_message
                                  00000511  00000511         1
  _single_data_queue_size
                                  00000511         1   data ,g         0

SECTION=bss_NO
FILE=C:/HEWProj/kkn/one_net/mac/one_net
                                  00000512  0000056c        5b
  _nv_param
                                  00000512        35   data ,g         0
  _single_data_raw_pld
                                  00000547         5   data ,g         0
  _raw_payload_bytes
                                  0000054c        21   data ,g         0

SECTION=rom_NE
FILE=C:/HEWProj/kkn/transceivers/adi/adi
                                  0000c000  0000c0af        b0
  _INIT_REG_VAL
                                  0000c000        24   data ,g         0
  _CHANNEL_SETTING
                                  0000c024        70   data ,g         0
  _DATA_RATE_SETTING
                                  0000c094        18   data ,g         0
  _BATTERY_THRESHOLD
                                  0000c0ac         2   data ,g         0
  _VOLTAGE_THRESHOLD
                                  0000c0ae         2   data ,g         0

FILE=C:/HEWProj/kkn/one_net/mac/one_net
                                  0000c0b0  0000c0bd         e
  _HEADER
                                  0000c0ba         4   data ,g         0
  _ON_ENCODED_BROADCAST_DID
                                  0000c0b4         2   data ,g         0
  _ON_RAW_BROADCAST_DID
                                  0000c0b6         2   data ,g         0
  _MASTER_RAW_DID
                                  0000c0b0         2   data ,g         0
  _MASTER_ENCODED_DID
                                  0000c0b2         2   data ,g         0
  _on_base_param
                                  0000c0b8         2   data ,g         0

FILE=C:/HEWProj/kkn/one_net/mac/one_net_client
                                  0000c0be  0000c0bf         2
  _master
                                  0000c0be         2   data ,g         0

FILE=C:/HEWProj/kkn/one_net/app/one_net_features
                                  0000c120  0000c127         8
  _THIS_DEVICE_FEATURES
                                  0000c120         4   data ,g         0
  _FEATURES_UNKNOWN
                                  0000c124         4   data ,g         0

FILE=C:/HEWProj/kkn/one_net/app/one_net_message
                                  0000c128  0000c129         2
  _NO_DESTINATION
                                  0000c128         2   data ,g         0

FILE=simple_output
                                  0000c132  0000c143        12
  _DEV_KEY
                                  0000c134        10   data ,g         0
  _ONE_NET_DEVICE_UNIT_TYPE
                                  0000c132         2   data ,g         0

SECTION=rom_NO
FILE=ncrt0
                                  0000c144  0000c144         0
  __ctype
                                  0000c144         0   none ,g         0

SECTION=program
FILE=C:/HEWProj/kkn/transceivers/adi/adi
                                  0000c2b6  0000c5ec       337
  _tal_init_transceiver
                                  0000c2b6        4a   func ,g         0
  _tal_enable_transceiver
                                  0000c30e         0   func ,g         0
  _tal_disable_transceiver
                                  0000c30e         0   func ,g         0
  _tal_channel_is_clear
                                  0000c300         f   func ,g         0
  $tal_write_packet
                                  0000c30f        27   func ,g         0
  _tal_write_packet_done
                                  0000c336        19   func ,g         0
  $tal_read_bytes
                                  0000c34f        4f   func ,g         0
  _tal_look_for_packet
                                  0000c39e        8d   func ,g         0
  $tal_set_data_rate
                                  0000c42b         6   func ,g         0
  $tal_set_channel
                                  0000c431         e   func ,g         0
  _read_rssi
                                  0000c43f        18   func ,g         0
  _read_battery
                                  0000c457         3   func ,g         0
  _read_adc
                                  0000c45a        23   func ,g         0
  _read_revision
                                  0000c47d         3   func ,g         0

FILE=C:/HEWProj/kkn/processors/renesas/src/common/client_port_specific
                                  0000c5ed  0000c71d       131
  $read_param
                                  0000c5ed        50   func ,g         0
  _clr_flash
                                  0000c63d         e   func ,g         0
  _flash_erase_check
                                  0000c64b        4a   func ,g         0
  $one_net_client_save_settings
                                  0000c695        89   func ,g         0

FILE=C:/HEWProj/kkn/processors/renesas/src/r8c1/flash
                                  0000c71e  0000c807        ea
  $write_data_flash
                                  0000c71e        71   func ,g         0
  $erase_data_flash
                                  0000c78f        44   func ,g         0
  _enable_df_write
                                  0000c7d3        1c   func ,g         0
  _disable_df_write
                                  0000c7ef         7   func ,g         0
  $clr_status_reg
                                  0000c7f6        12   func ,g         0

FILE=C:/HEWProj/kkn/processors/renesas/src/adi_io_boards/hal_adi
                                  0000c808  0000c8b3        ac
  _tal_init_ports
                                  0000c808        15   func ,g         0
  $init_rf_interrupts
                                  0000c81d        29   func ,g         0
  _tx_bit_isr
                                  0000c846        2c   func ,g         0
  _dataclk_isr
                                  0000c872        42   func ,g         0

FILE=C:/HEWProj/kkn/processors/renesas/src/adi_io_boards/led_hal
                                  0000c8b4  0000c8bc         9
  _hal_init_ports_leds
                                  0000c8b4         9   func ,g         0

FILE=C:/HEWProj/kkn/one_net/mac/one_net
                                  0000c8bd  0000da33      1177
  $on_parse_response_pkt
                                  0000c8bd        7b   func ,g         0
  $on_build_response_pkt
                                  0000c938       1e6   func ,g         0
  $on_build_data_pkt
                                  0000cb1e        b7   func ,g         0
  $on_build_pkt_addresses
                                  0000cbd5        72   func ,g         0
  $on_build_my_pkt_addresses
                                  0000cc47        38   func ,g         0
  $on_complete_pkt_build
                                  0000cc7f        86   func ,g         0
  $calculate_msg_crc
                                  0000cd05        21   func ,g         0
  $verify_msg_crc
                                  0000cd26        2e   func ,g         0
  $verify_payload_crc
                                  0000cd54        3c   func ,g         0
  $setup_pkt_ptr
                                  0000cd90        87   func ,g         0
  $on_encrypt
                                  0000ce17        5c   func ,g         0
  $on_decrypt
                                  0000ce73        5f   func ,g         0
  _one_net_init
                                  0000ced2        12   func ,g         0
  $one_net
                                  0000cee4       4c0   func ,g         0
  $rx_single_data
                                  0000d5da       214   func ,g         0
  $on_rx_packet
                                  0000d7ee       224   func ,g         0

FILE=C:/HEWProj/kkn/one_net/app/one_net_acknowledge
                                  0000da34  0000da42         f
  $nack_reason_is_fatal
                                  0000da34         f   func ,g         0

FILE=C:/HEWProj/kkn/one_net/app/one_net_application
                                  0000da43  0000db27        e5
  $ona_parse_msg_class_and_type
                                  0000da43        28   func ,g         0
  $on_encoded_did_equal
                                  0000da6b        1d   func ,g         0
  $on_encoded_nid_equal
                                  0000da88        1d   func ,g         0
  $is_my_nid
                                  0000daa5         8   func ,g         0
  $is_master_did
                                  0000daad         6   func ,g         0
  $is_my_did
                                  0000dab3         a   func ,g         0
  $is_broadcast_did
                                  0000dabd         6   func ,g         0
  $on_parse_app_pld
                                  0000dac3        65   func ,g         0

FILE=C:/HEWProj/kkn/one_net/mac/one_net_client
                                  0000db28  0000e682       b5b
  $one_net_client_look_for_invite
                                  0000db28       115   func ,g         0
  $one_net_client_init
                                  0000dc3d        42   func ,g         0
  _one_net_client
                                  0000dc7f        c6   func ,g         0
  $client_nv_crc
                                  0000dd45        2d   func ,g         0

FILE=C:/HEWProj/kkn/one_net/utility/one_net_crc
                                  0000e683  0000e701        7f
  $one_net_compute_crc
                                  0000e683        7f   func ,g         0

FILE=C:/HEWProj/kkn/one_net/utility/one_net_encode
                                  0000e702  0000e8c0       1bf
  $encoded_to_decoded_byte
                                  0000e702        28   func ,g         0
  $decoded_to_encoded_byte
                                  0000e72a        1a   func ,g         0
  $on_encode
                                  0000e744        b1   func ,g         0
  $on_decode
                                  0000e7f5        cc   func ,g         0

FILE=C:/HEWProj/kkn/one_net/app/one_net_features
                                  0000e8c1  0000e950        90
  _features_known
                                  0000e8c1        1e   func ,g         0
  _features_max_hops
                                  0000e8df         9   func ,g         0
  _features_max_peers
                                  0000e8e8         b   func ,g         0
  _features_data_rate_capable
                                  0000e8f3        13   func ,g         0
  _features_peer_capable
                                  0000e906         b   func ,g         0
  _features_mh_capable
                                  0000e911         b   func ,g         0
  _features_mh_repeat_capable
                                  0000e91c         b   func ,g         0
  _features_block_capable
                                  0000e927         b   func ,g         0
  _features_stream_capable
                                  0000e932         b   func ,g         0
  _features_device_sleeps
                                  0000e93d         b   func ,g         0
  _features_ack_nack_level
                                  0000e948         9   func ,g         0

FILE=C:/HEWProj/kkn/one_net/utility/one_net_led
                                  0000e951  0000ea60       110
  $rx_led_blink
                                  0000e951        36   func ,g         0
  $tx_led_blink
                                  0000e987        36   func ,g         0
  $tx_and_rx_led_blink
                                  0000e9bd        36   func ,g         0
  $startup_status_led_blink
                                  0000e9f3        41   func ,g         0
  _initialize_leds
                                  0000ea34         7   func ,g         0
  $set_tx_led
                                  0000ea3b         e   func ,g         0
  _toggle_tx_led
                                  0000ea49         5   func ,g         0
  $set_rx_led
                                  0000ea4e         e   func ,g         0
  _toggle_rx_led
                                  0000ea5c         5   func ,g         0

FILE=C:/HEWProj/kkn/one_net/app/one_net_message
                                  0000ea61  0000ecca       26a
  _empty_queue
                                  0000ea61         8   func ,g         0
  $push_queue_element
                                  0000ea69        9a   func ,g         0
  _pop_queue_element
                                  0000eb03         e   func ,g         0
  _single_data_queue_ready_to_send
                                  0000eb11         9   func ,g         0
  $must_send_to_master
                                  0000eb1a        46   func ,g         0
  $clear_recipient_list
                                  0000eb60         8   func ,g         0
  $did_and_unit_equal
                                  0000eb68        24   func ,g         0
  $remove_recipient_from_recipient_list
                                  0000eb8c        72   func ,g         0
  $add_recipient_to_recipient_list
                                  0000ebfe        61   func ,g         0
  $load_next_recipient
                                  0000ec5f        6a   func ,g         0
  $device_should_stay_awake
                                  0000ecc9         2   func ,g         0

FILE=C:/HEWProj/kkn/one_net/app/one_net_packet
                                  0000eccb  0000ee23       159
  $get_encoded_payload_len
                                  0000eccb        18   func ,g         0
  $get_raw_payload_len
                                  0000ece3        15   func ,g         0
  $get_num_payload_blocks
                                  0000ecf8        33   func ,g         0
  $get_encoded_packet_len
                                  0000ed2b        18   func ,g         0
  $packet_is_stay_awake
                                  0000ed43        1d   func ,g         0
  $set_stay_awake_pid
                                  0000ed60        3d   func ,g         0
  $set_ack_or_nack_pid
                                  0000ed9d        33   func ,g         0
  $packet_is_data
                                  0000edd0         6   func ,g         0
  $packet_is_nack
                                  0000edd6         4   func ,g         0
  $packet_is_ack
                                  0000edda         c   func ,g         0
  $get_single_response_pid
                                  0000ede6        3e   func ,g         0

FILE=one_net_port_specific
                                  0000ee24  0000f010       1ed
  $one_net_memmove
                                  0000ee24        73   func ,g         0
  $one_net_memset
                                  0000ee97        35   func ,g         0
  $one_net_memset_block
                                  0000eecc        43   func ,g         0
  $one_net_memcmp
                                  0000ef0f        3d   func ,g         0
  $one_net_byte_stream_to_int16
                                  0000ef4c        20   func ,g         0
  $one_net_int16_to_byte_stream
                                  0000ef6c        1a   func ,g         0
  $one_net_byte_stream_to_int32
                                  0000ef86        52   func ,g         0
  $one_net_int32_to_byte_stream
                                  0000efd8        1f   func ,g         0
  $did_to_u16
                                  0000eff7         d   func ,g         0
  $one_net_strtol
                                  0000f004         d   func ,g         0

FILE=one_net_prand
                                  0000f011  0000f05a        4a
  _one_net_prand
                                  0000f011        4a   func ,g         0

FILE=one_net_timer
                                  0000f05b  0000f1f7       19d
  $ont_set_timer
                                  0000f05b        29   func ,g         0
  $ont_get_timer
                                  0000f084        30   func ,g         0
  $ont_stop_timer
                                  0000f0b4        1b   func ,g         0
  $ont_active
                                  0000f0cf        11   func ,g         0
  $ont_expired
                                  0000f0e0        48   func ,g         0
  $ont_inactive_or_expired
                                  0000f128        36   func ,g         0

FILE=one_net_xtea
                                  0000f1f8  0000f3c6       1cf
  $one_net_xtea_encipher
                                  0000f1f8       14d   func ,g         0
  $one_net_xtea_decipher
                                  0000f345        82   func ,g         0

FILE=pal
                                  0000f3c7  0000f42a        64
  _pal_init_ports
                                  0000f3c7        11   func ,g         0
  _init_ports_leds
                                  0000f3d8         9   func ,g         0
  _high_speed_mode
                                  0000f3e1        26   func ,g         0
  _low_speed_mode
                                  0000f407        11   func ,g         0
  $pal_init_processor
                                  0000f418         8   func ,g         0
  _processor_sleep
                                  0000f3d7         0   func ,g         0
  _pal_disable_global_interrupts
                                  0000f420         3   func ,g         0
  _pal_enable_global_interrupts
                                  0000f423         3   func ,g         0
  _pal_exit
                                  0000f426         5   func ,g         0

FILE=simple_output
                                  0000f42b  0000f535       10b
  $one_net_client_invite_result
                                  0000f42d         0   func ,g         0
  $one_net_client_handle_single_pkt
                                  0000f42b         3   func ,g         0
  $one_net_client_single_txn_status
                                  0000f42d         0   func ,g         0
  _one_net_client_client_remove_device
                                  0000f42e         a   func ,g         0
  $one_net_client_reset_client
                                  0000f438         3   func ,g         0
  _one_net_client_get_invite_key
                                  0000f43b         5   func ,g         0
  $one_net_client_client_removed
                                  0000f42d         0   func ,g         0
  $one_net_client_client_added
                                  0000f42d         0   func ,g         0
  $one_net_client_handle_ack_nack_response
                                  0000f440         3   func ,g         0
  _main
                                  0000f4f8        3e   func ,g         0

FILE=tick
                                  0000f536  0000f5da        a5
  _init_tick
                                  0000f536        1a   func ,g         0
  _enable_tick_timer
                                  0000f550         5   func ,g         0
  _get_tick_count
                                  0000f555         9   func ,g         0
  _polled_tick_update
                                  0000f55e        13   func ,g         0
  $delay_ms
                                  0000f571        21   func ,g         0
  $delay_100s_us
                                  0000f592        17   func ,g         0
  _ms_to_tick
                                  0000f5a9         b   func ,g         0
  _tick_to_ms
                                  0000f5b4         b   func ,g         0
  _update_tick_count
                                  0000f5bf         f   func ,g         0
  _tick_timer_isr
                                  0000f5ce         d   func ,g         0

FILE=_i4modu
                                  0000f5dc  0000f626        4b
  __i4modU
                                  0000f5dc        4b   func ,g         0

FILE=_i4mulu
                                  0000f628  0000f643        1c
  __i4mulU
                                  0000f628        1c   func ,g         0

FILE=nstrtol
                                  0000f644  0000f874       231
  $_n_n_strtol
                                  0000f644       231   func ,g         0

SECTION=interrupt
FILE=ncrt0
                                  0000f876  0000f906        91
  $exit
                                  0000f904         0   none ,g         0
  _exit
                                  0000f904         0   none ,g         0
  dummy_int
                                  0000f906         0   none ,g         0

