##########################################
# (1) LINK INFORMATION                   #
##########################################
C:\Renesas\NC30WA\V543R00\bin\ln30.exe @C:\HEWProj\tr\processors\renesas\hew\app_board\quad_relay_output\Debug_R8C_E8_SYSTEM\quad_relay_output.m16cl

# ID CODE DATA
.ID  "#FFFFFFFFFFFFFF"

# OPTION FUNCTION SELECT REGISTER
.OFSREG  FFH

# LINK FILE INFORMATION
ncrt0 (C:\HEWProj\tr\processors\renesas\hew\app_board\quad_relay_output\Debug_R8C_E8_SYSTEM\ncrt0.r30)
	Feb 26 01:06:04 2012

adi (C:\HEWProj\tr\processors\renesas\hew\app_board\quad_relay_output\Debug_R8C_E8_SYSTEM\adi.r30)
	Feb 26 07:53:12 2012

client_port_specific (C:\HEWProj\tr\processors\renesas\hew\app_board\quad_relay_output\Debug_R8C_E8_SYSTEM\client_port_specific.r30)
	Feb 26 07:53:12 2012

flash (C:\HEWProj\tr\processors\renesas\hew\app_board\quad_relay_output\Debug_R8C_E8_SYSTEM\flash.r30)
	Feb 26 01:06:05 2012

hal_adi (C:\HEWProj\tr\processors\renesas\hew\app_board\quad_relay_output\Debug_R8C_E8_SYSTEM\hal_adi.r30)
	Feb 26 07:53:12 2012

led_hal (C:\HEWProj\tr\processors\renesas\hew\app_board\quad_relay_output\Debug_R8C_E8_SYSTEM\led_hal.r30)
	Feb 26 01:06:02 2012

one_net (C:\HEWProj\tr\processors\renesas\hew\app_board\quad_relay_output\Debug_R8C_E8_SYSTEM\one_net.r30)
	Feb 26 07:53:12 2012

one_net_acknowledge (C:\HEWProj\tr\processors\renesas\hew\app_board\quad_relay_output\Debug_R8C_E8_SYSTEM\one_net_acknowledge.r30)
	Feb 26 01:05:56 2012

one_net_application (C:\HEWProj\tr\processors\renesas\hew\app_board\quad_relay_output\Debug_R8C_E8_SYSTEM\one_net_application.r30)
	Feb 26 01:06:05 2012

one_net_client (C:\HEWProj\tr\processors\renesas\hew\app_board\quad_relay_output\Debug_R8C_E8_SYSTEM\one_net_client.r30)
	Feb 26 07:53:12 2012

one_net_crc (C:\HEWProj\tr\processors\renesas\hew\app_board\quad_relay_output\Debug_R8C_E8_SYSTEM\one_net_crc.r30)
	Feb 26 01:06:00 2012

one_net_encode (C:\HEWProj\tr\processors\renesas\hew\app_board\quad_relay_output\Debug_R8C_E8_SYSTEM\one_net_encode.r30)
	Feb 26 01:06:00 2012

one_net_features (C:\HEWProj\tr\processors\renesas\hew\app_board\quad_relay_output\Debug_R8C_E8_SYSTEM\one_net_features.r30)
	Feb 26 01:06:06 2012

one_net_led (C:\HEWProj\tr\processors\renesas\hew\app_board\quad_relay_output\Debug_R8C_E8_SYSTEM\one_net_led.r30)
	Feb 26 01:06:06 2012

one_net_message (C:\HEWProj\tr\processors\renesas\hew\app_board\quad_relay_output\Debug_R8C_E8_SYSTEM\one_net_message.r30)
	Feb 26 07:53:12 2012

one_net_packet (C:\HEWProj\tr\processors\renesas\hew\app_board\quad_relay_output\Debug_R8C_E8_SYSTEM\one_net_packet.r30)
	Feb 26 07:53:07 2012

one_net_peer (C:\HEWProj\tr\processors\renesas\hew\app_board\quad_relay_output\Debug_R8C_E8_SYSTEM\one_net_peer.r30)
	Feb 26 07:53:13 2012

one_net_port_specific (C:\HEWProj\tr\processors\renesas\hew\app_board\quad_relay_output\Debug_R8C_E8_SYSTEM\one_net_port_specific.r30)
	Feb 26 01:06:06 2012

one_net_prand (C:\HEWProj\tr\processors\renesas\hew\app_board\quad_relay_output\Debug_R8C_E8_SYSTEM\one_net_prand.r30)
	Feb 26 01:06:00 2012

one_net_timer (C:\HEWProj\tr\processors\renesas\hew\app_board\quad_relay_output\Debug_R8C_E8_SYSTEM\one_net_timer.r30)
	Feb 26 07:53:13 2012

one_net_xtea (C:\HEWProj\tr\processors\renesas\hew\app_board\quad_relay_output\Debug_R8C_E8_SYSTEM\one_net_xtea.r30)
	Feb 26 01:06:06 2012

pal (C:\HEWProj\tr\processors\renesas\hew\app_board\quad_relay_output\Debug_R8C_E8_SYSTEM\pal.r30)
	Feb 26 01:06:06 2012

simple_output (C:\HEWProj\tr\processors\renesas\hew\app_board\quad_relay_output\Debug_R8C_E8_SYSTEM\simple_output.r30)
	Feb 26 07:53:13 2012

tick (C:\HEWProj\tr\processors\renesas\hew\app_board\quad_relay_output\Debug_R8C_E8_SYSTEM\tick.r30)
	Feb 26 01:06:02 2012

_i4modu (C:\Renesas\NC30WA\V543R00\lib30\r8clib.lib)
	Feb 15 20:26:28 2007

_i4mulu (C:\Renesas\NC30WA\V543R00\lib30\r8clib.lib)
	Feb 15 20:26:28 2007

nstrtol (C:\Renesas\NC30WA\V543R00\lib30\r8clib.lib)
	Feb 15 20:27:05 2007

cdata (C:\Renesas\NC30WA\V543R00\lib30\r8clib.lib)
	Feb 15 20:26:35 2007

errno (C:\Renesas\NC30WA\V543R00\lib30\r8clib.lib)
	Feb 15 20:26:37 2007


##########################################
# (2) SECTION INFORMATION                #
##########################################
# SECTION                        ATR TYPE    START  LENGTH ALIGN MODULENAME
data_SE                          ABS DATA    000400 000000       ncrt0
bss_SE                           REL DATA    000400 000000 2     ncrt0
data_SO                          REL DATA    000400 000000       ncrt0
bss_SO                           REL DATA    000400 000000       ncrt0
data_NE                          REL DATA    000400 000000 2     ncrt0
                                 REL DATA    000400 000008 2     adi
                                 REL DATA    000408 000002 2     client_port_specific
                                 REL DATA    00040A 000002 2     one_net
                                 REL DATA    00040C 000002 2     one_net_client
                                 REL DATA    00040E 000002 2     one_net_message
                                 REL DATA    000410 000004 2     one_net_prand
                                 REL DATA    000414 000022 2     one_net_timer
                                 REL DATA    000436 000004 2     tick
                                 REL DATA    00043A 000002 2     errno
bss_NE                           REL DATA    00043C 000000 2     ncrt0
                                 REL DATA    00043C 000002 2     adi
                                 REL DATA    00043E 00005A 2     one_net
                                 REL DATA    000498 000010 2     one_net_client
                                 REL DATA    0004A8 00000E 2     one_net_message
                                 REL DATA    0004B6 000010 2     one_net_peer
data_NO                          REL DATA    0004C6 000000       ncrt0
                                 REL DATA    0004C6 000002       adi
                                 REL DATA    0004C8 00002B       one_net
                                 REL DATA    0004F3 000003       one_net_client
                                 REL DATA    0004F6 000001       one_net_message
bss_NO                           REL DATA    0004F7 000000       ncrt0
                                 REL DATA    0004F7 00006A       one_net
stack                            REL DATA    000562 000170 2     ncrt0
rom_NE                           ABS ROMDATA 00C000 000000       ncrt0
                                 REL ROMDATA 00C000 0000B0 2     adi
                                 REL ROMDATA 00C0B0 00000E 2     one_net
                                 REL ROMDATA 00C0BE 000002 2     one_net_client
                                 REL ROMDATA 00C0C0 000060 2     one_net_encode
                                 REL ROMDATA 00C120 000008 2     one_net_features
                                 REL ROMDATA 00C128 000002 2     one_net_message
                                 REL ROMDATA 00C12A 000002 2     one_net_peer
                                 REL ROMDATA 00C12C 000004 2     one_net_xtea
                                 REL ROMDATA 00C130 000012 2     simple_output
rom_NO                           REL ROMDATA 00C142 000000       ncrt0
                                 REL ROMDATA 00C142 000101       cdata
data_SEI                         REL ROMDATA 00C244 000000 2     ncrt0
data_SOI                         REL ROMDATA 00C244 000000       ncrt0
data_NEI                         REL ROMDATA 00C244 000000 2     ncrt0
                                 REL ROMDATA 00C244 000008       adi
                                 REL ROMDATA 00C24C 000002       client_port_specific
                                 REL ROMDATA 00C24E 000002       one_net
                                 REL ROMDATA 00C250 000002       one_net_client
                                 REL ROMDATA 00C252 000002       one_net_message
                                 REL ROMDATA 00C254 000004       one_net_prand
                                 REL ROMDATA 00C258 000022       one_net_timer
                                 REL ROMDATA 00C27A 000004       tick
                                 REL ROMDATA 00C27E 000002       errno
data_NOI                         REL ROMDATA 00C280 000000       ncrt0
                                 REL ROMDATA 00C280 000002       adi
                                 REL ROMDATA 00C282 00002B       one_net
                                 REL ROMDATA 00C2AD 000003       one_net_client
                                 REL ROMDATA 00C2B0 000001       one_net_message
program                          REL CODE    00C2B2 000000 2     ncrt0
                                 REL CODE    00C2B2 000360       adi
                                 REL CODE    00C612 000157       client_port_specific
                                 REL CODE    00C769 0000EA       flash
                                 REL CODE    00C853 0000AC       hal_adi
                                 REL CODE    00C8FF 000009       led_hal
                                 REL CODE    00C908 001144       one_net
                                 REL CODE    00DA4C 00000F       one_net_acknowledge
                                 REL CODE    00DA5B 0000E5       one_net_application
                                 REL CODE    00DB40 000C8B       one_net_client
                                 REL CODE    00E7CB 00007F       one_net_crc
                                 REL CODE    00E84A 0001BF       one_net_encode
                                 REL CODE    00EA09 000029       one_net_features
                                 REL CODE    00EA32 000110       one_net_led
                                 REL CODE    00EB42 00026F       one_net_message
                                 REL CODE    00EDB1 00016E       one_net_packet
                                 REL CODE    00EF1F 000262       one_net_peer
                                 REL CODE    00F181 0001E0       one_net_port_specific
                                 REL CODE    00F361 00004A       one_net_prand
                                 REL CODE    00F3AB 0001C7       one_net_timer
                                 REL CODE    00F572 0001C3       one_net_xtea
                                 REL CODE    00F735 000064       pal
                                 REL CODE    00F799 000281       simple_output
                                 REL CODE    00FA1A 0000A5       tick
                                 REL CODE    00FAC0 00004B 2     _i4modu
                                 REL CODE    00FB0C 00001C 2     _i4mulu
                                 REL CODE    00FB28 000231 2     nstrtol
interrupt                        REL CODE    00FD5A 000000 2     ncrt0
                                 REL CODE    00FD5A 000091       ncrt0
vector                           ABS ROMDATA 00FEDC 000100       ncrt0
fvector                          ABS ROMDATA 00FFDC 000024       ncrt0
# Total -------------------------------------------------------------------
                                     DATA           0002D1(0000721) Byte(s)
                                     ROMDATA        0003D4(0000980) Byte(s)
                                     CODE           003B38(0015160) Byte(s)

##########################################
# (3) GLOBAL LABEL INFORMATION           #
##########################################
$_n_n_strtol       00fb28  $add_peers_to_re   00ef4c  $add_recipient_t   00ece4
$calculate_msg_c   00cd6b  $clear_recipient   00ec46  $client_nv_crc     00dde9
$clr_status_reg    00c841  $decoded_to_enco   00e872  $delay_100s_us     00fa76
$delay_ms          00fa55  $device_should_s   00edaf  $did_and_unit_eq   00ec4e
$did_to_u16        00f330  $encoded_to_deco   00e84a  $erase_data_flas   00c7da
$eval_handle_ack   00f926  $eval_handle_sin   00f799  $eval_single_txn   00f913
$exit              00fde8  $get_encoded_pac   00ee11  $get_encoded_pay   00edb1
$get_num_payload   00edde  $get_raw_payload   00edc9  $get_single_resp   00eee1
$init_rf_interru   00c868  $is_broadcast_di   00dad5  $is_master_did     00dac5
$is_my_did         00dacb  $is_my_nid         00dabd  $load_next_recip   00ed45
$must_send_to_ma   00ec00  $nack_reason_is_   00da4c  $on_build_data_p   00cb7d
$on_build_my_pkt   00ccaf  $on_build_pkt_ad   00cc35  $on_build_respon   00c98b
$on_complete_pkt   00cce7  $on_decode         00e93d  $on_decrypt        00ce9f
$on_encode         00e88c  $on_encoded_did_   00da83  $on_encoded_nid_   00daa0
$on_encrypt        00ce3c  $on_parse_app_pl   00dadb  $on_parse_respon   00c908
$on_rx_packet      00d806  $ona_parse_msg_c   00da5b  $one_net           00cf0b
$one_net_add_pee   00efba  $one_net_byte_st   00f2b6  $one_net_byte_st   00f2d5
$one_net_client_   00f913  $one_net_client_   00f913  $one_net_client_   00dc5c
$one_net_client_   00f913  $one_net_client_   00db40  $one_net_client_   00f91e
$one_net_compute   00e7cb  $one_net_int16_t   00f2c9  $one_net_int32_t   00f31a
$one_net_memcmp    00f279  $one_net_memmove   00f181  $one_net_memset    00f1fe
$one_net_memset_   00f233  $one_net_remove_   00f0c2  $one_net_strtol    00f354
$one_net_xtea_de   00f6b3  $one_net_xtea_en   00f572  $ont_active        00f41f
$ont_expired       00f430  $ont_get_timer     00f3d4  $ont_inactive_or   00f478
$ont_set_timer     00f3ab  $ont_stop_timer    00f404  $packet_is_ack     00eed5
$packet_is_data    00eeb6  $packet_is_nack    00eebc  $packet_is_stay_   00ee29
$pal_init_proces   00f786  $pause_timer       00f548  $push_queue_elem   00eb4a
$read_param        00c612  $remove_recipien   00ec72  $rx_led_blink      00ea32
$rx_single_data    00d5f5  $set_ack_or_nack   00ee83  $set_rx_led        00eb2f
$set_stay_awake_   00ee46  $set_tx_led        00eb1c  $setup_pkt_ptr     00cdf7
$startup_status_   00ead4  $tal_read_bytes    00c34b  $tal_set_channel   00c456
$tal_set_data_ra   00c427  $tal_write_packe   00c30b  $tx_and_rx_led_b   00ea9e
$tx_led_blink      00ea68  $u16_to_did        00f336  $unpause_timer     00f55d
$verify_msg_crc    00cd8d  $verify_payload_   00cdbb  $write_data_flas   00c769
_BATTERY_THRESHO   00c0ac  _CHANNEL_SETTING   00c024  _DATA_RATE_SETTI   00c094
_DEV_KEY           00c132  _FEATURES_UNKNOW   00c124  _HEADER            00c0ba
_INIT_REG_VAL      00c000  _MASTER_ENCODED_   00c0b2  _MASTER_RAW_DID    00c0b0
_NO_DESTINATION    00c128  _ONE_NET_DEVICE_   00c130  _ON_ENCODED_BROA   00c0b4
_ON_RAW_BROADCAS   00c0b6  _THIS_DEVICE_FEA   00c120  _VOLTAGE_THRESHO   00c0ae
__ctype            00c142  __i4modU           00fac0  __i4mulU           00fb0c
_bit_mask          0004c7  _client_joined_n   0004f3  _client_looking_   0004f4
_clr_flash         00c666  _current_channel   0004c6  _data_pkt_ptrs     000530
_dataclk_isr       00c8bd  _decrypt_using_c   000560  _device_is_maste   0004e2
_disable_df_writ   00c83a  _empty_queue       00eb42  _enable_df_write   00c81e
_enable_tick_tim   00fa34  _encoded_pkt_byt   00045a  _errno             00043a
_exit              00fde8  _expected_src_di   000496  _features_device   00ea27
_features_known    00ea09  _flash_erase_che   00c674  _get_sender_info   00044a
_get_tick_count    00fa39  _hal_init_ports_   00c8ff  _high_speed_mode   00f74f
_init_ports_leds   00f746  _init_tick         00fa1a  _initialize_leds   00eb15
_invite_txn        0004e4  _low_speed_mode    00f775  _main              00f9b4
_master            00c0be  _ms_to_tick        00fa8d  _nv_param          0004f7
_on_base_param     00c0b8  _on_state          0004e3  _one_net_client    00dcca
_one_net_client_   00f914  _one_net_client_   00f921  _one_net_client_   00c6be
_one_net_init      00cef9  _one_net_prand     00f361  _one_net_reset_p   00ef1f
_pal_disable_glo   00f78e  _pal_enable_glob   00f791  _pal_exit          00f794
_pal_init_ports    00f735  _peer              00c12a  _peer_storage      0004b6
_pkt_hdlr          00043e  _polled_tick_upd   00fa42  _pop_queue_eleme   00ebe9
_processor_sleep   00f745  _raw_payload_byt   00053f  _read_adc          00c47f
_read_battery      00c47c  _read_revision     00c4a2  _read_rssi         00c464
_recipient_send_   0004a8  _recipient_send_   00040e  _response_pkt_pt   000535
_response_txn      0004c8  _rx_rf_count       000402  _rx_rf_idx         000400
_save              0004f1  _sending_dev_lis   000498  _single_data_que   00ebf7
_single_data_que   0004f6  _single_data_raw   00053a  _single_msg        00044e
_single_msg_ptr    00040a  _single_txn        0004d5  _tal_channel_is_   00c2fc
_tal_disable_tra   00c30a  _tal_enable_tran   00c30a  _tal_init_ports    00c853
_tal_init_transc   00c2b2  _tal_look_for_pa   00c39a  _tal_write_packe   00c332
_tick_count        000436  _tick_timer_isr    00fab2  _tick_to_ms        00fa98
_timer             000414  _toggle_rx_led     00eb3d  _toggle_tx_led     00eb2a
_tx_bit_isr        00c891  _tx_rf_data        00043c  _tx_rf_idx         000406
_tx_rf_len         000404  _update_tick_cou   00faa3  dummy_int          00fdea
start              00fd5a  

##########################################
# (4) GLOBAL EQU SYMBOL INFORMATION      #
##########################################
__SB__           00000400  

##########################################
# (5) GLOBAL EQU BIT-SYMBOL INFORMATION  #
##########################################

##########################################
# (6) LOCAL LABEL INFORMATION            #
##########################################
@ ncrt0 ( C:\HEWProj\tr\processors\renesas\hew\app_board\quad_relay_output\Debug_R8C_E8_SYSTEM\ncrt0.r30 )
@ adi ( C:\HEWProj\tr\processors\renesas\hew\app_board\quad_relay_output\Debug_R8C_E8_SYSTEM\adi.r30 )
@ client_port_specific ( C:\HEWProj\tr\processors\renesas\hew\app_board\quad_relay_output\Debug_R8C_E8_SYSTEM\client_port_specific.r30 )
@ flash ( C:\HEWProj\tr\processors\renesas\hew\app_board\quad_relay_output\Debug_R8C_E8_SYSTEM\flash.r30 )
@ hal_adi ( C:\HEWProj\tr\processors\renesas\hew\app_board\quad_relay_output\Debug_R8C_E8_SYSTEM\hal_adi.r30 )
@ led_hal ( C:\HEWProj\tr\processors\renesas\hew\app_board\quad_relay_output\Debug_R8C_E8_SYSTEM\led_hal.r30 )
@ one_net ( C:\HEWProj\tr\processors\renesas\hew\app_board\quad_relay_output\Debug_R8C_E8_SYSTEM\one_net.r30 )
@ one_net_acknowledge ( C:\HEWProj\tr\processors\renesas\hew\app_board\quad_relay_output\Debug_R8C_E8_SYSTEM\one_net_acknowledge.r30 )
@ one_net_application ( C:\HEWProj\tr\processors\renesas\hew\app_board\quad_relay_output\Debug_R8C_E8_SYSTEM\one_net_application.r30 )
@ one_net_client ( C:\HEWProj\tr\processors\renesas\hew\app_board\quad_relay_output\Debug_R8C_E8_SYSTEM\one_net_client.r30 )
@ one_net_crc ( C:\HEWProj\tr\processors\renesas\hew\app_board\quad_relay_output\Debug_R8C_E8_SYSTEM\one_net_crc.r30 )
@ one_net_encode ( C:\HEWProj\tr\processors\renesas\hew\app_board\quad_relay_output\Debug_R8C_E8_SYSTEM\one_net_encode.r30 )
@ one_net_features ( C:\HEWProj\tr\processors\renesas\hew\app_board\quad_relay_output\Debug_R8C_E8_SYSTEM\one_net_features.r30 )
@ one_net_led ( C:\HEWProj\tr\processors\renesas\hew\app_board\quad_relay_output\Debug_R8C_E8_SYSTEM\one_net_led.r30 )
@ one_net_message ( C:\HEWProj\tr\processors\renesas\hew\app_board\quad_relay_output\Debug_R8C_E8_SYSTEM\one_net_message.r30 )
@ one_net_packet ( C:\HEWProj\tr\processors\renesas\hew\app_board\quad_relay_output\Debug_R8C_E8_SYSTEM\one_net_packet.r30 )
@ one_net_peer ( C:\HEWProj\tr\processors\renesas\hew\app_board\quad_relay_output\Debug_R8C_E8_SYSTEM\one_net_peer.r30 )
@ one_net_port_specific ( C:\HEWProj\tr\processors\renesas\hew\app_board\quad_relay_output\Debug_R8C_E8_SYSTEM\one_net_port_specific.r30 )
@ one_net_prand ( C:\HEWProj\tr\processors\renesas\hew\app_board\quad_relay_output\Debug_R8C_E8_SYSTEM\one_net_prand.r30 )
@ one_net_timer ( C:\HEWProj\tr\processors\renesas\hew\app_board\quad_relay_output\Debug_R8C_E8_SYSTEM\one_net_timer.r30 )
@ one_net_xtea ( C:\HEWProj\tr\processors\renesas\hew\app_board\quad_relay_output\Debug_R8C_E8_SYSTEM\one_net_xtea.r30 )
@ pal ( C:\HEWProj\tr\processors\renesas\hew\app_board\quad_relay_output\Debug_R8C_E8_SYSTEM\pal.r30 )
@ simple_output ( C:\HEWProj\tr\processors\renesas\hew\app_board\quad_relay_output\Debug_R8C_E8_SYSTEM\simple_output.r30 )
@ tick ( C:\HEWProj\tr\processors\renesas\hew\app_board\quad_relay_output\Debug_R8C_E8_SYSTEM\tick.r30 )
@ _i4modu ( C:\Renesas\NC30WA\V543R00\lib30\r8clib.lib )
@ _i4mulu ( C:\Renesas\NC30WA\V543R00\lib30\r8clib.lib )
@ nstrtol ( C:\Renesas\NC30WA\V543R00\lib30\r8clib.lib )
@ cdata ( C:\Renesas\NC30WA\V543R00\lib30\r8clib.lib )
@ errno ( C:\Renesas\NC30WA\V543R00\lib30\r8clib.lib )

##########################################
# (7) LOCAL EQU SYMBOL INFORMATION       #
##########################################
@ ncrt0 ( C:\HEWProj\tr\processors\renesas\hew\app_board\quad_relay_output\Debug_R8C_E8_SYSTEM\ncrt0.r30 )
@ adi ( C:\HEWProj\tr\processors\renesas\hew\app_board\quad_relay_output\Debug_R8C_E8_SYSTEM\adi.r30 )
@ client_port_specific ( C:\HEWProj\tr\processors\renesas\hew\app_board\quad_relay_output\Debug_R8C_E8_SYSTEM\client_port_specific.r30 )
@ flash ( C:\HEWProj\tr\processors\renesas\hew\app_board\quad_relay_output\Debug_R8C_E8_SYSTEM\flash.r30 )
@ hal_adi ( C:\HEWProj\tr\processors\renesas\hew\app_board\quad_relay_output\Debug_R8C_E8_SYSTEM\hal_adi.r30 )
@ led_hal ( C:\HEWProj\tr\processors\renesas\hew\app_board\quad_relay_output\Debug_R8C_E8_SYSTEM\led_hal.r30 )
@ one_net ( C:\HEWProj\tr\processors\renesas\hew\app_board\quad_relay_output\Debug_R8C_E8_SYSTEM\one_net.r30 )
@ one_net_acknowledge ( C:\HEWProj\tr\processors\renesas\hew\app_board\quad_relay_output\Debug_R8C_E8_SYSTEM\one_net_acknowledge.r30 )
@ one_net_application ( C:\HEWProj\tr\processors\renesas\hew\app_board\quad_relay_output\Debug_R8C_E8_SYSTEM\one_net_application.r30 )
@ one_net_client ( C:\HEWProj\tr\processors\renesas\hew\app_board\quad_relay_output\Debug_R8C_E8_SYSTEM\one_net_client.r30 )
@ one_net_crc ( C:\HEWProj\tr\processors\renesas\hew\app_board\quad_relay_output\Debug_R8C_E8_SYSTEM\one_net_crc.r30 )
@ one_net_encode ( C:\HEWProj\tr\processors\renesas\hew\app_board\quad_relay_output\Debug_R8C_E8_SYSTEM\one_net_encode.r30 )
@ one_net_features ( C:\HEWProj\tr\processors\renesas\hew\app_board\quad_relay_output\Debug_R8C_E8_SYSTEM\one_net_features.r30 )
@ one_net_led ( C:\HEWProj\tr\processors\renesas\hew\app_board\quad_relay_output\Debug_R8C_E8_SYSTEM\one_net_led.r30 )
@ one_net_message ( C:\HEWProj\tr\processors\renesas\hew\app_board\quad_relay_output\Debug_R8C_E8_SYSTEM\one_net_message.r30 )
@ one_net_packet ( C:\HEWProj\tr\processors\renesas\hew\app_board\quad_relay_output\Debug_R8C_E8_SYSTEM\one_net_packet.r30 )
@ one_net_peer ( C:\HEWProj\tr\processors\renesas\hew\app_board\quad_relay_output\Debug_R8C_E8_SYSTEM\one_net_peer.r30 )
@ one_net_port_specific ( C:\HEWProj\tr\processors\renesas\hew\app_board\quad_relay_output\Debug_R8C_E8_SYSTEM\one_net_port_specific.r30 )
@ one_net_prand ( C:\HEWProj\tr\processors\renesas\hew\app_board\quad_relay_output\Debug_R8C_E8_SYSTEM\one_net_prand.r30 )
@ one_net_timer ( C:\HEWProj\tr\processors\renesas\hew\app_board\quad_relay_output\Debug_R8C_E8_SYSTEM\one_net_timer.r30 )
@ one_net_xtea ( C:\HEWProj\tr\processors\renesas\hew\app_board\quad_relay_output\Debug_R8C_E8_SYSTEM\one_net_xtea.r30 )
@ pal ( C:\HEWProj\tr\processors\renesas\hew\app_board\quad_relay_output\Debug_R8C_E8_SYSTEM\pal.r30 )
@ simple_output ( C:\HEWProj\tr\processors\renesas\hew\app_board\quad_relay_output\Debug_R8C_E8_SYSTEM\simple_output.r30 )
@ tick ( C:\HEWProj\tr\processors\renesas\hew\app_board\quad_relay_output\Debug_R8C_E8_SYSTEM\tick.r30 )
@ _i4modu ( C:\Renesas\NC30WA\V543R00\lib30\r8clib.lib )
@ _i4mulu ( C:\Renesas\NC30WA\V543R00\lib30\r8clib.lib )
@ nstrtol ( C:\Renesas\NC30WA\V543R00\lib30\r8clib.lib )
@ cdata ( C:\Renesas\NC30WA\V543R00\lib30\r8clib.lib )
@ errno ( C:\Renesas\NC30WA\V543R00\lib30\r8clib.lib )

##########################################
# (8) LOCAL EQU BIT-SYMBOL INFORMATION   #
##########################################
@ ncrt0 ( C:\HEWProj\tr\processors\renesas\hew\app_board\quad_relay_output\Debug_R8C_E8_SYSTEM\ncrt0.r30 )
@ adi ( C:\HEWProj\tr\processors\renesas\hew\app_board\quad_relay_output\Debug_R8C_E8_SYSTEM\adi.r30 )
@ client_port_specific ( C:\HEWProj\tr\processors\renesas\hew\app_board\quad_relay_output\Debug_R8C_E8_SYSTEM\client_port_specific.r30 )
@ flash ( C:\HEWProj\tr\processors\renesas\hew\app_board\quad_relay_output\Debug_R8C_E8_SYSTEM\flash.r30 )
@ hal_adi ( C:\HEWProj\tr\processors\renesas\hew\app_board\quad_relay_output\Debug_R8C_E8_SYSTEM\hal_adi.r30 )
@ led_hal ( C:\HEWProj\tr\processors\renesas\hew\app_board\quad_relay_output\Debug_R8C_E8_SYSTEM\led_hal.r30 )
@ one_net ( C:\HEWProj\tr\processors\renesas\hew\app_board\quad_relay_output\Debug_R8C_E8_SYSTEM\one_net.r30 )
@ one_net_acknowledge ( C:\HEWProj\tr\processors\renesas\hew\app_board\quad_relay_output\Debug_R8C_E8_SYSTEM\one_net_acknowledge.r30 )
@ one_net_application ( C:\HEWProj\tr\processors\renesas\hew\app_board\quad_relay_output\Debug_R8C_E8_SYSTEM\one_net_application.r30 )
@ one_net_client ( C:\HEWProj\tr\processors\renesas\hew\app_board\quad_relay_output\Debug_R8C_E8_SYSTEM\one_net_client.r30 )
@ one_net_crc ( C:\HEWProj\tr\processors\renesas\hew\app_board\quad_relay_output\Debug_R8C_E8_SYSTEM\one_net_crc.r30 )
@ one_net_encode ( C:\HEWProj\tr\processors\renesas\hew\app_board\quad_relay_output\Debug_R8C_E8_SYSTEM\one_net_encode.r30 )
@ one_net_features ( C:\HEWProj\tr\processors\renesas\hew\app_board\quad_relay_output\Debug_R8C_E8_SYSTEM\one_net_features.r30 )
@ one_net_led ( C:\HEWProj\tr\processors\renesas\hew\app_board\quad_relay_output\Debug_R8C_E8_SYSTEM\one_net_led.r30 )
@ one_net_message ( C:\HEWProj\tr\processors\renesas\hew\app_board\quad_relay_output\Debug_R8C_E8_SYSTEM\one_net_message.r30 )
@ one_net_packet ( C:\HEWProj\tr\processors\renesas\hew\app_board\quad_relay_output\Debug_R8C_E8_SYSTEM\one_net_packet.r30 )
@ one_net_peer ( C:\HEWProj\tr\processors\renesas\hew\app_board\quad_relay_output\Debug_R8C_E8_SYSTEM\one_net_peer.r30 )
@ one_net_port_specific ( C:\HEWProj\tr\processors\renesas\hew\app_board\quad_relay_output\Debug_R8C_E8_SYSTEM\one_net_port_specific.r30 )
@ one_net_prand ( C:\HEWProj\tr\processors\renesas\hew\app_board\quad_relay_output\Debug_R8C_E8_SYSTEM\one_net_prand.r30 )
@ one_net_timer ( C:\HEWProj\tr\processors\renesas\hew\app_board\quad_relay_output\Debug_R8C_E8_SYSTEM\one_net_timer.r30 )
@ one_net_xtea ( C:\HEWProj\tr\processors\renesas\hew\app_board\quad_relay_output\Debug_R8C_E8_SYSTEM\one_net_xtea.r30 )
@ pal ( C:\HEWProj\tr\processors\renesas\hew\app_board\quad_relay_output\Debug_R8C_E8_SYSTEM\pal.r30 )
@ simple_output ( C:\HEWProj\tr\processors\renesas\hew\app_board\quad_relay_output\Debug_R8C_E8_SYSTEM\simple_output.r30 )
@ tick ( C:\HEWProj\tr\processors\renesas\hew\app_board\quad_relay_output\Debug_R8C_E8_SYSTEM\tick.r30 )
@ _i4modu ( C:\Renesas\NC30WA\V543R00\lib30\r8clib.lib )
@ _i4mulu ( C:\Renesas\NC30WA\V543R00\lib30\r8clib.lib )
@ nstrtol ( C:\Renesas\NC30WA\V543R00\lib30\r8clib.lib )
@ cdata ( C:\Renesas\NC30WA\V543R00\lib30\r8clib.lib )
@ errno ( C:\Renesas\NC30WA\V543R00\lib30\r8clib.lib )

*** Mapping List ***

SECTION                            START      END         SIZE   ALIGN

data_SE
                                  00000400  00000400         0   1
bss_SE
                                  00000400  00000400         0   2
data_SO
                                  00000400  00000400         0   1
bss_SO
                                  00000400  00000400         0   1
data_NE
                                  00000400  0000043b        3c   2
bss_NE
                                  0000043c  000004c5        8a   2
data_NO
                                  000004c6  000004f6        31   1
bss_NO
                                  000004f7  00000560        6a   1
stack
                                  00000562  000006d1       170   2
rom_NE
                                  0000c000  0000c141       142   1
rom_NO
                                  0000c142  0000c242       101   1
data_SEI
                                  0000c244  0000c244         0   2
data_SOI
                                  0000c244  0000c244         0   1
data_NEI
                                  0000c244  0000c27f        3c   2
data_NOI
                                  0000c280  0000c2b0        31   1
program
                                  0000c2b2  0000fd58      3aa7   2
interrupt
                                  0000fd5a  0000fdea        91   2
vector
                                  0000fedc  0000ffdb       100   1
fvector
                                  0000ffdc  0000ffff        24   1

*** Symbol List ***

SECTION=
FILE=                               START        END    SIZE
  SYMBOL                            ADDR        SIZE    INFO      COUNTS  OPT

SECTION=data_SE
FILE=ncrt0
                                  00000400  00000400         0
  __SB__
                                  00000400         0   none ,g         0

SECTION=data_NE
FILE=C:/HEWProj/tr/transceivers/adi/adi
                                  00000400  00000407         8
  _rx_rf_idx
                                  00000400         2   data ,g         0
  _rx_rf_count
                                  00000402         2   data ,g         0
  _tx_rf_len
                                  00000404         2   data ,g         0
  _tx_rf_idx
                                  00000406         2   data ,g         0

FILE=C:/HEWProj/tr/one_net/mac/one_net
                                  0000040a  0000040b         2
  _single_msg_ptr
                                  0000040a         2   data ,g         0

FILE=C:/HEWProj/tr/one_net/app/one_net_message
                                  0000040e  0000040f         2
  _recipient_send_list_ptr
                                  0000040e         2   data ,g         0

FILE=C:/HEWProj/tr/one_net/utility/one_net_timer
                                  00000414  00000435        22
  _timer
                                  00000414        1e   data ,g         0

FILE=C:/HEWProj/tr/processors/renesas/src/adi_io_boards/tick
                                  00000436  00000439         4
  _tick_count
                                  00000436         4   data ,g         0

FILE=errno
                                  0000043a  0000043b         2
  _errno
                                  0000043a         0   none ,g         0

SECTION=bss_NE
FILE=C:/HEWProj/tr/transceivers/adi/adi
                                  0000043c  0000043d         2
  _tx_rf_data
                                  0000043c         2   data ,g         0

FILE=C:/HEWProj/tr/one_net/mac/one_net
                                  0000043e  00000497        5a
  _pkt_hdlr
                                  0000043e         c   data ,g         0
  _get_sender_info
                                  0000044a         4   data ,g         0
  _single_msg
                                  0000044e         c   data ,g         0
  _encoded_pkt_bytes
                                  0000045a        3c   data ,g         0
  _expected_src_did
                                  00000496         2   data ,g         0

FILE=C:/HEWProj/tr/one_net/mac/one_net_client
                                  00000498  000004a7        10
  _sending_dev_list
                                  00000498        10   data ,g         0

FILE=C:/HEWProj/tr/one_net/app/one_net_message
                                  000004a8  000004b5         e
  _recipient_send_list
                                  000004a8         e   data ,g         0

FILE=C:/HEWProj/tr/one_net/mac/one_net_peer
                                  000004b6  000004c5        10
  _peer_storage
                                  000004b6        10   data ,g         0

SECTION=data_NO
FILE=ncrt0
                                  000004c6  000004c6         0
  _current_channel
                                  000004c6         1   data ,g         0

FILE=C:/HEWProj/tr/transceivers/adi/adi
                                  000004c6  000004c7         2
  _bit_mask
                                  000004c7         1   data ,g         0

FILE=C:/HEWProj/tr/one_net/mac/one_net
                                  000004c8  000004f2        2b
  _response_txn
                                  000004c8         d   data ,g         0
  _single_txn
                                  000004d5         d   data ,g         0
  _device_is_master
                                  000004e2         1   data ,g         0
  _invite_txn
                                  000004e4         d   data ,g         0
  _save
                                  000004f1         1   data ,g         0
  _on_state
                                  000004e3         1   data ,g         0

FILE=C:/HEWProj/tr/one_net/mac/one_net_client
                                  000004f3  000004f5         3
  _client_joined_network
                                  000004f3         1   data ,g         0
  _client_looking_for_invite
                                  000004f4         1   data ,g         0

FILE=C:/HEWProj/tr/one_net/app/one_net_message
                                  000004f6  000004f6         1
  _single_data_queue_size
                                  000004f6         1   data ,g         0

SECTION=bss_NO
FILE=C:/HEWProj/tr/one_net/mac/one_net
                                  000004f7  00000560        6a
  _nv_param
                                  000004f7        39   data ,g         0
  _data_pkt_ptrs
                                  00000530         5   data ,g         0
  _response_pkt_ptrs
                                  00000535         5   data ,g         0
  _single_data_raw_pld
                                  0000053a         5   data ,g         0
  _raw_payload_bytes
                                  0000053f        21   data ,g         0
  _decrypt_using_current_key
                                  00000560         1   data ,g         0

SECTION=rom_NE
FILE=C:/HEWProj/tr/transceivers/adi/adi
                                  0000c000  0000c0af        b0
  _INIT_REG_VAL
                                  0000c000        24   data ,g         0
  _CHANNEL_SETTING
                                  0000c024        70   data ,g         0
  _DATA_RATE_SETTING
                                  0000c094        18   data ,g         0
  _BATTERY_THRESHOLD
                                  0000c0ac         2   data ,g         0
  _VOLTAGE_THRESHOLD
                                  0000c0ae         2   data ,g         0

FILE=C:/HEWProj/tr/one_net/mac/one_net
                                  0000c0b0  0000c0bd         e
  _HEADER
                                  0000c0ba         4   data ,g         0
  _ON_ENCODED_BROADCAST_DID
                                  0000c0b4         2   data ,g         0
  _ON_RAW_BROADCAST_DID
                                  0000c0b6         2   data ,g         0
  _MASTER_RAW_DID
                                  0000c0b0         2   data ,g         0
  _MASTER_ENCODED_DID
                                  0000c0b2         2   data ,g         0
  _on_base_param
                                  0000c0b8         2   data ,g         0

FILE=C:/HEWProj/tr/one_net/mac/one_net_client
                                  0000c0be  0000c0bf         2
  _master
                                  0000c0be         2   data ,g         0

FILE=C:/HEWProj/tr/one_net/app/one_net_features
                                  0000c120  0000c127         8
  _THIS_DEVICE_FEATURES
                                  0000c120         4   data ,g         0
  _FEATURES_UNKNOWN
                                  0000c124         4   data ,g         0

FILE=C:/HEWProj/tr/one_net/app/one_net_message
                                  0000c128  0000c129         2
  _NO_DESTINATION
                                  0000c128         2   data ,g         0

FILE=C:/HEWProj/tr/one_net/mac/one_net_peer
                                  0000c12a  0000c12b         2
  _peer
                                  0000c12a         2   data ,g         0

FILE=C:/HEWProj/tr/applications/simple_io_board/simple_output
                                  0000c130  0000c141        12
  _DEV_KEY
                                  0000c132        10   data ,g         0
  _ONE_NET_DEVICE_UNIT_TYPE
                                  0000c130         2   data ,g         0

SECTION=rom_NO
FILE=ncrt0
                                  0000c142  0000c142         0
  __ctype
                                  0000c142         0   none ,g         0

SECTION=program
FILE=C:/HEWProj/tr/transceivers/adi/adi
                                  0000c2b2  0000c611       360
  _tal_init_transceiver
                                  0000c2b2        4a   func ,g         0
  _tal_enable_transceiver
                                  0000c30a         0   func ,g         0
  _tal_disable_transceiver
                                  0000c30a         0   func ,g         0
  _tal_channel_is_clear
                                  0000c2fc         f   func ,g         0
  $tal_write_packet
                                  0000c30b        27   func ,g         0
  _tal_write_packet_done
                                  0000c332        19   func ,g         0
  $tal_read_bytes
                                  0000c34b        4f   func ,g         0
  _tal_look_for_packet
                                  0000c39a        8d   func ,g         0
  $tal_set_data_rate
                                  0000c427        2f   func ,g         0
  $tal_set_channel
                                  0000c456         e   func ,g         0
  _read_rssi
                                  0000c464        18   func ,g         0
  _read_battery
                                  0000c47c         3   func ,g         0
  _read_adc
                                  0000c47f        23   func ,g         0
  _read_revision
                                  0000c4a2         3   func ,g         0

FILE=C:/HEWProj/tr/processors/renesas/src/common/client_port_specific
                                  0000c612  0000c768       157
  $read_param
                                  0000c612        54   func ,g         0
  _clr_flash
                                  0000c666         e   func ,g         0
  _flash_erase_check
                                  0000c674        4a   func ,g         0
  _one_net_client_save_settings
                                  0000c6be        ab   func ,g         0

FILE=C:/HEWProj/tr/processors/renesas/src/r8c1/flash
                                  0000c769  0000c852        ea
  $write_data_flash
                                  0000c769        71   func ,g         0
  $erase_data_flash
                                  0000c7da        44   func ,g         0
  _enable_df_write
                                  0000c81e        1c   func ,g         0
  _disable_df_write
                                  0000c83a         7   func ,g         0
  $clr_status_reg
                                  0000c841        12   func ,g         0

FILE=C:/HEWProj/tr/processors/renesas/src/adi_io_boards/hal_adi
                                  0000c853  0000c8fe        ac
  _tal_init_ports
                                  0000c853        15   func ,g         0
  $init_rf_interrupts
                                  0000c868        29   func ,g         0
  _tx_bit_isr
                                  0000c891        2c   func ,g         0
  _dataclk_isr
                                  0000c8bd        42   func ,g         0

FILE=C:/HEWProj/tr/processors/renesas/src/adi_io_boards/led_hal
                                  0000c8ff  0000c907         9
  _hal_init_ports_leds
                                  0000c8ff         9   func ,g         0

FILE=C:/HEWProj/tr/one_net/mac/one_net
                                  0000c908  0000da4b      1144
  $on_parse_response_pkt
                                  0000c908        83   func ,g         0
  $on_build_response_pkt
                                  0000c98b       1f2   func ,g         0
  $on_build_data_pkt
                                  0000cb7d        b8   func ,g         0
  $on_build_pkt_addresses
                                  0000cc35        7a   func ,g         0
  $on_build_my_pkt_addresses
                                  0000ccaf        38   func ,g         0
  $on_complete_pkt_build
                                  0000cce7        84   func ,g         0
  $calculate_msg_crc
                                  0000cd6b        22   func ,g         0
  $verify_msg_crc
                                  0000cd8d        2e   func ,g         0
  $verify_payload_crc
                                  0000cdbb        3c   func ,g         0
  $setup_pkt_ptr
                                  0000cdf7        45   func ,g         0
  $on_encrypt
                                  0000ce3c        63   func ,g         0
  $on_decrypt
                                  0000ce9f        5a   func ,g         0
  _one_net_init
                                  0000cef9        12   func ,g         0
  $one_net
                                  0000cf0b       4bd   func ,g         0
  $rx_single_data
                                  0000d5f5       211   func ,g         0
  $on_rx_packet
                                  0000d806       224   func ,g         0

FILE=C:/HEWProj/tr/one_net/app/one_net_acknowledge
                                  0000da4c  0000da5a         f
  $nack_reason_is_fatal
                                  0000da4c         f   func ,g         0

FILE=C:/HEWProj/tr/one_net/app/one_net_application
                                  0000da5b  0000db3f        e5
  $ona_parse_msg_class_and_type
                                  0000da5b        28   func ,g         0
  $on_encoded_did_equal
                                  0000da83        1d   func ,g         0
  $on_encoded_nid_equal
                                  0000daa0        1d   func ,g         0
  $is_my_nid
                                  0000dabd         8   func ,g         0
  $is_master_did
                                  0000dac5         6   func ,g         0
  $is_my_did
                                  0000dacb         a   func ,g         0
  $is_broadcast_did
                                  0000dad5         6   func ,g         0
  $on_parse_app_pld
                                  0000dadb        65   func ,g         0

FILE=C:/HEWProj/tr/one_net/mac/one_net_client
                                  0000db40  0000e7ca       c8b
  $one_net_client_look_for_invite
                                  0000db40       11c   func ,g         0
  $one_net_client_init
                                  0000dc5c        6e   func ,g         0
  _one_net_client
                                  0000dcca       11f   func ,g         0
  $client_nv_crc
                                  0000dde9        5f   func ,g         0

FILE=C:/HEWProj/tr/one_net/utility/one_net_crc
                                  0000e7cb  0000e849        7f
  $one_net_compute_crc
                                  0000e7cb        7f   func ,g         0

FILE=C:/HEWProj/tr/one_net/utility/one_net_encode
                                  0000e84a  0000ea08       1bf
  $encoded_to_decoded_byte
                                  0000e84a        28   func ,g         0
  $decoded_to_encoded_byte
                                  0000e872        1a   func ,g         0
  $on_encode
                                  0000e88c        b1   func ,g         0
  $on_decode
                                  0000e93d        cc   func ,g         0

FILE=C:/HEWProj/tr/one_net/app/one_net_features
                                  0000ea09  0000ea31        29
  _features_known
                                  0000ea09        1e   func ,g         0
  _features_device_sleeps
                                  0000ea27         b   func ,g         0

FILE=C:/HEWProj/tr/one_net/utility/one_net_led
                                  0000ea32  0000eb41       110
  $rx_led_blink
                                  0000ea32        36   func ,g         0
  $tx_led_blink
                                  0000ea68        36   func ,g         0
  $tx_and_rx_led_blink
                                  0000ea9e        36   func ,g         0
  $startup_status_led_blink
                                  0000ead4        41   func ,g         0
  _initialize_leds
                                  0000eb15         7   func ,g         0
  $set_tx_led
                                  0000eb1c         e   func ,g         0
  _toggle_tx_led
                                  0000eb2a         5   func ,g         0
  $set_rx_led
                                  0000eb2f         e   func ,g         0
  _toggle_rx_led
                                  0000eb3d         5   func ,g         0

FILE=C:/HEWProj/tr/one_net/app/one_net_message
                                  0000eb42  0000edb0       26f
  _empty_queue
                                  0000eb42         8   func ,g         0
  $push_queue_element
                                  0000eb4a        9f   func ,g         0
  _pop_queue_element
                                  0000ebe9         e   func ,g         0
  _single_data_queue_ready_to_send
                                  0000ebf7         9   func ,g         0
  $must_send_to_master
                                  0000ec00        46   func ,g         0
  $clear_recipient_list
                                  0000ec46         8   func ,g         0
  $did_and_unit_equal
                                  0000ec4e        24   func ,g         0
  $remove_recipient_from_recipient_list
                                  0000ec72        72   func ,g         0
  $add_recipient_to_recipient_list
                                  0000ece4        61   func ,g         0
  $load_next_recipient
                                  0000ed45        6a   func ,g         0
  $device_should_stay_awake
                                  0000edaf         2   func ,g         0

FILE=C:/HEWProj/tr/one_net/app/one_net_packet
                                  0000edb1  0000ef1e       16e
  $get_encoded_payload_len
                                  0000edb1        18   func ,g         0
  $get_raw_payload_len
                                  0000edc9        15   func ,g         0
  $get_num_payload_blocks
                                  0000edde        33   func ,g         0
  $get_encoded_packet_len
                                  0000ee11        18   func ,g         0
  $packet_is_stay_awake
                                  0000ee29        1d   func ,g         0
  $set_stay_awake_pid
                                  0000ee46        3d   func ,g         0
  $set_ack_or_nack_pid
                                  0000ee83        33   func ,g         0
  $packet_is_data
                                  0000eeb6         6   func ,g         0
  $packet_is_nack
                                  0000eebc        19   func ,g         0
  $packet_is_ack
                                  0000eed5         c   func ,g         0
  $get_single_response_pid
                                  0000eee1        3e   func ,g         0

FILE=C:/HEWProj/tr/one_net/mac/one_net_peer
                                  0000ef1f  0000f180       262
  _one_net_reset_peers
                                  0000ef1f        2d   func ,g         0
  $add_peers_to_recipient_list
                                  0000ef4c        6e   func ,g         0
  $one_net_add_peer_to_list
                                  0000efba       108   func ,g         0
  $one_net_remove_peer_from_list
                                  0000f0c2        bf   func ,g         0

FILE=C:/HEWProj/tr/processors/renesas/src/common/one_net_port_specific
                                  0000f181  0000f360       1e0
  $one_net_memmove
                                  0000f181        7d   func ,g         0
  $one_net_memset
                                  0000f1fe        35   func ,g         0
  $one_net_memset_block
                                  0000f233        46   func ,g         0
  $one_net_memcmp
                                  0000f279        3d   func ,g         0
  $one_net_byte_stream_to_int16
                                  0000f2b6        13   func ,g         0
  $one_net_int16_to_byte_stream
                                  0000f2c9         c   func ,g         0
  $one_net_byte_stream_to_int32
                                  0000f2d5        45   func ,g         0
  $one_net_int32_to_byte_stream
                                  0000f31a        16   func ,g         0
  $did_to_u16
                                  0000f330         6   func ,g         0
  $u16_to_did
                                  0000f336        1e   func ,g         0
  $one_net_strtol
                                  0000f354         d   func ,g         0

FILE=C:/HEWProj/tr/one_net/utility/one_net_prand
                                  0000f361  0000f3aa        4a
  _one_net_prand
                                  0000f361        4a   func ,g         0

FILE=C:/HEWProj/tr/one_net/utility/one_net_timer
                                  0000f3ab  0000f571       1c7
  $ont_set_timer
                                  0000f3ab        29   func ,g         0
  $ont_get_timer
                                  0000f3d4        30   func ,g         0
  $ont_stop_timer
                                  0000f404        1b   func ,g         0
  $ont_active
                                  0000f41f        11   func ,g         0
  $ont_expired
                                  0000f430        48   func ,g         0
  $ont_inactive_or_expired
                                  0000f478        36   func ,g         0
  $pause_timer
                                  0000f548        15   func ,g         0
  $unpause_timer
                                  0000f55d        15   func ,g         0

FILE=C:/HEWProj/tr/one_net/utility/one_net_xtea
                                  0000f572  0000f734       1c3
  $one_net_xtea_encipher
                                  0000f572       141   func ,g         0
  $one_net_xtea_decipher
                                  0000f6b3        82   func ,g         0

FILE=C:/HEWProj/tr/processors/renesas/src/adi_io_boards/pal
                                  0000f735  0000f798        64
  _pal_init_ports
                                  0000f735        11   func ,g         0
  _init_ports_leds
                                  0000f746         9   func ,g         0
  _high_speed_mode
                                  0000f74f        26   func ,g         0
  _low_speed_mode
                                  0000f775        11   func ,g         0
  $pal_init_processor
                                  0000f786         8   func ,g         0
  _processor_sleep
                                  0000f745         0   func ,g         0
  _pal_disable_global_interrupts
                                  0000f78e         3   func ,g         0
  _pal_enable_global_interrupts
                                  0000f791         3   func ,g         0
  _pal_exit
                                  0000f794         5   func ,g         0

FILE=C:/HEWProj/tr/applications/simple_io_board/simple_output
                                  0000f799  0000fa19       281
  $one_net_client_invite_result
                                  0000f913         0   func ,g         0
  $eval_handle_single
                                  0000f799       17b   func ,g         0
  $eval_single_txn_status
                                  0000f913         0   func ,g         0
  _one_net_client_client_remove_device
                                  0000f914         a   func ,g         0
  $one_net_client_reset_client
                                  0000f91e         3   func ,g         0
  _one_net_client_get_invite_key
                                  0000f921         5   func ,g         0
  $one_net_client_client_removed
                                  0000f913         0   func ,g         0
  $one_net_client_client_added
                                  0000f913         0   func ,g         0
  $eval_handle_ack_nack_response
                                  0000f926         3   func ,g         0
  _main
                                  0000f9b4        66   func ,g         0

FILE=C:/HEWProj/tr/processors/renesas/src/adi_io_boards/tick
                                  0000fa1a  0000fabe        a5
  _init_tick
                                  0000fa1a        1a   func ,g         0
  _enable_tick_timer
                                  0000fa34         5   func ,g         0
  _get_tick_count
                                  0000fa39         9   func ,g         0
  _polled_tick_update
                                  0000fa42        13   func ,g         0
  $delay_ms
                                  0000fa55        21   func ,g         0
  $delay_100s_us
                                  0000fa76        17   func ,g         0
  _ms_to_tick
                                  0000fa8d         b   func ,g         0
  _tick_to_ms
                                  0000fa98         b   func ,g         0
  _update_tick_count
                                  0000faa3         f   func ,g         0
  _tick_timer_isr
                                  0000fab2         d   func ,g         0

FILE=_i4modu
                                  0000fac0  0000fb0a        4b
  __i4modU
                                  0000fac0        4b   func ,g         0

FILE=_i4mulu
                                  0000fb0c  0000fb27        1c
  __i4mulU
                                  0000fb0c        1c   func ,g         0

FILE=nstrtol
                                  0000fb28  0000fd58       231
  $_n_n_strtol
                                  0000fb28       231   func ,g         0

SECTION=interrupt
FILE=ncrt0
                                  0000fd5a  0000fdea        91
  $exit
                                  0000fde8         0   none ,g         0
  _exit
                                  0000fde8         0   none ,g         0
  dummy_int
                                  0000fdea         0   none ,g         0

