##########################################
# (1) LINK INFORMATION                   #
##########################################
C:\Renesas\NC30WA\V543R00\bin\ln30.exe @C:\HEWProj\trJun26\processors\renesas\hew\app_board\quad_relay_output\Debug_R8C_E8_SYSTEM\quad_relay_output.m16cl

# ID CODE DATA
.ID  "#FFFFFFFFFFFFFF"

# OPTION FUNCTION SELECT REGISTER
.OFSREG  FFH

# LINK FILE INFORMATION
ncrt0 (C:\HEWProj\trJun26\processors\renesas\hew\app_board\quad_relay_output\Debug_R8C_E8_SYSTEM\ncrt0.r30)
	Jun 26 19:41:24 2012

adi (C:\HEWProj\trJun26\processors\renesas\hew\app_board\quad_relay_output\Debug_R8C_E8_SYSTEM\adi.r30)
	Jun 26 19:41:24 2012

client_port_specific (C:\HEWProj\trJun26\processors\renesas\hew\app_board\quad_relay_output\Debug_R8C_E8_SYSTEM\client_port_specific.r30)
	Jun 26 19:41:25 2012

flash (C:\HEWProj\trJun26\processors\renesas\hew\app_board\quad_relay_output\Debug_R8C_E8_SYSTEM\flash.r30)
	Jun 26 19:41:25 2012

hal_adi (C:\HEWProj\trJun26\processors\renesas\hew\app_board\quad_relay_output\Debug_R8C_E8_SYSTEM\hal_adi.r30)
	Jun 26 19:41:25 2012

led_hal (C:\HEWProj\trJun26\processors\renesas\hew\app_board\quad_relay_output\Debug_R8C_E8_SYSTEM\led_hal.r30)
	Jun 26 19:41:21 2012

one_net (C:\HEWProj\trJun26\processors\renesas\hew\app_board\quad_relay_output\Debug_R8C_E8_SYSTEM\one_net.r30)
	Jun 26 19:41:25 2012

one_net_acknowledge (C:\HEWProj\trJun26\processors\renesas\hew\app_board\quad_relay_output\Debug_R8C_E8_SYSTEM\one_net_acknowledge.r30)
	Jun 26 19:41:14 2012

one_net_application (C:\HEWProj\trJun26\processors\renesas\hew\app_board\quad_relay_output\Debug_R8C_E8_SYSTEM\one_net_application.r30)
	Jun 26 19:41:25 2012

one_net_client (C:\HEWProj\trJun26\processors\renesas\hew\app_board\quad_relay_output\Debug_R8C_E8_SYSTEM\one_net_client.r30)
	Jun 26 19:41:25 2012

one_net_crc (C:\HEWProj\trJun26\processors\renesas\hew\app_board\quad_relay_output\Debug_R8C_E8_SYSTEM\one_net_crc.r30)
	Jun 26 19:41:19 2012

one_net_encode (C:\HEWProj\trJun26\processors\renesas\hew\app_board\quad_relay_output\Debug_R8C_E8_SYSTEM\one_net_encode.r30)
	Jun 26 19:41:19 2012

one_net_features (C:\HEWProj\trJun26\processors\renesas\hew\app_board\quad_relay_output\Debug_R8C_E8_SYSTEM\one_net_features.r30)
	Jun 26 19:41:25 2012

one_net_led (C:\HEWProj\trJun26\processors\renesas\hew\app_board\quad_relay_output\Debug_R8C_E8_SYSTEM\one_net_led.r30)
	Jun 26 19:41:25 2012

one_net_message (C:\HEWProj\trJun26\processors\renesas\hew\app_board\quad_relay_output\Debug_R8C_E8_SYSTEM\one_net_message.r30)
	Jun 26 19:41:26 2012

one_net_packet (C:\HEWProj\trJun26\processors\renesas\hew\app_board\quad_relay_output\Debug_R8C_E8_SYSTEM\one_net_packet.r30)
	Jun 26 19:41:16 2012

one_net_peer (C:\HEWProj\trJun26\processors\renesas\hew\app_board\quad_relay_output\Debug_R8C_E8_SYSTEM\one_net_peer.r30)
	Jun 26 19:41:26 2012

one_net_port_specific (C:\HEWProj\trJun26\processors\renesas\hew\app_board\quad_relay_output\Debug_R8C_E8_SYSTEM\one_net_port_specific.r30)
	Jun 26 19:41:26 2012

one_net_prand (C:\HEWProj\trJun26\processors\renesas\hew\app_board\quad_relay_output\Debug_R8C_E8_SYSTEM\one_net_prand.r30)
	Jun 26 19:41:19 2012

one_net_timer (C:\HEWProj\trJun26\processors\renesas\hew\app_board\quad_relay_output\Debug_R8C_E8_SYSTEM\one_net_timer.r30)
	Jun 26 19:41:26 2012

one_net_xtea (C:\HEWProj\trJun26\processors\renesas\hew\app_board\quad_relay_output\Debug_R8C_E8_SYSTEM\one_net_xtea.r30)
	Jun 26 19:41:26 2012

pal (C:\HEWProj\trJun26\processors\renesas\hew\app_board\quad_relay_output\Debug_R8C_E8_SYSTEM\pal.r30)
	Jun 26 19:41:26 2012

simple_output (C:\HEWProj\trJun26\processors\renesas\hew\app_board\quad_relay_output\Debug_R8C_E8_SYSTEM\simple_output.r30)
	Jun 26 19:41:26 2012

tick (C:\HEWProj\trJun26\processors\renesas\hew\app_board\quad_relay_output\Debug_R8C_E8_SYSTEM\tick.r30)
	Jun 26 19:41:22 2012

_i4modu (C:\Renesas\NC30WA\V543R00\lib30\r8clib.lib)
	Feb 15 20:26:28 2007

_i4mulu (C:\Renesas\NC30WA\V543R00\lib30\r8clib.lib)
	Feb 15 20:26:28 2007

nstrtol (C:\Renesas\NC30WA\V543R00\lib30\r8clib.lib)
	Feb 15 20:27:05 2007

cdata (C:\Renesas\NC30WA\V543R00\lib30\r8clib.lib)
	Feb 15 20:26:35 2007

errno (C:\Renesas\NC30WA\V543R00\lib30\r8clib.lib)
	Feb 15 20:26:37 2007


##########################################
# (2) SECTION INFORMATION                #
##########################################
# SECTION                        ATR TYPE    START  LENGTH ALIGN MODULENAME
data_SE                          ABS DATA    000400 000000       ncrt0
bss_SE                           REL DATA    000400 000000 2     ncrt0
data_SO                          REL DATA    000400 000000       ncrt0
bss_SO                           REL DATA    000400 000000       ncrt0
data_NE                          REL DATA    000400 000000 2     ncrt0
                                 REL DATA    000400 000008 2     adi
                                 REL DATA    000408 000002 2     client_port_specific
                                 REL DATA    00040A 000006 2     one_net
                                 REL DATA    000410 000002 2     one_net_client
                                 REL DATA    000412 000002 2     one_net_message
                                 REL DATA    000414 000004 2     one_net_prand
                                 REL DATA    000418 000022 2     one_net_timer
                                 REL DATA    00043A 000004 2     tick
                                 REL DATA    00043E 000002 2     errno
bss_NE                           REL DATA    000440 000000 2     ncrt0
                                 REL DATA    000440 000002 2     adi
                                 REL DATA    000442 00004E 2     one_net
                                 REL DATA    000490 00000E 2     one_net_message
                                 REL DATA    00049E 000010 2     one_net_peer
data_NO                          REL DATA    0004AE 000000       ncrt0
                                 REL DATA    0004AE 000003       adi
                                 REL DATA    0004B1 00002C       one_net
                                 REL DATA    0004DD 000003       one_net_client
                                 REL DATA    0004E0 000001       one_net_message
bss_NO                           REL DATA    0004E1 000000       ncrt0
                                 REL DATA    0004E1 000079       one_net
                                 REL DATA    00055A 00000D       one_net_client
stack                            REL DATA    000568 000170 2     ncrt0
rom_NE                           ABS ROMDATA 00C000 000000       ncrt0
                                 REL ROMDATA 00C000 0000B0 2     adi
                                 REL ROMDATA 00C0B0 00000E 2     one_net
                                 REL ROMDATA 00C0BE 000002 2     one_net_client
                                 REL ROMDATA 00C0C0 000060 2     one_net_encode
                                 REL ROMDATA 00C120 000008 2     one_net_features
                                 REL ROMDATA 00C128 000002 2     one_net_message
                                 REL ROMDATA 00C12A 000002 2     one_net_peer
                                 REL ROMDATA 00C12C 000004 2     one_net_xtea
                                 REL ROMDATA 00C130 000012 2     simple_output
rom_NO                           REL ROMDATA 00C142 000000       ncrt0
                                 REL ROMDATA 00C142 000101       cdata
data_SEI                         REL ROMDATA 00C244 000000 2     ncrt0
data_SOI                         REL ROMDATA 00C244 000000       ncrt0
data_NEI                         REL ROMDATA 00C244 000000 2     ncrt0
                                 REL ROMDATA 00C244 000008       adi
                                 REL ROMDATA 00C24C 000002       client_port_specific
                                 REL ROMDATA 00C24E 000006       one_net
                                 REL ROMDATA 00C254 000002       one_net_client
                                 REL ROMDATA 00C256 000002       one_net_message
                                 REL ROMDATA 00C258 000004       one_net_prand
                                 REL ROMDATA 00C25C 000022       one_net_timer
                                 REL ROMDATA 00C27E 000004       tick
                                 REL ROMDATA 00C282 000002       errno
data_NOI                         REL ROMDATA 00C284 000000       ncrt0
                                 REL ROMDATA 00C284 000003       adi
                                 REL ROMDATA 00C287 00002C       one_net
                                 REL ROMDATA 00C2B3 000003       one_net_client
                                 REL ROMDATA 00C2B6 000001       one_net_message
program                          REL CODE    00C2B8 000000 2     ncrt0
                                 REL CODE    00C2B8 00038A       adi
                                 REL CODE    00C642 000157       client_port_specific
                                 REL CODE    00C799 0000EA       flash
                                 REL CODE    00C883 0000AC       hal_adi
                                 REL CODE    00C92F 000009       led_hal
                                 REL CODE    00C938 00126B       one_net
                                 REL CODE    00DBA3 000009       one_net_acknowledge
                                 REL CODE    00DBAC 0000D9       one_net_application
                                 REL CODE    00DC85 000B47       one_net_client
                                 REL CODE    00E7CC 00007F       one_net_crc
                                 REL CODE    00E84B 0001BF       one_net_encode
                                 REL CODE    00EA0A 000029       one_net_features
                                 REL CODE    00EA33 000110       one_net_led
                                 REL CODE    00EB43 000279       one_net_message
                                 REL CODE    00EDBC 00015D       one_net_packet
                                 REL CODE    00EF19 000262       one_net_peer
                                 REL CODE    00F17B 0001E0       one_net_port_specific
                                 REL CODE    00F35B 00004A       one_net_prand
                                 REL CODE    00F3A5 0001C7       one_net_timer
                                 REL CODE    00F56C 0001C3       one_net_xtea
                                 REL CODE    00F72F 000064       pal
                                 REL CODE    00F793 00027A       simple_output
                                 REL CODE    00FA0D 0000A5       tick
                                 REL CODE    00FAB2 00004B 2     _i4modu
                                 REL CODE    00FAFE 00001C 2     _i4mulu
                                 REL CODE    00FB1A 000231 2     nstrtol
interrupt                        REL CODE    00FD4C 000000 2     ncrt0
                                 REL CODE    00FD4C 000091       ncrt0
vector                           ABS ROMDATA 00FEDC 000100       ncrt0
fvector                          ABS ROMDATA 00FFDC 000024       ncrt0
# Total -------------------------------------------------------------------
                                     DATA           0002D7(0000727) Byte(s)
                                     ROMDATA        0003DA(0000986) Byte(s)
                                     CODE           003B24(0015140) Byte(s)

##########################################
# (3) GLOBAL LABEL INFORMATION           #
##########################################
$_n_n_strtol       00fb1a  $add_peers_to_re   00ef46  $add_recipient_t   00ece6
$calculate_msg_c   00cd87  $clear_recipient   00ec48  $client_nv_crc     00dedc
$clr_status_reg    00c871  $decoded_to_enco   00e873  $delay_100s_us     00fa69
$delay_ms          00fa48  $device_should_s   00edba  $did_and_unit_eq   00ec50
$did_to_u16        00f32a  $encoded_to_deco   00e84b  $erase_data_flas   00c80a
$eval_handle_ack   00f91a  $eval_handle_sin   00f793  $eval_single_txn   00f919
$exit              00fdda  $get_default_num   00eefb  $get_encoded_pac   00ee07
$get_encoded_pay   00edbc  $get_num_payload   00ede9  $get_raw_payload   00edd4
$get_single_resp   00ee68  $init_rf_interru   00c898  $is_broadcast_di   00dbfe
$is_master_did     00dbee  $is_my_did         00dbf4  $is_my_nid         00dbe6
$load_next_recip   00ed50  $must_send_to_ma   00ec07  $nack_reason_is_   00dba3
$new_key_fragmen   00daeb  $on_build_data_p   00cbb3  $on_build_my_pkt   00cce5
$on_build_pkt_ad   00cc6b  $on_build_respon   00c9bf  $on_complete_pkt   00cd1d
$on_decode         00e93e  $on_decrypt        00cf02  $on_encode         00e88d
$on_encoded_did_   00dbac  $on_encoded_nid_   00dbc9  $on_encrypt        00ce9f
$on_parse_app_pl   00dc04  $on_parse_respon   00c938  $on_rx_packet      00d859
$one_net           00cf6e  $one_net_add_pee   00efb4  $one_net_byte_st   00f2b0
$one_net_byte_st   00f2cf  $one_net_client_   00f919  $one_net_client_   00f919
$one_net_client_   00dd51  $one_net_client_   00f919  $one_net_client_   00dc85
$one_net_client_   00f912  $one_net_compute   00e7cc  $one_net_int16_t   00f2c3
$one_net_int32_t   00f314  $one_net_memcmp    00f273  $one_net_memmove   00f17b
$one_net_memset    00f1f8  $one_net_memset_   00f22d  $one_net_reject_   00db64
$one_net_remove_   00f0bc  $one_net_strtol    00f34e  $one_net_xtea_de   00f6ad
$one_net_xtea_en   00f56c  $ont_active        00f419  $ont_expired       00f42a
$ont_get_timer     00f3ce  $ont_inactive_or   00f472  $ont_set_timer     00f3a5
$ont_stop_timer    00f3fe  $packet_is_ack     00ee5e  $packet_is_data    00ee52
$packet_is_nack    00ee5a  $packet_length_i   00eec3  $pal_init_proces   00f780
$pause_timer       00f542  $push_queue_elem   00eb4b  $read_param        00c642
$remove_recipien   00ec74  $rx_led_blink      00ea33  $rx_single_data    00d642
$set_ack_or_nack   00ee1f  $set_rx_led        00eb30  $set_tx_led        00eb1d
$setup_pkt_ptr     00ce13  $startup_status_   00ead5  $tal_read_bytes    00c351
$tal_set_channel   00c486  $tal_set_data_ra   00c452  $tal_write_packe   00c311
$tx_and_rx_led_b   00ea9f  $tx_led_blink      00ea69  $u16_to_did        00f330
$unpause_timer     00f557  $verify_msg_crc    00cda9  $verify_payload_   00cdd7
$write_data_flas   00c799  _BATTERY_THRESHO   00c0ac  _CHANNEL_SETTING   00c024
_DATA_RATE_SETTI   00c094  _DEV_KEY           00c132  _FEATURES_UNKNOW   00c124
_HEADER            00c0ba  _INIT_REG_VAL      00c000  _MASTER_ENCODED_   00c0b4
_MASTER_RAW_DID    00c0b2  _NO_DESTINATION    00c128  _ONE_NET_DEVICE_   00c130
_ON_ENCODED_BROA   00c0b6  _ON_RAW_BROADCAS   00c0b8  _THIS_DEVICE_FEA   00c120
_VOLTAGE_THRESHO   00c0ae  __ctype            00c142  __i4modU           00fab2
__i4mulU           00fafe  _bit_mask          0004b0  _client_joined_n   0004dd
_client_looking_   0004de  _clr_flash         00c696  _current_channel   0004ae
_current_data_ra   0004af  _data_pkt_ptrs     000518  _dataclk_isr       00c8ed
_decrypt_using_c   000559  _device_is_maste   0004cb  _disable_df_writ   00c86a
_empty_queue       00eb43  _enable_df_write   00c84e  _enable_tick_tim   00fa27
_encoded_pkt_byt   000452  _errno             00043e  _exit              00fdda
_expected_src_di   00048e  _features_device   00ea28  _features_known    00ea0a
_flash_erase_che   00c6a4  _get_sender_info   00044e  _get_tick_count    00fa2c
_hal_init_ports_   00c92f  _high_speed_mode   00f749  _init_ports_leds   00f740
_init_tick         00fa0d  _initialize_leds   00eb16  _invite_txn        0004cd
_key_change_requ   00040c  _key_change_requ   0004da  _low_speed_mode    00f76f
_main              00f9a7  _master            00c0be  _ms_to_tick        00fa80
_nv_param          0004e1  _on_base_param     00c0b0  _on_state          0004cc
_one_net_client    00ddbf  _one_net_client_   00f908  _one_net_client_   00f915
_one_net_client_   00c6ee  _one_net_init      00cf5c  _one_net_prand     00f35b
_one_net_reset_p   00ef19  _pal_disable_glo   00f788  _pal_enable_glob   00f78b
_pal_exit          00f78e  _pal_init_ports    00f72f  _peer              00c12a
_peer_storage      00049e  _pkt_hdlr          000442  _polled_tick_upd   00fa35
_pop_queue_eleme   00ebf0  _processor_sleep   00f73f  _raw_payload_byt   000538
_read_adc          00c4af  _read_battery      00c4ac  _read_revision     00c4d2
_read_rssi         00c494  _recipient_send_   000490  _recipient_send_   000412
_reset_msg_ids     00daa3  _response_pkt_pt   00051f  _response_txn      0004b1
_rx_rf_count       000402  _rx_rf_idx         000400  _save              0004db
_sending_dev_lis   00055a  _single_data_que   00ebfe  _single_data_que   0004e0
_single_data_raw   000533  _single_msg        000526  _single_msg_ptr    00040a
_single_txn        0004be  _tal_channel_is_   00c302  _tal_disable_tra   00c310
_tal_enable_tran   00c310  _tal_init_ports    00c883  _tal_init_transc   00c2b8
_tal_look_for_pa   00c3a0  _tal_write_packe   00c338  _tick_count        00043a
_tick_timer_isr    00faa5  _tick_to_ms        00fa8b  _timer             000418
_toggle_rx_led     00eb3e  _toggle_tx_led     00eb2b  _tx_bit_isr        00c8c1
_tx_rf_data        000440  _tx_rf_idx         000406  _tx_rf_len         000404
_update_tick_cou   00fa96  dummy_int          00fddc  start              00fd4c

##########################################
# (4) GLOBAL EQU SYMBOL INFORMATION      #
##########################################
__SB__           00000400  

##########################################
# (5) GLOBAL EQU BIT-SYMBOL INFORMATION  #
##########################################

##########################################
# (6) LOCAL LABEL INFORMATION            #
##########################################
@ ncrt0 ( C:\HEWProj\trJun26\processors\renesas\hew\app_board\quad_relay_output\Debug_R8C_E8_SYSTEM\ncrt0.r30 )
@ adi ( C:\HEWProj\trJun26\processors\renesas\hew\app_board\quad_relay_output\Debug_R8C_E8_SYSTEM\adi.r30 )
@ client_port_specific ( C:\HEWProj\trJun26\processors\renesas\hew\app_board\quad_relay_output\Debug_R8C_E8_SYSTEM\client_port_specific.r30 )
@ flash ( C:\HEWProj\trJun26\processors\renesas\hew\app_board\quad_relay_output\Debug_R8C_E8_SYSTEM\flash.r30 )
@ hal_adi ( C:\HEWProj\trJun26\processors\renesas\hew\app_board\quad_relay_output\Debug_R8C_E8_SYSTEM\hal_adi.r30 )
@ led_hal ( C:\HEWProj\trJun26\processors\renesas\hew\app_board\quad_relay_output\Debug_R8C_E8_SYSTEM\led_hal.r30 )
@ one_net ( C:\HEWProj\trJun26\processors\renesas\hew\app_board\quad_relay_output\Debug_R8C_E8_SYSTEM\one_net.r30 )
@ one_net_acknowledge ( C:\HEWProj\trJun26\processors\renesas\hew\app_board\quad_relay_output\Debug_R8C_E8_SYSTEM\one_net_acknowledge.r30 )
@ one_net_application ( C:\HEWProj\trJun26\processors\renesas\hew\app_board\quad_relay_output\Debug_R8C_E8_SYSTEM\one_net_application.r30 )
@ one_net_client ( C:\HEWProj\trJun26\processors\renesas\hew\app_board\quad_relay_output\Debug_R8C_E8_SYSTEM\one_net_client.r30 )
@ one_net_crc ( C:\HEWProj\trJun26\processors\renesas\hew\app_board\quad_relay_output\Debug_R8C_E8_SYSTEM\one_net_crc.r30 )
@ one_net_encode ( C:\HEWProj\trJun26\processors\renesas\hew\app_board\quad_relay_output\Debug_R8C_E8_SYSTEM\one_net_encode.r30 )
@ one_net_features ( C:\HEWProj\trJun26\processors\renesas\hew\app_board\quad_relay_output\Debug_R8C_E8_SYSTEM\one_net_features.r30 )
@ one_net_led ( C:\HEWProj\trJun26\processors\renesas\hew\app_board\quad_relay_output\Debug_R8C_E8_SYSTEM\one_net_led.r30 )
@ one_net_message ( C:\HEWProj\trJun26\processors\renesas\hew\app_board\quad_relay_output\Debug_R8C_E8_SYSTEM\one_net_message.r30 )
@ one_net_packet ( C:\HEWProj\trJun26\processors\renesas\hew\app_board\quad_relay_output\Debug_R8C_E8_SYSTEM\one_net_packet.r30 )
@ one_net_peer ( C:\HEWProj\trJun26\processors\renesas\hew\app_board\quad_relay_output\Debug_R8C_E8_SYSTEM\one_net_peer.r30 )
@ one_net_port_specific ( C:\HEWProj\trJun26\processors\renesas\hew\app_board\quad_relay_output\Debug_R8C_E8_SYSTEM\one_net_port_specific.r30 )
@ one_net_prand ( C:\HEWProj\trJun26\processors\renesas\hew\app_board\quad_relay_output\Debug_R8C_E8_SYSTEM\one_net_prand.r30 )
@ one_net_timer ( C:\HEWProj\trJun26\processors\renesas\hew\app_board\quad_relay_output\Debug_R8C_E8_SYSTEM\one_net_timer.r30 )
@ one_net_xtea ( C:\HEWProj\trJun26\processors\renesas\hew\app_board\quad_relay_output\Debug_R8C_E8_SYSTEM\one_net_xtea.r30 )
@ pal ( C:\HEWProj\trJun26\processors\renesas\hew\app_board\quad_relay_output\Debug_R8C_E8_SYSTEM\pal.r30 )
@ simple_output ( C:\HEWProj\trJun26\processors\renesas\hew\app_board\quad_relay_output\Debug_R8C_E8_SYSTEM\simple_output.r30 )
@ tick ( C:\HEWProj\trJun26\processors\renesas\hew\app_board\quad_relay_output\Debug_R8C_E8_SYSTEM\tick.r30 )
@ _i4modu ( C:\Renesas\NC30WA\V543R00\lib30\r8clib.lib )
@ _i4mulu ( C:\Renesas\NC30WA\V543R00\lib30\r8clib.lib )
@ nstrtol ( C:\Renesas\NC30WA\V543R00\lib30\r8clib.lib )
@ cdata ( C:\Renesas\NC30WA\V543R00\lib30\r8clib.lib )
@ errno ( C:\Renesas\NC30WA\V543R00\lib30\r8clib.lib )

##########################################
# (7) LOCAL EQU SYMBOL INFORMATION       #
##########################################
@ ncrt0 ( C:\HEWProj\trJun26\processors\renesas\hew\app_board\quad_relay_output\Debug_R8C_E8_SYSTEM\ncrt0.r30 )
@ adi ( C:\HEWProj\trJun26\processors\renesas\hew\app_board\quad_relay_output\Debug_R8C_E8_SYSTEM\adi.r30 )
@ client_port_specific ( C:\HEWProj\trJun26\processors\renesas\hew\app_board\quad_relay_output\Debug_R8C_E8_SYSTEM\client_port_specific.r30 )
@ flash ( C:\HEWProj\trJun26\processors\renesas\hew\app_board\quad_relay_output\Debug_R8C_E8_SYSTEM\flash.r30 )
@ hal_adi ( C:\HEWProj\trJun26\processors\renesas\hew\app_board\quad_relay_output\Debug_R8C_E8_SYSTEM\hal_adi.r30 )
@ led_hal ( C:\HEWProj\trJun26\processors\renesas\hew\app_board\quad_relay_output\Debug_R8C_E8_SYSTEM\led_hal.r30 )
@ one_net ( C:\HEWProj\trJun26\processors\renesas\hew\app_board\quad_relay_output\Debug_R8C_E8_SYSTEM\one_net.r30 )
@ one_net_acknowledge ( C:\HEWProj\trJun26\processors\renesas\hew\app_board\quad_relay_output\Debug_R8C_E8_SYSTEM\one_net_acknowledge.r30 )
@ one_net_application ( C:\HEWProj\trJun26\processors\renesas\hew\app_board\quad_relay_output\Debug_R8C_E8_SYSTEM\one_net_application.r30 )
@ one_net_client ( C:\HEWProj\trJun26\processors\renesas\hew\app_board\quad_relay_output\Debug_R8C_E8_SYSTEM\one_net_client.r30 )
@ one_net_crc ( C:\HEWProj\trJun26\processors\renesas\hew\app_board\quad_relay_output\Debug_R8C_E8_SYSTEM\one_net_crc.r30 )
@ one_net_encode ( C:\HEWProj\trJun26\processors\renesas\hew\app_board\quad_relay_output\Debug_R8C_E8_SYSTEM\one_net_encode.r30 )
@ one_net_features ( C:\HEWProj\trJun26\processors\renesas\hew\app_board\quad_relay_output\Debug_R8C_E8_SYSTEM\one_net_features.r30 )
@ one_net_led ( C:\HEWProj\trJun26\processors\renesas\hew\app_board\quad_relay_output\Debug_R8C_E8_SYSTEM\one_net_led.r30 )
@ one_net_message ( C:\HEWProj\trJun26\processors\renesas\hew\app_board\quad_relay_output\Debug_R8C_E8_SYSTEM\one_net_message.r30 )
@ one_net_packet ( C:\HEWProj\trJun26\processors\renesas\hew\app_board\quad_relay_output\Debug_R8C_E8_SYSTEM\one_net_packet.r30 )
@ one_net_peer ( C:\HEWProj\trJun26\processors\renesas\hew\app_board\quad_relay_output\Debug_R8C_E8_SYSTEM\one_net_peer.r30 )
@ one_net_port_specific ( C:\HEWProj\trJun26\processors\renesas\hew\app_board\quad_relay_output\Debug_R8C_E8_SYSTEM\one_net_port_specific.r30 )
@ one_net_prand ( C:\HEWProj\trJun26\processors\renesas\hew\app_board\quad_relay_output\Debug_R8C_E8_SYSTEM\one_net_prand.r30 )
@ one_net_timer ( C:\HEWProj\trJun26\processors\renesas\hew\app_board\quad_relay_output\Debug_R8C_E8_SYSTEM\one_net_timer.r30 )
@ one_net_xtea ( C:\HEWProj\trJun26\processors\renesas\hew\app_board\quad_relay_output\Debug_R8C_E8_SYSTEM\one_net_xtea.r30 )
@ pal ( C:\HEWProj\trJun26\processors\renesas\hew\app_board\quad_relay_output\Debug_R8C_E8_SYSTEM\pal.r30 )
@ simple_output ( C:\HEWProj\trJun26\processors\renesas\hew\app_board\quad_relay_output\Debug_R8C_E8_SYSTEM\simple_output.r30 )
@ tick ( C:\HEWProj\trJun26\processors\renesas\hew\app_board\quad_relay_output\Debug_R8C_E8_SYSTEM\tick.r30 )
@ _i4modu ( C:\Renesas\NC30WA\V543R00\lib30\r8clib.lib )
@ _i4mulu ( C:\Renesas\NC30WA\V543R00\lib30\r8clib.lib )
@ nstrtol ( C:\Renesas\NC30WA\V543R00\lib30\r8clib.lib )
@ cdata ( C:\Renesas\NC30WA\V543R00\lib30\r8clib.lib )
@ errno ( C:\Renesas\NC30WA\V543R00\lib30\r8clib.lib )

##########################################
# (8) LOCAL EQU BIT-SYMBOL INFORMATION   #
##########################################
@ ncrt0 ( C:\HEWProj\trJun26\processors\renesas\hew\app_board\quad_relay_output\Debug_R8C_E8_SYSTEM\ncrt0.r30 )
@ adi ( C:\HEWProj\trJun26\processors\renesas\hew\app_board\quad_relay_output\Debug_R8C_E8_SYSTEM\adi.r30 )
@ client_port_specific ( C:\HEWProj\trJun26\processors\renesas\hew\app_board\quad_relay_output\Debug_R8C_E8_SYSTEM\client_port_specific.r30 )
@ flash ( C:\HEWProj\trJun26\processors\renesas\hew\app_board\quad_relay_output\Debug_R8C_E8_SYSTEM\flash.r30 )
@ hal_adi ( C:\HEWProj\trJun26\processors\renesas\hew\app_board\quad_relay_output\Debug_R8C_E8_SYSTEM\hal_adi.r30 )
@ led_hal ( C:\HEWProj\trJun26\processors\renesas\hew\app_board\quad_relay_output\Debug_R8C_E8_SYSTEM\led_hal.r30 )
@ one_net ( C:\HEWProj\trJun26\processors\renesas\hew\app_board\quad_relay_output\Debug_R8C_E8_SYSTEM\one_net.r30 )
@ one_net_acknowledge ( C:\HEWProj\trJun26\processors\renesas\hew\app_board\quad_relay_output\Debug_R8C_E8_SYSTEM\one_net_acknowledge.r30 )
@ one_net_application ( C:\HEWProj\trJun26\processors\renesas\hew\app_board\quad_relay_output\Debug_R8C_E8_SYSTEM\one_net_application.r30 )
@ one_net_client ( C:\HEWProj\trJun26\processors\renesas\hew\app_board\quad_relay_output\Debug_R8C_E8_SYSTEM\one_net_client.r30 )
@ one_net_crc ( C:\HEWProj\trJun26\processors\renesas\hew\app_board\quad_relay_output\Debug_R8C_E8_SYSTEM\one_net_crc.r30 )
@ one_net_encode ( C:\HEWProj\trJun26\processors\renesas\hew\app_board\quad_relay_output\Debug_R8C_E8_SYSTEM\one_net_encode.r30 )
@ one_net_features ( C:\HEWProj\trJun26\processors\renesas\hew\app_board\quad_relay_output\Debug_R8C_E8_SYSTEM\one_net_features.r30 )
@ one_net_led ( C:\HEWProj\trJun26\processors\renesas\hew\app_board\quad_relay_output\Debug_R8C_E8_SYSTEM\one_net_led.r30 )
@ one_net_message ( C:\HEWProj\trJun26\processors\renesas\hew\app_board\quad_relay_output\Debug_R8C_E8_SYSTEM\one_net_message.r30 )
@ one_net_packet ( C:\HEWProj\trJun26\processors\renesas\hew\app_board\quad_relay_output\Debug_R8C_E8_SYSTEM\one_net_packet.r30 )
@ one_net_peer ( C:\HEWProj\trJun26\processors\renesas\hew\app_board\quad_relay_output\Debug_R8C_E8_SYSTEM\one_net_peer.r30 )
@ one_net_port_specific ( C:\HEWProj\trJun26\processors\renesas\hew\app_board\quad_relay_output\Debug_R8C_E8_SYSTEM\one_net_port_specific.r30 )
@ one_net_prand ( C:\HEWProj\trJun26\processors\renesas\hew\app_board\quad_relay_output\Debug_R8C_E8_SYSTEM\one_net_prand.r30 )
@ one_net_timer ( C:\HEWProj\trJun26\processors\renesas\hew\app_board\quad_relay_output\Debug_R8C_E8_SYSTEM\one_net_timer.r30 )
@ one_net_xtea ( C:\HEWProj\trJun26\processors\renesas\hew\app_board\quad_relay_output\Debug_R8C_E8_SYSTEM\one_net_xtea.r30 )
@ pal ( C:\HEWProj\trJun26\processors\renesas\hew\app_board\quad_relay_output\Debug_R8C_E8_SYSTEM\pal.r30 )
@ simple_output ( C:\HEWProj\trJun26\processors\renesas\hew\app_board\quad_relay_output\Debug_R8C_E8_SYSTEM\simple_output.r30 )
@ tick ( C:\HEWProj\trJun26\processors\renesas\hew\app_board\quad_relay_output\Debug_R8C_E8_SYSTEM\tick.r30 )
@ _i4modu ( C:\Renesas\NC30WA\V543R00\lib30\r8clib.lib )
@ _i4mulu ( C:\Renesas\NC30WA\V543R00\lib30\r8clib.lib )
@ nstrtol ( C:\Renesas\NC30WA\V543R00\lib30\r8clib.lib )
@ cdata ( C:\Renesas\NC30WA\V543R00\lib30\r8clib.lib )
@ errno ( C:\Renesas\NC30WA\V543R00\lib30\r8clib.lib )

*** Mapping List ***

SECTION                            START      END         SIZE   ALIGN

data_SE
                                  00000400  00000400         0   1
bss_SE
                                  00000400  00000400         0   2
data_SO
                                  00000400  00000400         0   1
bss_SO
                                  00000400  00000400         0   1
data_NE
                                  00000400  0000043f        40   2
bss_NE
                                  00000440  000004ad        6e   2
data_NO
                                  000004ae  000004e0        33   1
bss_NO
                                  000004e1  00000566        86   1
stack
                                  00000568  000006d7       170   2
rom_NE
                                  0000c000  0000c141       142   1
rom_NO
                                  0000c142  0000c242       101   1
data_SEI
                                  0000c244  0000c244         0   2
data_SOI
                                  0000c244  0000c244         0   1
data_NEI
                                  0000c244  0000c283        40   2
data_NOI
                                  0000c284  0000c2b6        33   1
program
                                  0000c2b8  0000fd4a      3a93   2
interrupt
                                  0000fd4c  0000fddc        91   2
vector
                                  0000fedc  0000ffdb       100   1
fvector
                                  0000ffdc  0000ffff        24   1

*** Symbol List ***

SECTION=
FILE=                               START        END    SIZE
  SYMBOL                            ADDR        SIZE    INFO      COUNTS  OPT

SECTION=data_SE
FILE=ncrt0
                                  00000400  00000400         0
  __SB__
                                  00000400         0   none ,g         0

SECTION=data_NE
FILE=C:/HEWProj/trJun26/transceivers/adi/adi
                                  00000400  00000407         8
  _rx_rf_idx
                                  00000400         2   data ,g         0
  _rx_rf_count
                                  00000402         2   data ,g         0
  _tx_rf_len
                                  00000404         2   data ,g         0
  _tx_rf_idx
                                  00000406         2   data ,g         0

FILE=C:/HEWProj/trJun26/one_net/mac/one_net
                                  0000040a  0000040f         6
  _single_msg_ptr
                                  0000040a         2   data ,g         0
  _key_change_request_time
                                  0000040c         4   data ,g         0

FILE=C:/HEWProj/trJun26/one_net/app/one_net_message
                                  00000412  00000413         2
  _recipient_send_list_ptr
                                  00000412         2   data ,g         0

FILE=C:/HEWProj/trJun26/one_net/utility/one_net_timer
                                  00000418  00000439        22
  _timer
                                  00000418        1e   data ,g         0

FILE=C:/HEWProj/trJun26/processors/renesas/src/adi_io_boards/tick
                                  0000043a  0000043d         4
  _tick_count
                                  0000043a         4   data ,g         0

FILE=errno
                                  0000043e  0000043f         2
  _errno
                                  0000043e         0   none ,g         0

SECTION=bss_NE
FILE=C:/HEWProj/trJun26/transceivers/adi/adi
                                  00000440  00000441         2
  _tx_rf_data
                                  00000440         2   data ,g         0

FILE=C:/HEWProj/trJun26/one_net/mac/one_net
                                  00000442  0000048f        4e
  _pkt_hdlr
                                  00000442         c   data ,g         0
  _get_sender_info
                                  0000044e         4   data ,g         0
  _encoded_pkt_bytes
                                  00000452        3c   data ,g         0
  _expected_src_did
                                  0000048e         2   data ,g         0

FILE=C:/HEWProj/trJun26/one_net/app/one_net_message
                                  00000490  0000049d         e
  _recipient_send_list
                                  00000490         e   data ,g         0

FILE=C:/HEWProj/trJun26/one_net/mac/one_net_peer
                                  0000049e  000004ad        10
  _peer_storage
                                  0000049e        10   data ,g         0

SECTION=data_NO
FILE=ncrt0
                                  000004ae  000004ae         0
  _current_channel
                                  000004ae         1   data ,g         0

FILE=C:/HEWProj/trJun26/transceivers/adi/adi
                                  000004ae  000004b0         3
  _current_data_rate
                                  000004af         1   data ,g         0
  _bit_mask
                                  000004b0         1   data ,g         0

FILE=C:/HEWProj/trJun26/one_net/mac/one_net
                                  000004b1  000004dc        2c
  _response_txn
                                  000004b1         d   data ,g         0
  _single_txn
                                  000004be         d   data ,g         0
  _device_is_master
                                  000004cb         1   data ,g         0
  _invite_txn
                                  000004cd         d   data ,g         0
  _save
                                  000004db         1   data ,g         0
  _key_change_requested
                                  000004da         1   data ,g         0
  _on_state
                                  000004cc         1   data ,g         0

FILE=C:/HEWProj/trJun26/one_net/mac/one_net_client
                                  000004dd  000004df         3
  _client_joined_network
                                  000004dd         1   data ,g         0
  _client_looking_for_invite
                                  000004de         1   data ,g         0

FILE=C:/HEWProj/trJun26/one_net/app/one_net_message
                                  000004e0  000004e0         1
  _single_data_queue_size
                                  000004e0         1   data ,g         0

SECTION=bss_NO
FILE=C:/HEWProj/trJun26/one_net/mac/one_net
                                  000004e1  00000559        79
  _nv_param
                                  000004e1        37   data ,g         0
  _data_pkt_ptrs
                                  00000518         7   data ,g         0
  _response_pkt_ptrs
                                  0000051f         7   data ,g         0
  _single_msg
                                  00000526         d   data ,g         0
  _single_data_raw_pld
                                  00000533         5   data ,g         0
  _raw_payload_bytes
                                  00000538        21   data ,g         0
  _decrypt_using_current_key
                                  00000559         1   data ,g         0

FILE=C:/HEWProj/trJun26/one_net/mac/one_net_client
                                  0000055a  00000566         d
  _sending_dev_list
                                  0000055a         d   data ,g         0

SECTION=rom_NE
FILE=C:/HEWProj/trJun26/transceivers/adi/adi
                                  0000c000  0000c0af        b0
  _INIT_REG_VAL
                                  0000c000        24   data ,g         0
  _CHANNEL_SETTING
                                  0000c024        70   data ,g         0
  _DATA_RATE_SETTING
                                  0000c094        18   data ,g         0
  _BATTERY_THRESHOLD
                                  0000c0ac         2   data ,g         0
  _VOLTAGE_THRESHOLD
                                  0000c0ae         2   data ,g         0

FILE=C:/HEWProj/trJun26/one_net/mac/one_net
                                  0000c0b0  0000c0bd         e
  _HEADER
                                  0000c0ba         4   data ,g         0
  _ON_ENCODED_BROADCAST_DID
                                  0000c0b6         2   data ,g         0
  _ON_RAW_BROADCAST_DID
                                  0000c0b8         2   data ,g         0
  _MASTER_RAW_DID
                                  0000c0b2         2   data ,g         0
  _MASTER_ENCODED_DID
                                  0000c0b4         2   data ,g         0
  _on_base_param
                                  0000c0b0         2   data ,g         0

FILE=C:/HEWProj/trJun26/one_net/mac/one_net_client
                                  0000c0be  0000c0bf         2
  _master
                                  0000c0be         2   data ,g         0

FILE=C:/HEWProj/trJun26/one_net/app/one_net_features
                                  0000c120  0000c127         8
  _THIS_DEVICE_FEATURES
                                  0000c120         4   data ,g         0
  _FEATURES_UNKNOWN
                                  0000c124         4   data ,g         0

FILE=C:/HEWProj/trJun26/one_net/app/one_net_message
                                  0000c128  0000c129         2
  _NO_DESTINATION
                                  0000c128         2   data ,g         0

FILE=C:/HEWProj/trJun26/one_net/mac/one_net_peer
                                  0000c12a  0000c12b         2
  _peer
                                  0000c12a         2   data ,g         0

FILE=C:/HEWProj/trJun26/applications/simple_io_board/simple_output
                                  0000c130  0000c141        12
  _DEV_KEY
                                  0000c132        10   data ,g         0
  _ONE_NET_DEVICE_UNIT_TYPE
                                  0000c130         2   data ,g         0

SECTION=rom_NO
FILE=ncrt0
                                  0000c142  0000c142         0
  __ctype
                                  0000c142         0   none ,g         0

SECTION=program
FILE=C:/HEWProj/trJun26/transceivers/adi/adi
                                  0000c2b8  0000c641       38a
  _tal_init_transceiver
                                  0000c2b8        4a   func ,g         0
  _tal_enable_transceiver
                                  0000c310         0   func ,g         0
  _tal_disable_transceiver
                                  0000c310         0   func ,g         0
  _tal_channel_is_clear
                                  0000c302         f   func ,g         0
  $tal_write_packet
                                  0000c311        27   func ,g         0
  _tal_write_packet_done
                                  0000c338        19   func ,g         0
  $tal_read_bytes
                                  0000c351        4f   func ,g         0
  _tal_look_for_packet
                                  0000c3a0        b2   func ,g         0
  $tal_set_data_rate
                                  0000c452        34   func ,g         0
  $tal_set_channel
                                  0000c486         e   func ,g         0
  _read_rssi
                                  0000c494        18   func ,g         0
  _read_battery
                                  0000c4ac         3   func ,g         0
  _read_adc
                                  0000c4af        23   func ,g         0
  _read_revision
                                  0000c4d2         3   func ,g         0

FILE=C:/HEWProj/trJun26/processors/renesas/src/common/client_port_specific
                                  0000c642  0000c798       157
  $read_param
                                  0000c642        54   func ,g         0
  _clr_flash
                                  0000c696         e   func ,g         0
  _flash_erase_check
                                  0000c6a4        4a   func ,g         0
  _one_net_client_save_settings
                                  0000c6ee        ab   func ,g         0

FILE=C:/HEWProj/trJun26/processors/renesas/src/r8c1/flash
                                  0000c799  0000c882        ea
  $write_data_flash
                                  0000c799        71   func ,g         0
  $erase_data_flash
                                  0000c80a        44   func ,g         0
  _enable_df_write
                                  0000c84e        1c   func ,g         0
  _disable_df_write
                                  0000c86a         7   func ,g         0
  $clr_status_reg
                                  0000c871        12   func ,g         0

FILE=C:/HEWProj/trJun26/processors/renesas/src/adi_io_boards/hal_adi
                                  0000c883  0000c92e        ac
  _tal_init_ports
                                  0000c883        15   func ,g         0
  $init_rf_interrupts
                                  0000c898        29   func ,g         0
  _tx_bit_isr
                                  0000c8c1        2c   func ,g         0
  _dataclk_isr
                                  0000c8ed        42   func ,g         0

FILE=C:/HEWProj/trJun26/processors/renesas/src/adi_io_boards/led_hal
                                  0000c92f  0000c937         9
  _hal_init_ports_leds
                                  0000c92f         9   func ,g         0

FILE=C:/HEWProj/trJun26/one_net/mac/one_net
                                  0000c938  0000dba2      126b
  $on_parse_response_pkt
                                  0000c938        87   func ,g         0
  $on_build_response_pkt
                                  0000c9bf       1f4   func ,g         0
  $on_build_data_pkt
                                  0000cbb3        b8   func ,g         0
  $on_build_pkt_addresses
                                  0000cc6b        7a   func ,g         0
  $on_build_my_pkt_addresses
                                  0000cce5        38   func ,g         0
  $on_complete_pkt_build
                                  0000cd1d        6a   func ,g         0
  $calculate_msg_crc
                                  0000cd87        22   func ,g         0
  $verify_msg_crc
                                  0000cda9        2e   func ,g         0
  $verify_payload_crc
                                  0000cdd7        3c   func ,g         0
  $setup_pkt_ptr
                                  0000ce13        8c   func ,g         0
  $on_encrypt
                                  0000ce9f        63   func ,g         0
  $on_decrypt
                                  0000cf02        5a   func ,g         0
  _one_net_init
                                  0000cf5c        12   func ,g         0
  $one_net
                                  0000cf6e       52f   func ,g         0
  $rx_single_data
                                  0000d642       217   func ,g         0
  $on_rx_packet
                                  0000d859       24a   func ,g         0
  _reset_msg_ids
                                  0000daa3        48   func ,g         0
  $new_key_fragment
                                  0000daeb        79   func ,g         0
  $one_net_reject_bad_msg_id
                                  0000db64        1d   func ,g         0

FILE=C:/HEWProj/trJun26/one_net/app/one_net_acknowledge
                                  0000dba3  0000dbab         9
  $nack_reason_is_fatal
                                  0000dba3         9   func ,g         0

FILE=C:/HEWProj/trJun26/one_net/app/one_net_application
                                  0000dbac  0000dc84        d9
  $on_encoded_did_equal
                                  0000dbac        1d   func ,g         0
  $on_encoded_nid_equal
                                  0000dbc9        1d   func ,g         0
  $is_my_nid
                                  0000dbe6         8   func ,g         0
  $is_master_did
                                  0000dbee         6   func ,g         0
  $is_my_did
                                  0000dbf4         a   func ,g         0
  $is_broadcast_did
                                  0000dbfe         6   func ,g         0
  $on_parse_app_pld
                                  0000dc04        81   func ,g         0

FILE=C:/HEWProj/trJun26/one_net/mac/one_net_client
                                  0000dc85  0000e7cb       b47
  $one_net_client_look_for_invite
                                  0000dc85        cc   func ,g         0
  $one_net_client_init
                                  0000dd51        6e   func ,g         0
  _one_net_client
                                  0000ddbf       11d   func ,g         0
  $client_nv_crc
                                  0000dedc        5f   func ,g         0

FILE=C:/HEWProj/trJun26/one_net/utility/one_net_crc
                                  0000e7cc  0000e84a        7f
  $one_net_compute_crc
                                  0000e7cc        7f   func ,g         0

FILE=C:/HEWProj/trJun26/one_net/utility/one_net_encode
                                  0000e84b  0000ea09       1bf
  $encoded_to_decoded_byte
                                  0000e84b        28   func ,g         0
  $decoded_to_encoded_byte
                                  0000e873        1a   func ,g         0
  $on_encode
                                  0000e88d        b1   func ,g         0
  $on_decode
                                  0000e93e        cc   func ,g         0

FILE=C:/HEWProj/trJun26/one_net/app/one_net_features
                                  0000ea0a  0000ea32        29
  _features_known
                                  0000ea0a        1e   func ,g         0
  _features_device_sleeps
                                  0000ea28         b   func ,g         0

FILE=C:/HEWProj/trJun26/one_net/utility/one_net_led
                                  0000ea33  0000eb42       110
  $rx_led_blink
                                  0000ea33        36   func ,g         0
  $tx_led_blink
                                  0000ea69        36   func ,g         0
  $tx_and_rx_led_blink
                                  0000ea9f        36   func ,g         0
  $startup_status_led_blink
                                  0000ead5        41   func ,g         0
  _initialize_leds
                                  0000eb16         7   func ,g         0
  $set_tx_led
                                  0000eb1d         e   func ,g         0
  _toggle_tx_led
                                  0000eb2b         5   func ,g         0
  $set_rx_led
                                  0000eb30         e   func ,g         0
  _toggle_rx_led
                                  0000eb3e         5   func ,g         0

FILE=C:/HEWProj/trJun26/one_net/app/one_net_message
                                  0000eb43  0000edbb       279
  _empty_queue
                                  0000eb43         8   func ,g         0
  $push_queue_element
                                  0000eb4b        a5   func ,g         0
  _pop_queue_element
                                  0000ebf0         e   func ,g         0
  _single_data_queue_ready_to_send
                                  0000ebfe         9   func ,g         0
  $must_send_to_master
                                  0000ec07        41   func ,g         0
  $clear_recipient_list
                                  0000ec48         8   func ,g         0
  $did_and_unit_equal
                                  0000ec50        24   func ,g         0
  $remove_recipient_from_recipient_list
                                  0000ec74        72   func ,g         0
  $add_recipient_to_recipient_list
                                  0000ece6        6a   func ,g         0
  $load_next_recipient
                                  0000ed50        6a   func ,g         0
  $device_should_stay_awake
                                  0000edba         2   func ,g         0

FILE=C:/HEWProj/trJun26/one_net/app/one_net_packet
                                  0000edbc  0000ef18       15d
  $get_encoded_payload_len
                                  0000edbc        18   func ,g         0
  $get_raw_payload_len
                                  0000edd4        15   func ,g         0
  $get_num_payload_blocks
                                  0000ede9        1e   func ,g         0
  $get_encoded_packet_len
                                  0000ee07        18   func ,g         0
  $set_ack_or_nack_pid
                                  0000ee1f        33   func ,g         0
  $packet_is_data
                                  0000ee52         8   func ,g         0
  $packet_is_nack
                                  0000ee5a         4   func ,g         0
  $packet_is_ack
                                  0000ee5e         a   func ,g         0
  $get_single_response_pid
                                  0000ee68        5b   func ,g         0
  $packet_length_is_valid
                                  0000eec3        38   func ,g         0
  $get_default_num_blocks
                                  0000eefb        1e   func ,g         0

FILE=C:/HEWProj/trJun26/one_net/mac/one_net_peer
                                  0000ef19  0000f17a       262
  _one_net_reset_peers
                                  0000ef19        2d   func ,g         0
  $add_peers_to_recipient_list
                                  0000ef46        6e   func ,g         0
  $one_net_add_peer_to_list
                                  0000efb4       108   func ,g         0
  $one_net_remove_peer_from_list
                                  0000f0bc        bf   func ,g         0

FILE=C:/HEWProj/trJun26/processors/renesas/src/common/one_net_port_specific
                                  0000f17b  0000f35a       1e0
  $one_net_memmove
                                  0000f17b        7d   func ,g         0
  $one_net_memset
                                  0000f1f8        35   func ,g         0
  $one_net_memset_block
                                  0000f22d        46   func ,g         0
  $one_net_memcmp
                                  0000f273        3d   func ,g         0
  $one_net_byte_stream_to_int16
                                  0000f2b0        13   func ,g         0
  $one_net_int16_to_byte_stream
                                  0000f2c3         c   func ,g         0
  $one_net_byte_stream_to_int32
                                  0000f2cf        45   func ,g         0
  $one_net_int32_to_byte_stream
                                  0000f314        16   func ,g         0
  $did_to_u16
                                  0000f32a         6   func ,g         0
  $u16_to_did
                                  0000f330        1e   func ,g         0
  $one_net_strtol
                                  0000f34e         d   func ,g         0

FILE=C:/HEWProj/trJun26/one_net/utility/one_net_prand
                                  0000f35b  0000f3a4        4a
  _one_net_prand
                                  0000f35b        4a   func ,g         0

FILE=C:/HEWProj/trJun26/one_net/utility/one_net_timer
                                  0000f3a5  0000f56b       1c7
  $ont_set_timer
                                  0000f3a5        29   func ,g         0
  $ont_get_timer
                                  0000f3ce        30   func ,g         0
  $ont_stop_timer
                                  0000f3fe        1b   func ,g         0
  $ont_active
                                  0000f419        11   func ,g         0
  $ont_expired
                                  0000f42a        48   func ,g         0
  $ont_inactive_or_expired
                                  0000f472        36   func ,g         0
  $pause_timer
                                  0000f542        15   func ,g         0
  $unpause_timer
                                  0000f557        15   func ,g         0

FILE=C:/HEWProj/trJun26/one_net/utility/one_net_xtea
                                  0000f56c  0000f72e       1c3
  $one_net_xtea_encipher
                                  0000f56c       141   func ,g         0
  $one_net_xtea_decipher
                                  0000f6ad        82   func ,g         0

FILE=C:/HEWProj/trJun26/processors/renesas/src/adi_io_boards/pal
                                  0000f72f  0000f792        64
  _pal_init_ports
                                  0000f72f        11   func ,g         0
  _init_ports_leds
                                  0000f740         9   func ,g         0
  _high_speed_mode
                                  0000f749        26   func ,g         0
  _low_speed_mode
                                  0000f76f        11   func ,g         0
  $pal_init_processor
                                  0000f780         8   func ,g         0
  _processor_sleep
                                  0000f73f         0   func ,g         0
  _pal_disable_global_interrupts
                                  0000f788         3   func ,g         0
  _pal_enable_global_interrupts
                                  0000f78b         3   func ,g         0
  _pal_exit
                                  0000f78e         5   func ,g         0

FILE=C:/HEWProj/trJun26/applications/simple_io_board/simple_output
                                  0000f793  0000fa0c       27a
  $one_net_client_invite_result
                                  0000f919         0   func ,g         0
  $eval_handle_single
                                  0000f793       175   func ,g         0
  $eval_single_txn_status
                                  0000f919         0   func ,g         0
  _one_net_client_client_remove_device
                                  0000f908         a   func ,g         0
  $one_net_client_reset_client
                                  0000f912         3   func ,g         0
  _one_net_client_get_invite_key
                                  0000f915         5   func ,g         0
  $one_net_client_client_removed
                                  0000f919         0   func ,g         0
  $one_net_client_client_added
                                  0000f919         0   func ,g         0
  $eval_handle_ack_nack_response
                                  0000f91a         3   func ,g         0
  _main
                                  0000f9a7        66   func ,g         0

FILE=C:/HEWProj/trJun26/processors/renesas/src/adi_io_boards/tick
                                  0000fa0d  0000fab1        a5
  _init_tick
                                  0000fa0d        1a   func ,g         0
  _enable_tick_timer
                                  0000fa27         5   func ,g         0
  _get_tick_count
                                  0000fa2c         9   func ,g         0
  _polled_tick_update
                                  0000fa35        13   func ,g         0
  $delay_ms
                                  0000fa48        21   func ,g         0
  $delay_100s_us
                                  0000fa69        17   func ,g         0
  _ms_to_tick
                                  0000fa80         b   func ,g         0
  _tick_to_ms
                                  0000fa8b         b   func ,g         0
  _update_tick_count
                                  0000fa96         f   func ,g         0
  _tick_timer_isr
                                  0000faa5         d   func ,g         0

FILE=_i4modu
                                  0000fab2  0000fafc        4b
  __i4modU
                                  0000fab2        4b   func ,g         0

FILE=_i4mulu
                                  0000fafe  0000fb19        1c
  __i4mulU
                                  0000fafe        1c   func ,g         0

FILE=nstrtol
                                  0000fb1a  0000fd4a       231
  $_n_n_strtol
                                  0000fb1a       231   func ,g         0

SECTION=interrupt
FILE=ncrt0
                                  0000fd4c  0000fddc        91
  $exit
                                  0000fdda         0   none ,g         0
  _exit
                                  0000fdda         0   none ,g         0
  dummy_int
                                  0000fddc         0   none ,g         0

