##########################################
# (1) LINK INFORMATION                   #
##########################################
C:\Renesas\NC30WA\V543R00\bin\ln30.exe @C:\HEWProj\Jun27\processors\renesas\hew\app_board\quad_relay_output\Debug_R8C_E8_SYSTEM\quad_relay_output.m16cl

# ID CODE DATA
.ID  "#FFFFFFFFFFFFFF"

# OPTION FUNCTION SELECT REGISTER
.OFSREG  FFH

# LINK FILE INFORMATION
ncrt0 (C:\HEWProj\Jun27\processors\renesas\hew\app_board\quad_relay_output\Debug_R8C_E8_SYSTEM\ncrt0.r30)
	Jun 28 09:13:01 2012

adi (C:\HEWProj\Jun27\processors\renesas\hew\app_board\quad_relay_output\Debug_R8C_E8_SYSTEM\adi.r30)
	Jun 28 09:13:02 2012

client_port_specific (C:\HEWProj\Jun27\processors\renesas\hew\app_board\quad_relay_output\Debug_R8C_E8_SYSTEM\client_port_specific.r30)
	Jun 28 09:13:02 2012

flash (C:\HEWProj\Jun27\processors\renesas\hew\app_board\quad_relay_output\Debug_R8C_E8_SYSTEM\flash.r30)
	Jun 28 09:13:02 2012

hal_adi (C:\HEWProj\Jun27\processors\renesas\hew\app_board\quad_relay_output\Debug_R8C_E8_SYSTEM\hal_adi.r30)
	Jun 28 09:13:02 2012

led_hal (C:\HEWProj\Jun27\processors\renesas\hew\app_board\quad_relay_output\Debug_R8C_E8_SYSTEM\led_hal.r30)
	Jun 28 09:12:59 2012

one_net (C:\HEWProj\Jun27\processors\renesas\hew\app_board\quad_relay_output\Debug_R8C_E8_SYSTEM\one_net.r30)
	Jun 28 09:13:02 2012

one_net_acknowledge (C:\HEWProj\Jun27\processors\renesas\hew\app_board\quad_relay_output\Debug_R8C_E8_SYSTEM\one_net_acknowledge.r30)
	Jun 28 09:12:52 2012

one_net_application (C:\HEWProj\Jun27\processors\renesas\hew\app_board\quad_relay_output\Debug_R8C_E8_SYSTEM\one_net_application.r30)
	Jun 28 09:13:02 2012

one_net_client (C:\HEWProj\Jun27\processors\renesas\hew\app_board\quad_relay_output\Debug_R8C_E8_SYSTEM\one_net_client.r30)
	Jun 28 09:13:03 2012

one_net_crc (C:\HEWProj\Jun27\processors\renesas\hew\app_board\quad_relay_output\Debug_R8C_E8_SYSTEM\one_net_crc.r30)
	Jun 28 09:12:56 2012

one_net_encode (C:\HEWProj\Jun27\processors\renesas\hew\app_board\quad_relay_output\Debug_R8C_E8_SYSTEM\one_net_encode.r30)
	Jun 28 09:12:56 2012

one_net_features (C:\HEWProj\Jun27\processors\renesas\hew\app_board\quad_relay_output\Debug_R8C_E8_SYSTEM\one_net_features.r30)
	Jun 28 09:13:03 2012

one_net_led (C:\HEWProj\Jun27\processors\renesas\hew\app_board\quad_relay_output\Debug_R8C_E8_SYSTEM\one_net_led.r30)
	Jun 28 09:13:03 2012

one_net_message (C:\HEWProj\Jun27\processors\renesas\hew\app_board\quad_relay_output\Debug_R8C_E8_SYSTEM\one_net_message.r30)
	Jun 28 09:13:03 2012

one_net_packet (C:\HEWProj\Jun27\processors\renesas\hew\app_board\quad_relay_output\Debug_R8C_E8_SYSTEM\one_net_packet.r30)
	Jun 28 09:13:03 2012

one_net_peer (C:\HEWProj\Jun27\processors\renesas\hew\app_board\quad_relay_output\Debug_R8C_E8_SYSTEM\one_net_peer.r30)
	Jun 28 09:13:03 2012

one_net_port_specific (C:\HEWProj\Jun27\processors\renesas\hew\app_board\quad_relay_output\Debug_R8C_E8_SYSTEM\one_net_port_specific.r30)
	Jun 28 09:13:03 2012

one_net_prand (C:\HEWProj\Jun27\processors\renesas\hew\app_board\quad_relay_output\Debug_R8C_E8_SYSTEM\one_net_prand.r30)
	Jun 28 09:12:57 2012

one_net_timer (C:\HEWProj\Jun27\processors\renesas\hew\app_board\quad_relay_output\Debug_R8C_E8_SYSTEM\one_net_timer.r30)
	Jun 28 09:13:03 2012

one_net_xtea (C:\HEWProj\Jun27\processors\renesas\hew\app_board\quad_relay_output\Debug_R8C_E8_SYSTEM\one_net_xtea.r30)
	Jun 28 09:13:03 2012

pal (C:\HEWProj\Jun27\processors\renesas\hew\app_board\quad_relay_output\Debug_R8C_E8_SYSTEM\pal.r30)
	Jun 28 09:13:04 2012

simple_output (C:\HEWProj\Jun27\processors\renesas\hew\app_board\quad_relay_output\Debug_R8C_E8_SYSTEM\simple_output.r30)
	Jun 28 09:13:04 2012

tick (C:\HEWProj\Jun27\processors\renesas\hew\app_board\quad_relay_output\Debug_R8C_E8_SYSTEM\tick.r30)
	Jun 28 09:12:59 2012

_i4modu (C:\Renesas\NC30WA\V543R00\lib30\r8clib.lib)
	Feb 15 20:26:28 2007

_i4mulu (C:\Renesas\NC30WA\V543R00\lib30\r8clib.lib)
	Feb 15 20:26:28 2007

nstrtol (C:\Renesas\NC30WA\V543R00\lib30\r8clib.lib)
	Feb 15 20:27:05 2007

cdata (C:\Renesas\NC30WA\V543R00\lib30\r8clib.lib)
	Feb 15 20:26:35 2007

errno (C:\Renesas\NC30WA\V543R00\lib30\r8clib.lib)
	Feb 15 20:26:37 2007


##########################################
# (2) SECTION INFORMATION                #
##########################################
# SECTION                        ATR TYPE    START  LENGTH ALIGN MODULENAME
data_SE                          ABS DATA    000400 000000       ncrt0
bss_SE                           REL DATA    000400 000000 2     ncrt0
data_SO                          REL DATA    000400 000000       ncrt0
bss_SO                           REL DATA    000400 000000       ncrt0
data_NE                          REL DATA    000400 000000 2     ncrt0
                                 REL DATA    000400 000008 2     adi
                                 REL DATA    000408 000002 2     client_port_specific
                                 REL DATA    00040A 000006 2     one_net
                                 REL DATA    000410 000002 2     one_net_client
                                 REL DATA    000412 000002 2     one_net_message
                                 REL DATA    000414 000004 2     one_net_prand
                                 REL DATA    000418 000022 2     one_net_timer
                                 REL DATA    00043A 000004 2     tick
                                 REL DATA    00043E 000002 2     errno
bss_NE                           REL DATA    000440 000000 2     ncrt0
                                 REL DATA    000440 000002 2     adi
                                 REL DATA    000442 00004E 2     one_net
                                 REL DATA    000490 00000E 2     one_net_message
                                 REL DATA    00049E 000010 2     one_net_peer
data_NO                          REL DATA    0004AE 000000       ncrt0
                                 REL DATA    0004AE 000003       adi
                                 REL DATA    0004B1 00002C       one_net
                                 REL DATA    0004DD 000003       one_net_client
                                 REL DATA    0004E0 000001       one_net_message
bss_NO                           REL DATA    0004E1 000000       ncrt0
                                 REL DATA    0004E1 000079       one_net
                                 REL DATA    00055A 00000D       one_net_client
stack                            REL DATA    000568 000170 2     ncrt0
rom_NE                           ABS ROMDATA 00C000 000000       ncrt0
                                 REL ROMDATA 00C000 0000B0 2     adi
                                 REL ROMDATA 00C0B0 00000E 2     one_net
                                 REL ROMDATA 00C0BE 000002 2     one_net_client
                                 REL ROMDATA 00C0C0 000060 2     one_net_encode
                                 REL ROMDATA 00C120 000008 2     one_net_features
                                 REL ROMDATA 00C128 000002 2     one_net_message
                                 REL ROMDATA 00C12A 000002 2     one_net_peer
                                 REL ROMDATA 00C12C 000004 2     one_net_xtea
                                 REL ROMDATA 00C130 000012 2     simple_output
rom_NO                           REL ROMDATA 00C142 000000       ncrt0
                                 REL ROMDATA 00C142 000101       cdata
data_SEI                         REL ROMDATA 00C244 000000 2     ncrt0
data_SOI                         REL ROMDATA 00C244 000000       ncrt0
data_NEI                         REL ROMDATA 00C244 000000 2     ncrt0
                                 REL ROMDATA 00C244 000008       adi
                                 REL ROMDATA 00C24C 000002       client_port_specific
                                 REL ROMDATA 00C24E 000006       one_net
                                 REL ROMDATA 00C254 000002       one_net_client
                                 REL ROMDATA 00C256 000002       one_net_message
                                 REL ROMDATA 00C258 000004       one_net_prand
                                 REL ROMDATA 00C25C 000022       one_net_timer
                                 REL ROMDATA 00C27E 000004       tick
                                 REL ROMDATA 00C282 000002       errno
data_NOI                         REL ROMDATA 00C284 000000       ncrt0
                                 REL ROMDATA 00C284 000003       adi
                                 REL ROMDATA 00C287 00002C       one_net
                                 REL ROMDATA 00C2B3 000003       one_net_client
                                 REL ROMDATA 00C2B6 000001       one_net_message
program                          REL CODE    00C2B8 000000 2     ncrt0
                                 REL CODE    00C2B8 000376       adi
                                 REL CODE    00C62E 000157       client_port_specific
                                 REL CODE    00C785 0000EA       flash
                                 REL CODE    00C86F 0000AC       hal_adi
                                 REL CODE    00C91B 000009       led_hal
                                 REL CODE    00C924 0011FD       one_net
                                 REL CODE    00DB21 000009       one_net_acknowledge
                                 REL CODE    00DB2A 000173       one_net_application
                                 REL CODE    00DC9D 000B47       one_net_client
                                 REL CODE    00E7E4 00007F       one_net_crc
                                 REL CODE    00E863 0001BF       one_net_encode
                                 REL CODE    00EA22 000029       one_net_features
                                 REL CODE    00EA4B 000110       one_net_led
                                 REL CODE    00EB5B 000273       one_net_message
                                 REL CODE    00EDCE 0001AB       one_net_packet
                                 REL CODE    00EF79 0001BD       one_net_peer
                                 REL CODE    00F136 0001E0       one_net_port_specific
                                 REL CODE    00F316 00004A       one_net_prand
                                 REL CODE    00F360 0001C7       one_net_timer
                                 REL CODE    00F527 0001C3       one_net_xtea
                                 REL CODE    00F6EA 000064       pal
                                 REL CODE    00F74E 000267       simple_output
                                 REL CODE    00F9B5 0000A5       tick
                                 REL CODE    00FA5A 00004B 2     _i4modu
                                 REL CODE    00FAA6 00001C 2     _i4mulu
                                 REL CODE    00FAC2 000231 2     nstrtol
interrupt                        REL CODE    00FCF4 000000 2     ncrt0
                                 REL CODE    00FCF4 000091       ncrt0
vector                           ABS ROMDATA 00FEDC 000100       ncrt0
fvector                          ABS ROMDATA 00FFDC 000024       ncrt0
# Total -------------------------------------------------------------------
                                     DATA           0002D7(0000727) Byte(s)
                                     ROMDATA        0003DA(0000986) Byte(s)
                                     CODE           003ACC(0015052) Byte(s)

##########################################
# (3) GLOBAL LABEL INFORMATION           #
##########################################
$_n_n_strtol       00fac2  $add_peers_to_re   00efa6  $add_recipient_t   00ecfe
$calculate_msg_c   00cd43  $clear_recipient   00ec60  $client_nv_crc     00def4
$clr_status_reg    00c85d  $decoded_to_enco   00e88b  $delay_100s_us     00fa11
$delay_ms          00f9f0  $device_should_s   00edcc  $did_and_unit_eq   00ec68
$did_to_u16        00f2e5  $encoded_to_deco   00e863  $erase_data_flas   00c7f6
$eval_handle_ack   00f8c2  $eval_handle_sin   00f74e  $eval_single_txn   00f8c1
$exit              00fd82  $get_default_num   00ef0d  $get_encoded_pac   00ee19
$get_encoded_pay   00edce  $get_num_payload   00edfb  $get_raw_payload   00ede6
$get_raw_pid       00ef2b  $get_single_resp   00ee7a  $init_rf_interru   00c884
$is_broadcast_di   00db7c  $is_master_did     00db6c  $is_my_did         00db72
$is_my_nid         00db64  $load_next_recip   00ed68  $must_send_to_ma   00ec1f
$nack_reason_is_   00db21  $new_key_fragmen   00da69  $on_build_data_p   00cb6b
$on_build_my_pkt   00cca1  $on_build_pkt_ad   00cc27  $on_build_respon   00c9ab
$on_complete_pkt   00ccd9  $on_decode         00e956  $on_decrypt        00cea5
$on_encode         00e8a5  $on_encoded_did_   00db2a  $on_encoded_nid_   00db47
$on_encrypt        00ce42  $on_parse_app_pl   00db82  $on_parse_respon   00c924
$on_rx_packet      00d7ea  $one_net           00cf11  $one_net_add_pee   00f014
$one_net_byte_st   00f26b  $one_net_byte_st   00f28a  $one_net_client_   00f8c1
$one_net_client_   00f8c1  $one_net_client_   00dd69  $one_net_client_   00f8c1
$one_net_client_   00dc9d  $one_net_client_   00f8ba  $one_net_compute   00e7e4
$one_net_int16_t   00f27e  $one_net_int32_t   00f2cf  $one_net_memcmp    00f22e
$one_net_memmove   00f136  $one_net_memset    00f1b3  $one_net_memset_   00f1e8
$one_net_reject_   00dae2  $one_net_remove_   00f099  $one_net_strtol    00f309
$one_net_xtea_de   00f668  $one_net_xtea_en   00f527  $ont_active        00f3d4
$ont_expired       00f3e5  $ont_get_timer     00f389  $ont_inactive_or   00f42d
$ont_set_timer     00f360  $ont_stop_timer    00f3b9  $packet_is_ack     00ee70
$packet_is_data    00ee64  $packet_is_nack    00ee6c  $packet_length_i   00eed5
$pal_init_proces   00f73b  $pause_timer       00f4fd  $push_queue_elem   00eb63
$put_dst_unit      00dc2a  $put_msg_data      00dc51  $put_msg_hdr       00dc38
$put_payload_msg   00dc8c  $put_payload_msg   00dc1a  $put_raw_pid       00ef58
$read_param        00c62e  $remove_recipien   00ec8c  $rx_led_blink      00ea4b
$rx_single_data    00d5d3  $set_ack_or_nack   00ee31  $set_rx_led        00eb48
$set_tx_led        00eb35  $setup_pkt_ptr     00cdcf  $startup_status_   00eaed
$tal_read_bytes    00c351  $tal_set_channel   00c472  $tal_set_data_ra   00c43e
$tal_write_packe   00c311  $tx_and_rx_led_b   00eab7  $tx_led_blink      00ea81
$u16_to_did        00f2eb  $unpause_timer     00f512  $verify_msg_crc    00cd65
$verify_payload_   00cd93  $write_data_flas   00c785  _BATTERY_THRESHO   00c0ac
_CHANNEL_SETTING   00c024  _DATA_RATE_SETTI   00c094  _DEV_KEY           00c132
_FEATURES_UNKNOW   00c124  _HEADER            00c0ba  _INIT_REG_VAL      00c000
_MASTER_ENCODED_   00c0b4  _MASTER_RAW_DID    00c0b2  _NO_DESTINATION    00c128
_ONE_NET_DEVICE_   00c130  _ON_ENCODED_BROA   00c0b6  _ON_RAW_BROADCAS   00c0b8
_THIS_DEVICE_FEA   00c120  _VOLTAGE_THRESHO   00c0ae  __ctype            00c142
__i4modU           00fa5a  __i4mulU           00faa6  _bit_mask          0004b0
_client_joined_n   0004dd  _client_looking_   0004de  _clr_flash         00c682
_current_channel   0004ae  _current_data_ra   0004af  _data_pkt_ptrs     000518
_dataclk_isr       00c8d9  _decrypt_using_c   000559  _device_is_maste   0004cb
_disable_df_writ   00c856  _empty_queue       00eb5b  _enable_df_write   00c83a
_enable_tick_tim   00f9cf  _encoded_pkt_byt   000452  _errno             00043e
_exit              00fd82  _expected_src_di   00048e  _features_device   00ea40
_features_known    00ea22  _flash_erase_che   00c690  _get_sender_info   00044e
_get_tick_count    00f9d4  _hal_init_ports_   00c91b  _high_speed_mode   00f704
_init_ports_leds   00f6fb  _init_tick         00f9b5  _initialize_leds   00eb2e
_invite_txn        0004cd  _key_change_requ   00040c  _key_change_requ   0004da
_low_speed_mode    00f72a  _main              00f94f  _master            00c0be
_ms_to_tick        00fa28  _nv_param          0004e1  _on_base_param     00c0b0
_on_state          0004cc  _one_net_client    00ddd7  _one_net_client_   00f8b0
_one_net_client_   00f8bd  _one_net_client_   00c6da  _one_net_init      00ceff
_one_net_prand     00f316  _one_net_reset_p   00ef79  _pal_disable_glo   00f743
_pal_enable_glob   00f746  _pal_exit          00f749  _pal_init_ports    00f6ea
_peer              00c12a  _peer_storage      00049e  _pkt_hdlr          000442
_polled_tick_upd   00f9dd  _pop_queue_eleme   00ec08  _processor_sleep   00f6fa
_raw_payload_byt   000538  _read_adc          00c49b  _read_battery      00c498
_read_revision     00c4be  _read_rssi         00c480  _recipient_send_   000490
_recipient_send_   000412  _reset_msg_ids     00da21  _response_pkt_pt   00051f
_response_txn      0004b1  _rx_rf_count       000402  _rx_rf_idx         000400
_save              0004db  _sending_dev_lis   00055a  _single_data_que   00ec16
_single_data_que   0004e0  _single_data_raw   000533  _single_msg        000526
_single_msg_ptr    00040a  _single_txn        0004be  _tal_channel_is_   00c302
_tal_disable_tra   00c310  _tal_enable_tran   00c310  _tal_init_ports    00c86f
_tal_init_transc   00c2b8  _tal_look_for_pa   00c3a0  _tal_write_packe   00c338
_tick_count        00043a  _tick_timer_isr    00fa4d  _tick_to_ms        00fa33
_timer             000418  _toggle_rx_led     00eb56  _toggle_tx_led     00eb43
_tx_bit_isr        00c8ad  _tx_rf_data        000440  _tx_rf_idx         000406
_tx_rf_len         000404  _update_tick_cou   00fa3e  dummy_int          00fd84
start              00fcf4  

##########################################
# (4) GLOBAL EQU SYMBOL INFORMATION      #
##########################################
__SB__           00000400  

##########################################
# (5) GLOBAL EQU BIT-SYMBOL INFORMATION  #
##########################################

##########################################
# (6) LOCAL LABEL INFORMATION            #
##########################################
@ ncrt0 ( C:\HEWProj\Jun27\processors\renesas\hew\app_board\quad_relay_output\Debug_R8C_E8_SYSTEM\ncrt0.r30 )
@ adi ( C:\HEWProj\Jun27\processors\renesas\hew\app_board\quad_relay_output\Debug_R8C_E8_SYSTEM\adi.r30 )
@ client_port_specific ( C:\HEWProj\Jun27\processors\renesas\hew\app_board\quad_relay_output\Debug_R8C_E8_SYSTEM\client_port_specific.r30 )
@ flash ( C:\HEWProj\Jun27\processors\renesas\hew\app_board\quad_relay_output\Debug_R8C_E8_SYSTEM\flash.r30 )
@ hal_adi ( C:\HEWProj\Jun27\processors\renesas\hew\app_board\quad_relay_output\Debug_R8C_E8_SYSTEM\hal_adi.r30 )
@ led_hal ( C:\HEWProj\Jun27\processors\renesas\hew\app_board\quad_relay_output\Debug_R8C_E8_SYSTEM\led_hal.r30 )
@ one_net ( C:\HEWProj\Jun27\processors\renesas\hew\app_board\quad_relay_output\Debug_R8C_E8_SYSTEM\one_net.r30 )
@ one_net_acknowledge ( C:\HEWProj\Jun27\processors\renesas\hew\app_board\quad_relay_output\Debug_R8C_E8_SYSTEM\one_net_acknowledge.r30 )
@ one_net_application ( C:\HEWProj\Jun27\processors\renesas\hew\app_board\quad_relay_output\Debug_R8C_E8_SYSTEM\one_net_application.r30 )
@ one_net_client ( C:\HEWProj\Jun27\processors\renesas\hew\app_board\quad_relay_output\Debug_R8C_E8_SYSTEM\one_net_client.r30 )
@ one_net_crc ( C:\HEWProj\Jun27\processors\renesas\hew\app_board\quad_relay_output\Debug_R8C_E8_SYSTEM\one_net_crc.r30 )
@ one_net_encode ( C:\HEWProj\Jun27\processors\renesas\hew\app_board\quad_relay_output\Debug_R8C_E8_SYSTEM\one_net_encode.r30 )
@ one_net_features ( C:\HEWProj\Jun27\processors\renesas\hew\app_board\quad_relay_output\Debug_R8C_E8_SYSTEM\one_net_features.r30 )
@ one_net_led ( C:\HEWProj\Jun27\processors\renesas\hew\app_board\quad_relay_output\Debug_R8C_E8_SYSTEM\one_net_led.r30 )
@ one_net_message ( C:\HEWProj\Jun27\processors\renesas\hew\app_board\quad_relay_output\Debug_R8C_E8_SYSTEM\one_net_message.r30 )
@ one_net_packet ( C:\HEWProj\Jun27\processors\renesas\hew\app_board\quad_relay_output\Debug_R8C_E8_SYSTEM\one_net_packet.r30 )
@ one_net_peer ( C:\HEWProj\Jun27\processors\renesas\hew\app_board\quad_relay_output\Debug_R8C_E8_SYSTEM\one_net_peer.r30 )
@ one_net_port_specific ( C:\HEWProj\Jun27\processors\renesas\hew\app_board\quad_relay_output\Debug_R8C_E8_SYSTEM\one_net_port_specific.r30 )
@ one_net_prand ( C:\HEWProj\Jun27\processors\renesas\hew\app_board\quad_relay_output\Debug_R8C_E8_SYSTEM\one_net_prand.r30 )
@ one_net_timer ( C:\HEWProj\Jun27\processors\renesas\hew\app_board\quad_relay_output\Debug_R8C_E8_SYSTEM\one_net_timer.r30 )
@ one_net_xtea ( C:\HEWProj\Jun27\processors\renesas\hew\app_board\quad_relay_output\Debug_R8C_E8_SYSTEM\one_net_xtea.r30 )
@ pal ( C:\HEWProj\Jun27\processors\renesas\hew\app_board\quad_relay_output\Debug_R8C_E8_SYSTEM\pal.r30 )
@ simple_output ( C:\HEWProj\Jun27\processors\renesas\hew\app_board\quad_relay_output\Debug_R8C_E8_SYSTEM\simple_output.r30 )
@ tick ( C:\HEWProj\Jun27\processors\renesas\hew\app_board\quad_relay_output\Debug_R8C_E8_SYSTEM\tick.r30 )
@ _i4modu ( C:\Renesas\NC30WA\V543R00\lib30\r8clib.lib )
@ _i4mulu ( C:\Renesas\NC30WA\V543R00\lib30\r8clib.lib )
@ nstrtol ( C:\Renesas\NC30WA\V543R00\lib30\r8clib.lib )
@ cdata ( C:\Renesas\NC30WA\V543R00\lib30\r8clib.lib )
@ errno ( C:\Renesas\NC30WA\V543R00\lib30\r8clib.lib )

##########################################
# (7) LOCAL EQU SYMBOL INFORMATION       #
##########################################
@ ncrt0 ( C:\HEWProj\Jun27\processors\renesas\hew\app_board\quad_relay_output\Debug_R8C_E8_SYSTEM\ncrt0.r30 )
@ adi ( C:\HEWProj\Jun27\processors\renesas\hew\app_board\quad_relay_output\Debug_R8C_E8_SYSTEM\adi.r30 )
@ client_port_specific ( C:\HEWProj\Jun27\processors\renesas\hew\app_board\quad_relay_output\Debug_R8C_E8_SYSTEM\client_port_specific.r30 )
@ flash ( C:\HEWProj\Jun27\processors\renesas\hew\app_board\quad_relay_output\Debug_R8C_E8_SYSTEM\flash.r30 )
@ hal_adi ( C:\HEWProj\Jun27\processors\renesas\hew\app_board\quad_relay_output\Debug_R8C_E8_SYSTEM\hal_adi.r30 )
@ led_hal ( C:\HEWProj\Jun27\processors\renesas\hew\app_board\quad_relay_output\Debug_R8C_E8_SYSTEM\led_hal.r30 )
@ one_net ( C:\HEWProj\Jun27\processors\renesas\hew\app_board\quad_relay_output\Debug_R8C_E8_SYSTEM\one_net.r30 )
@ one_net_acknowledge ( C:\HEWProj\Jun27\processors\renesas\hew\app_board\quad_relay_output\Debug_R8C_E8_SYSTEM\one_net_acknowledge.r30 )
@ one_net_application ( C:\HEWProj\Jun27\processors\renesas\hew\app_board\quad_relay_output\Debug_R8C_E8_SYSTEM\one_net_application.r30 )
@ one_net_client ( C:\HEWProj\Jun27\processors\renesas\hew\app_board\quad_relay_output\Debug_R8C_E8_SYSTEM\one_net_client.r30 )
@ one_net_crc ( C:\HEWProj\Jun27\processors\renesas\hew\app_board\quad_relay_output\Debug_R8C_E8_SYSTEM\one_net_crc.r30 )
@ one_net_encode ( C:\HEWProj\Jun27\processors\renesas\hew\app_board\quad_relay_output\Debug_R8C_E8_SYSTEM\one_net_encode.r30 )
@ one_net_features ( C:\HEWProj\Jun27\processors\renesas\hew\app_board\quad_relay_output\Debug_R8C_E8_SYSTEM\one_net_features.r30 )
@ one_net_led ( C:\HEWProj\Jun27\processors\renesas\hew\app_board\quad_relay_output\Debug_R8C_E8_SYSTEM\one_net_led.r30 )
@ one_net_message ( C:\HEWProj\Jun27\processors\renesas\hew\app_board\quad_relay_output\Debug_R8C_E8_SYSTEM\one_net_message.r30 )
@ one_net_packet ( C:\HEWProj\Jun27\processors\renesas\hew\app_board\quad_relay_output\Debug_R8C_E8_SYSTEM\one_net_packet.r30 )
@ one_net_peer ( C:\HEWProj\Jun27\processors\renesas\hew\app_board\quad_relay_output\Debug_R8C_E8_SYSTEM\one_net_peer.r30 )
@ one_net_port_specific ( C:\HEWProj\Jun27\processors\renesas\hew\app_board\quad_relay_output\Debug_R8C_E8_SYSTEM\one_net_port_specific.r30 )
@ one_net_prand ( C:\HEWProj\Jun27\processors\renesas\hew\app_board\quad_relay_output\Debug_R8C_E8_SYSTEM\one_net_prand.r30 )
@ one_net_timer ( C:\HEWProj\Jun27\processors\renesas\hew\app_board\quad_relay_output\Debug_R8C_E8_SYSTEM\one_net_timer.r30 )
@ one_net_xtea ( C:\HEWProj\Jun27\processors\renesas\hew\app_board\quad_relay_output\Debug_R8C_E8_SYSTEM\one_net_xtea.r30 )
@ pal ( C:\HEWProj\Jun27\processors\renesas\hew\app_board\quad_relay_output\Debug_R8C_E8_SYSTEM\pal.r30 )
@ simple_output ( C:\HEWProj\Jun27\processors\renesas\hew\app_board\quad_relay_output\Debug_R8C_E8_SYSTEM\simple_output.r30 )
@ tick ( C:\HEWProj\Jun27\processors\renesas\hew\app_board\quad_relay_output\Debug_R8C_E8_SYSTEM\tick.r30 )
@ _i4modu ( C:\Renesas\NC30WA\V543R00\lib30\r8clib.lib )
@ _i4mulu ( C:\Renesas\NC30WA\V543R00\lib30\r8clib.lib )
@ nstrtol ( C:\Renesas\NC30WA\V543R00\lib30\r8clib.lib )
@ cdata ( C:\Renesas\NC30WA\V543R00\lib30\r8clib.lib )
@ errno ( C:\Renesas\NC30WA\V543R00\lib30\r8clib.lib )

##########################################
# (8) LOCAL EQU BIT-SYMBOL INFORMATION   #
##########################################
@ ncrt0 ( C:\HEWProj\Jun27\processors\renesas\hew\app_board\quad_relay_output\Debug_R8C_E8_SYSTEM\ncrt0.r30 )
@ adi ( C:\HEWProj\Jun27\processors\renesas\hew\app_board\quad_relay_output\Debug_R8C_E8_SYSTEM\adi.r30 )
@ client_port_specific ( C:\HEWProj\Jun27\processors\renesas\hew\app_board\quad_relay_output\Debug_R8C_E8_SYSTEM\client_port_specific.r30 )
@ flash ( C:\HEWProj\Jun27\processors\renesas\hew\app_board\quad_relay_output\Debug_R8C_E8_SYSTEM\flash.r30 )
@ hal_adi ( C:\HEWProj\Jun27\processors\renesas\hew\app_board\quad_relay_output\Debug_R8C_E8_SYSTEM\hal_adi.r30 )
@ led_hal ( C:\HEWProj\Jun27\processors\renesas\hew\app_board\quad_relay_output\Debug_R8C_E8_SYSTEM\led_hal.r30 )
@ one_net ( C:\HEWProj\Jun27\processors\renesas\hew\app_board\quad_relay_output\Debug_R8C_E8_SYSTEM\one_net.r30 )
@ one_net_acknowledge ( C:\HEWProj\Jun27\processors\renesas\hew\app_board\quad_relay_output\Debug_R8C_E8_SYSTEM\one_net_acknowledge.r30 )
@ one_net_application ( C:\HEWProj\Jun27\processors\renesas\hew\app_board\quad_relay_output\Debug_R8C_E8_SYSTEM\one_net_application.r30 )
@ one_net_client ( C:\HEWProj\Jun27\processors\renesas\hew\app_board\quad_relay_output\Debug_R8C_E8_SYSTEM\one_net_client.r30 )
@ one_net_crc ( C:\HEWProj\Jun27\processors\renesas\hew\app_board\quad_relay_output\Debug_R8C_E8_SYSTEM\one_net_crc.r30 )
@ one_net_encode ( C:\HEWProj\Jun27\processors\renesas\hew\app_board\quad_relay_output\Debug_R8C_E8_SYSTEM\one_net_encode.r30 )
@ one_net_features ( C:\HEWProj\Jun27\processors\renesas\hew\app_board\quad_relay_output\Debug_R8C_E8_SYSTEM\one_net_features.r30 )
@ one_net_led ( C:\HEWProj\Jun27\processors\renesas\hew\app_board\quad_relay_output\Debug_R8C_E8_SYSTEM\one_net_led.r30 )
@ one_net_message ( C:\HEWProj\Jun27\processors\renesas\hew\app_board\quad_relay_output\Debug_R8C_E8_SYSTEM\one_net_message.r30 )
@ one_net_packet ( C:\HEWProj\Jun27\processors\renesas\hew\app_board\quad_relay_output\Debug_R8C_E8_SYSTEM\one_net_packet.r30 )
@ one_net_peer ( C:\HEWProj\Jun27\processors\renesas\hew\app_board\quad_relay_output\Debug_R8C_E8_SYSTEM\one_net_peer.r30 )
@ one_net_port_specific ( C:\HEWProj\Jun27\processors\renesas\hew\app_board\quad_relay_output\Debug_R8C_E8_SYSTEM\one_net_port_specific.r30 )
@ one_net_prand ( C:\HEWProj\Jun27\processors\renesas\hew\app_board\quad_relay_output\Debug_R8C_E8_SYSTEM\one_net_prand.r30 )
@ one_net_timer ( C:\HEWProj\Jun27\processors\renesas\hew\app_board\quad_relay_output\Debug_R8C_E8_SYSTEM\one_net_timer.r30 )
@ one_net_xtea ( C:\HEWProj\Jun27\processors\renesas\hew\app_board\quad_relay_output\Debug_R8C_E8_SYSTEM\one_net_xtea.r30 )
@ pal ( C:\HEWProj\Jun27\processors\renesas\hew\app_board\quad_relay_output\Debug_R8C_E8_SYSTEM\pal.r30 )
@ simple_output ( C:\HEWProj\Jun27\processors\renesas\hew\app_board\quad_relay_output\Debug_R8C_E8_SYSTEM\simple_output.r30 )
@ tick ( C:\HEWProj\Jun27\processors\renesas\hew\app_board\quad_relay_output\Debug_R8C_E8_SYSTEM\tick.r30 )
@ _i4modu ( C:\Renesas\NC30WA\V543R00\lib30\r8clib.lib )
@ _i4mulu ( C:\Renesas\NC30WA\V543R00\lib30\r8clib.lib )
@ nstrtol ( C:\Renesas\NC30WA\V543R00\lib30\r8clib.lib )
@ cdata ( C:\Renesas\NC30WA\V543R00\lib30\r8clib.lib )
@ errno ( C:\Renesas\NC30WA\V543R00\lib30\r8clib.lib )

*** Mapping List ***

SECTION                            START      END         SIZE   ALIGN

data_SE
                                  00000400  00000400         0   1
bss_SE
                                  00000400  00000400         0   2
data_SO
                                  00000400  00000400         0   1
bss_SO
                                  00000400  00000400         0   1
data_NE
                                  00000400  0000043f        40   2
bss_NE
                                  00000440  000004ad        6e   2
data_NO
                                  000004ae  000004e0        33   1
bss_NO
                                  000004e1  00000566        86   1
stack
                                  00000568  000006d7       170   2
rom_NE
                                  0000c000  0000c141       142   1
rom_NO
                                  0000c142  0000c242       101   1
data_SEI
                                  0000c244  0000c244         0   2
data_SOI
                                  0000c244  0000c244         0   1
data_NEI
                                  0000c244  0000c283        40   2
data_NOI
                                  0000c284  0000c2b6        33   1
program
                                  0000c2b8  0000fcf2      3a3b   2
interrupt
                                  0000fcf4  0000fd84        91   2
vector
                                  0000fedc  0000ffdb       100   1
fvector
                                  0000ffdc  0000ffff        24   1

*** Symbol List ***

SECTION=
FILE=                               START        END    SIZE
  SYMBOL                            ADDR        SIZE    INFO      COUNTS  OPT

SECTION=data_SE
FILE=ncrt0
                                  00000400  00000400         0
  __SB__
                                  00000400         0   none ,g         0

SECTION=data_NE
FILE=C:/HEWProj/Jun27/transceivers/adi/adi
                                  00000400  00000407         8
  _rx_rf_idx
                                  00000400         2   data ,g         0
  _rx_rf_count
                                  00000402         2   data ,g         0
  _tx_rf_len
                                  00000404         2   data ,g         0
  _tx_rf_idx
                                  00000406         2   data ,g         0

FILE=C:/HEWProj/Jun27/one_net/mac/one_net
                                  0000040a  0000040f         6
  _single_msg_ptr
                                  0000040a         2   data ,g         0
  _key_change_request_time
                                  0000040c         4   data ,g         0

FILE=C:/HEWProj/Jun27/one_net/app/one_net_message
                                  00000412  00000413         2
  _recipient_send_list_ptr
                                  00000412         2   data ,g         0

FILE=C:/HEWProj/Jun27/one_net/utility/one_net_timer
                                  00000418  00000439        22
  _timer
                                  00000418        1e   data ,g         0

FILE=C:/HEWProj/Jun27/processors/renesas/src/adi_io_boards/tick
                                  0000043a  0000043d         4
  _tick_count
                                  0000043a         4   data ,g         0

FILE=errno
                                  0000043e  0000043f         2
  _errno
                                  0000043e         0   none ,g         0

SECTION=bss_NE
FILE=C:/HEWProj/Jun27/transceivers/adi/adi
                                  00000440  00000441         2
  _tx_rf_data
                                  00000440         2   data ,g         0

FILE=C:/HEWProj/Jun27/one_net/mac/one_net
                                  00000442  0000048f        4e
  _pkt_hdlr
                                  00000442         c   data ,g         0
  _get_sender_info
                                  0000044e         4   data ,g         0
  _encoded_pkt_bytes
                                  00000452        3c   data ,g         0
  _expected_src_did
                                  0000048e         2   data ,g         0

FILE=C:/HEWProj/Jun27/one_net/app/one_net_message
                                  00000490  0000049d         e
  _recipient_send_list
                                  00000490         e   data ,g         0

FILE=C:/HEWProj/Jun27/one_net/mac/one_net_peer
                                  0000049e  000004ad        10
  _peer_storage
                                  0000049e        10   data ,g         0

SECTION=data_NO
FILE=ncrt0
                                  000004ae  000004ae         0
  _current_channel
                                  000004ae         1   data ,g         0

FILE=C:/HEWProj/Jun27/transceivers/adi/adi
                                  000004ae  000004b0         3
  _current_data_rate
                                  000004af         1   data ,g         0
  _bit_mask
                                  000004b0         1   data ,g         0

FILE=C:/HEWProj/Jun27/one_net/mac/one_net
                                  000004b1  000004dc        2c
  _response_txn
                                  000004b1         d   data ,g         0
  _single_txn
                                  000004be         d   data ,g         0
  _device_is_master
                                  000004cb         1   data ,g         0
  _invite_txn
                                  000004cd         d   data ,g         0
  _save
                                  000004db         1   data ,g         0
  _key_change_requested
                                  000004da         1   data ,g         0
  _on_state
                                  000004cc         1   data ,g         0

FILE=C:/HEWProj/Jun27/one_net/mac/one_net_client
                                  000004dd  000004df         3
  _client_joined_network
                                  000004dd         1   data ,g         0
  _client_looking_for_invite
                                  000004de         1   data ,g         0

FILE=C:/HEWProj/Jun27/one_net/app/one_net_message
                                  000004e0  000004e0         1
  _single_data_queue_size
                                  000004e0         1   data ,g         0

SECTION=bss_NO
FILE=C:/HEWProj/Jun27/one_net/mac/one_net
                                  000004e1  00000559        79
  _nv_param
                                  000004e1        37   data ,g         0
  _data_pkt_ptrs
                                  00000518         7   data ,g         0
  _response_pkt_ptrs
                                  0000051f         7   data ,g         0
  _single_msg
                                  00000526         d   data ,g         0
  _single_data_raw_pld
                                  00000533         5   data ,g         0
  _raw_payload_bytes
                                  00000538        21   data ,g         0
  _decrypt_using_current_key
                                  00000559         1   data ,g         0

FILE=C:/HEWProj/Jun27/one_net/mac/one_net_client
                                  0000055a  00000566         d
  _sending_dev_list
                                  0000055a         d   data ,g         0

SECTION=rom_NE
FILE=C:/HEWProj/Jun27/transceivers/adi/adi
                                  0000c000  0000c0af        b0
  _INIT_REG_VAL
                                  0000c000        24   data ,g         0
  _CHANNEL_SETTING
                                  0000c024        70   data ,g         0
  _DATA_RATE_SETTING
                                  0000c094        18   data ,g         0
  _BATTERY_THRESHOLD
                                  0000c0ac         2   data ,g         0
  _VOLTAGE_THRESHOLD
                                  0000c0ae         2   data ,g         0

FILE=C:/HEWProj/Jun27/one_net/mac/one_net
                                  0000c0b0  0000c0bd         e
  _HEADER
                                  0000c0ba         4   data ,g         0
  _ON_ENCODED_BROADCAST_DID
                                  0000c0b6         2   data ,g         0
  _ON_RAW_BROADCAST_DID
                                  0000c0b8         2   data ,g         0
  _MASTER_RAW_DID
                                  0000c0b2         2   data ,g         0
  _MASTER_ENCODED_DID
                                  0000c0b4         2   data ,g         0
  _on_base_param
                                  0000c0b0         2   data ,g         0

FILE=C:/HEWProj/Jun27/one_net/mac/one_net_client
                                  0000c0be  0000c0bf         2
  _master
                                  0000c0be         2   data ,g         0

FILE=C:/HEWProj/Jun27/one_net/app/one_net_features
                                  0000c120  0000c127         8
  _THIS_DEVICE_FEATURES
                                  0000c120         4   data ,g         0
  _FEATURES_UNKNOWN
                                  0000c124         4   data ,g         0

FILE=C:/HEWProj/Jun27/one_net/app/one_net_message
                                  0000c128  0000c129         2
  _NO_DESTINATION
                                  0000c128         2   data ,g         0

FILE=C:/HEWProj/Jun27/one_net/mac/one_net_peer
                                  0000c12a  0000c12b         2
  _peer
                                  0000c12a         2   data ,g         0

FILE=C:/HEWProj/Jun27/applications/simple_io_board/simple_output
                                  0000c130  0000c141        12
  _DEV_KEY
                                  0000c132        10   data ,g         0
  _ONE_NET_DEVICE_UNIT_TYPE
                                  0000c130         2   data ,g         0

SECTION=rom_NO
FILE=ncrt0
                                  0000c142  0000c142         0
  __ctype
                                  0000c142         0   none ,g         0

SECTION=program
FILE=C:/HEWProj/Jun27/transceivers/adi/adi
                                  0000c2b8  0000c62d       376
  _tal_init_transceiver
                                  0000c2b8        4a   func ,g         0
  _tal_enable_transceiver
                                  0000c310         0   func ,g         0
  _tal_disable_transceiver
                                  0000c310         0   func ,g         0
  _tal_channel_is_clear
                                  0000c302         f   func ,g         0
  $tal_write_packet
                                  0000c311        27   func ,g         0
  _tal_write_packet_done
                                  0000c338        19   func ,g         0
  $tal_read_bytes
                                  0000c351        4f   func ,g         0
  _tal_look_for_packet
                                  0000c3a0        9e   func ,g         0
  $tal_set_data_rate
                                  0000c43e        34   func ,g         0
  $tal_set_channel
                                  0000c472         e   func ,g         0
  _read_rssi
                                  0000c480        18   func ,g         0
  _read_battery
                                  0000c498         3   func ,g         0
  _read_adc
                                  0000c49b        23   func ,g         0
  _read_revision
                                  0000c4be         3   func ,g         0

FILE=C:/HEWProj/Jun27/processors/renesas/src/common/client_port_specific
                                  0000c62e  0000c784       157
  $read_param
                                  0000c62e        54   func ,g         0
  _clr_flash
                                  0000c682         e   func ,g         0
  _flash_erase_check
                                  0000c690        4a   func ,g         0
  _one_net_client_save_settings
                                  0000c6da        ab   func ,g         0

FILE=C:/HEWProj/Jun27/processors/renesas/src/r8c1/flash
                                  0000c785  0000c86e        ea
  $write_data_flash
                                  0000c785        71   func ,g         0
  $erase_data_flash
                                  0000c7f6        44   func ,g         0
  _enable_df_write
                                  0000c83a        1c   func ,g         0
  _disable_df_write
                                  0000c856         7   func ,g         0
  $clr_status_reg
                                  0000c85d        12   func ,g         0

FILE=C:/HEWProj/Jun27/processors/renesas/src/adi_io_boards/hal_adi
                                  0000c86f  0000c91a        ac
  _tal_init_ports
                                  0000c86f        15   func ,g         0
  $init_rf_interrupts
                                  0000c884        29   func ,g         0
  _tx_bit_isr
                                  0000c8ad        2c   func ,g         0
  _dataclk_isr
                                  0000c8d9        42   func ,g         0

FILE=C:/HEWProj/Jun27/processors/renesas/src/adi_io_boards/led_hal
                                  0000c91b  0000c923         9
  _hal_init_ports_leds
                                  0000c91b         9   func ,g         0

FILE=C:/HEWProj/Jun27/one_net/mac/one_net
                                  0000c924  0000db20      11fd
  $on_parse_response_pkt
                                  0000c924        87   func ,g         0
  $on_build_response_pkt
                                  0000c9ab       1c0   func ,g         0
  $on_build_data_pkt
                                  0000cb6b        bc   func ,g         0
  $on_build_pkt_addresses
                                  0000cc27        7a   func ,g         0
  $on_build_my_pkt_addresses
                                  0000cca1        38   func ,g         0
  $on_complete_pkt_build
                                  0000ccd9        6a   func ,g         0
  $calculate_msg_crc
                                  0000cd43        22   func ,g         0
  $verify_msg_crc
                                  0000cd65        2e   func ,g         0
  $verify_payload_crc
                                  0000cd93        3c   func ,g         0
  $setup_pkt_ptr
                                  0000cdcf        73   func ,g         0
  $on_encrypt
                                  0000ce42        63   func ,g         0
  $on_decrypt
                                  0000cea5        5a   func ,g         0
  _one_net_init
                                  0000ceff        12   func ,g         0
  $one_net
                                  0000cf11       51d   func ,g         0
  $rx_single_data
                                  0000d5d3       217   func ,g         0
  $on_rx_packet
                                  0000d7ea       237   func ,g         0
  _reset_msg_ids
                                  0000da21        48   func ,g         0
  $new_key_fragment
                                  0000da69        79   func ,g         0
  $one_net_reject_bad_msg_id
                                  0000dae2        1d   func ,g         0

FILE=C:/HEWProj/Jun27/one_net/app/one_net_acknowledge
                                  0000db21  0000db29         9
  $nack_reason_is_fatal
                                  0000db21         9   func ,g         0

FILE=C:/HEWProj/Jun27/one_net/app/one_net_application
                                  0000db2a  0000dc9c       173
  $on_encoded_did_equal
                                  0000db2a        1d   func ,g         0
  $on_encoded_nid_equal
                                  0000db47        1d   func ,g         0
  $is_my_nid
                                  0000db64         8   func ,g         0
  $is_master_did
                                  0000db6c         6   func ,g         0
  $is_my_did
                                  0000db72         a   func ,g         0
  $is_broadcast_did
                                  0000db7c         6   func ,g         0
  $on_parse_app_pld
                                  0000db82        98   func ,g         0
  $put_payload_msg_type
                                  0000dc1a        10   func ,g         0
  $put_dst_unit
                                  0000dc2a         e   func ,g         0
  $put_msg_hdr
                                  0000dc38        19   func ,g         0
  $put_msg_data
                                  0000dc51        3b   func ,g         0
  $put_payload_msg_id
                                  0000dc8c        11   func ,g         0

FILE=C:/HEWProj/Jun27/one_net/mac/one_net_client
                                  0000dc9d  0000e7e3       b47
  $one_net_client_look_for_invite
                                  0000dc9d        cc   func ,g         0
  $one_net_client_init
                                  0000dd69        6e   func ,g         0
  _one_net_client
                                  0000ddd7       11d   func ,g         0
  $client_nv_crc
                                  0000def4        5f   func ,g         0

FILE=C:/HEWProj/Jun27/one_net/utility/one_net_crc
                                  0000e7e4  0000e862        7f
  $one_net_compute_crc
                                  0000e7e4        7f   func ,g         0

FILE=C:/HEWProj/Jun27/one_net/utility/one_net_encode
                                  0000e863  0000ea21       1bf
  $encoded_to_decoded_byte
                                  0000e863        28   func ,g         0
  $decoded_to_encoded_byte
                                  0000e88b        1a   func ,g         0
  $on_encode
                                  0000e8a5        b1   func ,g         0
  $on_decode
                                  0000e956        cc   func ,g         0

FILE=C:/HEWProj/Jun27/one_net/app/one_net_features
                                  0000ea22  0000ea4a        29
  _features_known
                                  0000ea22        1e   func ,g         0
  _features_device_sleeps
                                  0000ea40         b   func ,g         0

FILE=C:/HEWProj/Jun27/one_net/utility/one_net_led
                                  0000ea4b  0000eb5a       110
  $rx_led_blink
                                  0000ea4b        36   func ,g         0
  $tx_led_blink
                                  0000ea81        36   func ,g         0
  $tx_and_rx_led_blink
                                  0000eab7        36   func ,g         0
  $startup_status_led_blink
                                  0000eaed        41   func ,g         0
  _initialize_leds
                                  0000eb2e         7   func ,g         0
  $set_tx_led
                                  0000eb35         e   func ,g         0
  _toggle_tx_led
                                  0000eb43         5   func ,g         0
  $set_rx_led
                                  0000eb48         e   func ,g         0
  _toggle_rx_led
                                  0000eb56         5   func ,g         0

FILE=C:/HEWProj/Jun27/one_net/app/one_net_message
                                  0000eb5b  0000edcd       273
  _empty_queue
                                  0000eb5b         8   func ,g         0
  $push_queue_element
                                  0000eb63        a5   func ,g         0
  _pop_queue_element
                                  0000ec08         e   func ,g         0
  _single_data_queue_ready_to_send
                                  0000ec16         9   func ,g         0
  $must_send_to_master
                                  0000ec1f        41   func ,g         0
  $clear_recipient_list
                                  0000ec60         8   func ,g         0
  $did_and_unit_equal
                                  0000ec68        24   func ,g         0
  $remove_recipient_from_recipient_list
                                  0000ec8c        72   func ,g         0
  $add_recipient_to_recipient_list
                                  0000ecfe        6a   func ,g         0
  $load_next_recipient
                                  0000ed68        64   func ,g         0
  $device_should_stay_awake
                                  0000edcc         2   func ,g         0

FILE=C:/HEWProj/Jun27/one_net/app/one_net_packet
                                  0000edce  0000ef78       1ab
  $get_encoded_payload_len
                                  0000edce        18   func ,g         0
  $get_raw_payload_len
                                  0000ede6        15   func ,g         0
  $get_num_payload_blocks
                                  0000edfb        1e   func ,g         0
  $get_encoded_packet_len
                                  0000ee19        18   func ,g         0
  $set_ack_or_nack_pid
                                  0000ee31        33   func ,g         0
  $packet_is_data
                                  0000ee64         8   func ,g         0
  $packet_is_nack
                                  0000ee6c         4   func ,g         0
  $packet_is_ack
                                  0000ee70         a   func ,g         0
  $get_single_response_pid
                                  0000ee7a        5b   func ,g         0
  $packet_length_is_valid
                                  0000eed5        38   func ,g         0
  $get_default_num_blocks
                                  0000ef0d        1e   func ,g         0
  $get_raw_pid
                                  0000ef2b        2d   func ,g         0
  $put_raw_pid
                                  0000ef58        21   func ,g         0

FILE=C:/HEWProj/Jun27/one_net/mac/one_net_peer
                                  0000ef79  0000f135       1bd
  _one_net_reset_peers
                                  0000ef79        2d   func ,g         0
  $add_peers_to_recipient_list
                                  0000efa6        6e   func ,g         0
  $one_net_add_peer_to_list
                                  0000f014        85   func ,g         0
  $one_net_remove_peer_from_list
                                  0000f099        9d   func ,g         0

FILE=C:/HEWProj/Jun27/processors/renesas/src/common/one_net_port_specific
                                  0000f136  0000f315       1e0
  $one_net_memmove
                                  0000f136        7d   func ,g         0
  $one_net_memset
                                  0000f1b3        35   func ,g         0
  $one_net_memset_block
                                  0000f1e8        46   func ,g         0
  $one_net_memcmp
                                  0000f22e        3d   func ,g         0
  $one_net_byte_stream_to_int16
                                  0000f26b        13   func ,g         0
  $one_net_int16_to_byte_stream
                                  0000f27e         c   func ,g         0
  $one_net_byte_stream_to_int32
                                  0000f28a        45   func ,g         0
  $one_net_int32_to_byte_stream
                                  0000f2cf        16   func ,g         0
  $did_to_u16
                                  0000f2e5         6   func ,g         0
  $u16_to_did
                                  0000f2eb        1e   func ,g         0
  $one_net_strtol
                                  0000f309         d   func ,g         0

FILE=C:/HEWProj/Jun27/one_net/utility/one_net_prand
                                  0000f316  0000f35f        4a
  _one_net_prand
                                  0000f316        4a   func ,g         0

FILE=C:/HEWProj/Jun27/one_net/utility/one_net_timer
                                  0000f360  0000f526       1c7
  $ont_set_timer
                                  0000f360        29   func ,g         0
  $ont_get_timer
                                  0000f389        30   func ,g         0
  $ont_stop_timer
                                  0000f3b9        1b   func ,g         0
  $ont_active
                                  0000f3d4        11   func ,g         0
  $ont_expired
                                  0000f3e5        48   func ,g         0
  $ont_inactive_or_expired
                                  0000f42d        36   func ,g         0
  $pause_timer
                                  0000f4fd        15   func ,g         0
  $unpause_timer
                                  0000f512        15   func ,g         0

FILE=C:/HEWProj/Jun27/one_net/utility/one_net_xtea
                                  0000f527  0000f6e9       1c3
  $one_net_xtea_encipher
                                  0000f527       141   func ,g         0
  $one_net_xtea_decipher
                                  0000f668        82   func ,g         0

FILE=C:/HEWProj/Jun27/processors/renesas/src/adi_io_boards/pal
                                  0000f6ea  0000f74d        64
  _pal_init_ports
                                  0000f6ea        11   func ,g         0
  _init_ports_leds
                                  0000f6fb         9   func ,g         0
  _high_speed_mode
                                  0000f704        26   func ,g         0
  _low_speed_mode
                                  0000f72a        11   func ,g         0
  $pal_init_processor
                                  0000f73b         8   func ,g         0
  _processor_sleep
                                  0000f6fa         0   func ,g         0
  _pal_disable_global_interrupts
                                  0000f743         3   func ,g         0
  _pal_enable_global_interrupts
                                  0000f746         3   func ,g         0
  _pal_exit
                                  0000f749         5   func ,g         0

FILE=C:/HEWProj/Jun27/applications/simple_io_board/simple_output
                                  0000f74e  0000f9b4       267
  $one_net_client_invite_result
                                  0000f8c1         0   func ,g         0
  $eval_handle_single
                                  0000f74e       162   func ,g         0
  $eval_single_txn_status
                                  0000f8c1         0   func ,g         0
  _one_net_client_client_remove_device
                                  0000f8b0         a   func ,g         0
  $one_net_client_reset_client
                                  0000f8ba         3   func ,g         0
  _one_net_client_get_invite_key
                                  0000f8bd         5   func ,g         0
  $one_net_client_client_removed
                                  0000f8c1         0   func ,g         0
  $one_net_client_client_added
                                  0000f8c1         0   func ,g         0
  $eval_handle_ack_nack_response
                                  0000f8c2         3   func ,g         0
  _main
                                  0000f94f        66   func ,g         0

FILE=C:/HEWProj/Jun27/processors/renesas/src/adi_io_boards/tick
                                  0000f9b5  0000fa59        a5
  _init_tick
                                  0000f9b5        1a   func ,g         0
  _enable_tick_timer
                                  0000f9cf         5   func ,g         0
  _get_tick_count
                                  0000f9d4         9   func ,g         0
  _polled_tick_update
                                  0000f9dd        13   func ,g         0
  $delay_ms
                                  0000f9f0        21   func ,g         0
  $delay_100s_us
                                  0000fa11        17   func ,g         0
  _ms_to_tick
                                  0000fa28         b   func ,g         0
  _tick_to_ms
                                  0000fa33         b   func ,g         0
  _update_tick_count
                                  0000fa3e         f   func ,g         0
  _tick_timer_isr
                                  0000fa4d         d   func ,g         0

FILE=_i4modu
                                  0000fa5a  0000faa4        4b
  __i4modU
                                  0000fa5a        4b   func ,g         0

FILE=_i4mulu
                                  0000faa6  0000fac1        1c
  __i4mulU
                                  0000faa6        1c   func ,g         0

FILE=nstrtol
                                  0000fac2  0000fcf2       231
  $_n_n_strtol
                                  0000fac2       231   func ,g         0

SECTION=interrupt
FILE=ncrt0
                                  0000fcf4  0000fd84        91
  $exit
                                  0000fd82         0   none ,g         0
  _exit
                                  0000fd82         0   none ,g         0
  dummy_int
                                  0000fd84         0   none ,g         0

